<?xml version="1.0" encoding="utf-8"?><testsuites name="pytest tests"><testsuite name="pytest" errors="0" failures="0" skipped="15" tests="2651" time="688.976" timestamp="2026-08-13T14:11:05.266067+02:00" hostname="hetztop"><testcase classname="tests.nanopynix.rpc.client.test_workerpool" name="test_worker_death_detection" time="1.896" /><testcase classname="tests.nanopynix.rpc.client.test_workerpool" name="test_a_killed_worker_fails_the_call_that_was_in_flight" time="2.259" /><testcase classname="tests.nanopynix.rpc.client.test_workerpool" name="test_a_killed_worker_still_lets_the_eval_session_close" time="1.908" /><testcase classname="tests.nanopynix.rpc.client.test_workerpool" name="test_a_fresh_session_works_after_a_worker_died" time="3.525" /><testcase classname="tests.nanopynix.rpc.client.test_workerpool" name="test_an_aborted_worker_reports_its_signal" time="2.913" /><testcase classname="tests.nanopynix.rpc.client.test_workerpool" name="test_an_abort_nobody_was_waiting_for_fails_the_close" time="2.711" /><testcase classname="tests.nanopynix.test_examples" name="test_example_runs[eval_example.py]" time="1.959" /><testcase classname="tests.nanopynix.test_examples" name="test_example_runs[flake_example.py]" time="2.095" /><testcase classname="tests.nanopynix.test_examples" name="test_example_runs[hello_example.py]" time="1.959" /><testcase classname="tests.nanopynix.test_examples" name="test_example_runs[inproc_example.py]" time="0.203" /><testcase classname="tests.nanopynix.test_examples" name="test_example_runs[primops_example.py]" time="1.912" /><testcase classname="tests.nanopynix.test_examples" name="test_example_runs[quickstart_example.py]" time="1.833" /><testcase classname="tests.nanopynix.test_examples" name="test_example_runs[settings_example.py]" time="5.505" /><testcase classname="tests.nanopynix.test_examples" name="test_example_runs[store_example.py]" time="2.058" /><testcase classname="tests.nanopynix.test_examples" name="test_example_runs[stores_example.py]" time="1.859" /><testcase classname="tests.gates.test_static_gates" name="test_static_gate[ruff]" time="0.109"><skipped type="pytest.xfail" message="the static-checks job of CI is the gate; this run is the local signal" /></testcase><testcase classname="tests.gates.test_static_gates" name="test_static_gate[ruff-strict]" time="0.108"><skipped type="pytest.xfail" message="the static-checks job of CI is the gate; this run is the local signal" /></testcase><testcase classname="tests.gates.test_static_gates" name="test_static_gate[pyright]" time="15.082"><skipped type="pytest.xfail" message="the static-checks job of CI is the gate; this run is the local signal" /></testcase><testcase classname="tests.gates.test_static_gates" name="test_static_gate[shellcheck]" time="0.002"><skipped type="pytest.skip" message="shellcheck is not on PATH, which is expected under the packaged runner">/nix/store/0bq4f419773h3pfbcyffxp9jwqmhmg9g-nanopynix-source/tests/gates/test_static_gates.py:75: shellcheck is not on PATH, which is expected under the packaged runner</skipped></testcase><testcase classname="tests.harness.test_lsp_driver_settle" name="test_settle_waits_for_a_pending_warm_task[local]" time="1.878" /><testcase classname="tests.nanopynix.bindings.test_expr.TestEvalString" name="test_eval_int[local]" time="0.017" /><testcase classname="tests.nanopynix.bindings.test_expr.TestEvalString" name="test_eval_float[local]" time="0.001" /><testcase classname="tests.nanopynix.bindings.test_expr.TestEvalString" name="test_eval_bool_true[local]" time="0.001" /><testcase classname="tests.nanopynix.bindings.test_expr.TestEvalString" name="test_eval_bool_false[local]" time="0.001" /><testcase classname="tests.nanopynix.bindings.test_expr.TestEvalString" name="test_eval_string[local]" time="0.001" /><testcase classname="tests.nanopynix.bindings.test_expr.TestEvalString" name="test_eval_null[local]" time="0.001" /><testcase classname="tests.nanopynix.bindings.test_expr.TestEvalString" name="test_eval_nested_string_interpolation[local]" time="0.001" /><testcase classname="tests.nanopynix.bindings.test_expr.TestEvalString" name="test_value_keeps_eval_state_alive[local]" time="0.171" /><testcase classname="tests.nanopynix.bindings.test_expr.TestEvalString" name="test_a_selected_value_keeps_the_eval_state_alive_without_its_parent[local]" time="0.165" /><testcase classname="tests.nanopynix.bindings.test_expr.TestEvalAttrs" name="test_eval_simple_attrs[local]" time="0.001" /><testcase classname="tests.nanopynix.bindings.test_expr.TestEvalAttrs" name="test_attr_get[local]" time="0.001" /><testcase classname="tests.nanopynix.bindings.test_expr.TestEvalAttrs" name="test_attr_get_missing_raises[local]" time="0.001" /><testcase classname="tests.nanopynix.bindings.test_expr.TestEvalAttrs" name="test_attr_get_on_non_attrs_raises[local]" time="0.001" /><testcase classname="tests.nanopynix.bindings.test_expr.TestEvalList" name="test_eval_list[local]" time="0.001" /><testcase classname="tests.nanopynix.bindings.test_expr.TestEvalList" name="test_list_get[local]" time="0.001" /><testcase classname="tests.nanopynix.bindings.test_expr.TestEvalList" name="test_list_get_out_of_range_raises[local]" time="0.001" /><testcase classname="tests.nanopynix.bindings.test_expr.TestEvalList" name="test_list_nested[local]" time="0.001" /><testcase classname="tests.nanopynix.bindings.test_expr.TestToPython" name="test_int[local]" time="0.001" /><testcase classname="tests.nanopynix.bindings.test_expr.TestToPython" name="test_float[local]" time="0.001" /><testcase classname="tests.nanopynix.bindings.test_expr.TestToPython" name="test_bool[local]" time="0.001" /><testcase classname="tests.nanopynix.bindings.test_expr.TestToPython" name="test_string[local]" time="0.001" /><testcase classname="tests.nanopynix.bindings.test_expr.TestToPython" name="test_null[local]" time="0.001" /><testcase classname="tests.nanopynix.bindings.test_expr.TestToPython" name="test_list[local]" time="0.001" /><testcase classname="tests.nanopynix.bindings.test_expr.TestToPython" name="test_attrs_to_dict[local]" time="0.001" /><testcase classname="tests.nanopynix.bindings.test_expr.TestToPython" name="test_nested_attrs[local]" time="0.001" /><testcase classname="tests.nanopynix.bindings.test_expr.TestCall" name="test_call_function[local]" time="0.001" /><testcase classname="tests.nanopynix.bindings.test_expr.TestCall" name="test_call_multi_arg[local]" time="0.001" /><testcase classname="tests.nanopynix.bindings.test_expr.TestCall" name="test_call_with_attrs[local]" time="0.001" /><testcase classname="tests.nanopynix.bindings.test_expr.TestValueTypes" name="test_is_methods_int[local]" time="0.001" /><testcase classname="tests.nanopynix.bindings.test_expr.TestValueTypes" name="test_is_methods_float[local]" time="0.001" /><testcase classname="tests.nanopynix.bindings.test_expr.TestValueTypes" name="test_is_methods_bool[local]" time="0.001" /><testcase classname="tests.nanopynix.bindings.test_expr.TestValueTypes" name="test_is_methods_string[local]" time="0.001" /><testcase classname="tests.nanopynix.bindings.test_expr.TestValueTypes" name="test_is_methods_attrs[local]" time="0.001" /><testcase classname="tests.nanopynix.bindings.test_expr.TestValueTypes" name="test_is_methods_list[local]" time="0.001" /><testcase classname="tests.nanopynix.bindings.test_expr.TestValueTypes" name="test_is_methods_function[local]" time="0.001" /><testcase classname="tests.nanopynix.bindings.test_expr.TestValueTypes" name="test_is_methods_null[local]" time="0.001" /><testcase classname="tests.nanopynix.bindings.test_expr.TestForce" name="test_force[local]" time="0.001" /><testcase classname="tests.nanopynix.bindings.test_expr.TestForce" name="test_force_deep[local]" time="0.001" /><testcase classname="tests.nanopynix.bindings.test_expr.TestEvalFile" name="test_eval_file_simple[local]" time="0.001" /><testcase classname="tests.nanopynix.bindings.test_expr.TestAllocValue" name="test_alloc_value[local]" time="0.001" /><testcase classname="tests.nanopynix.bindings.test_expr.TestThreadConfinement" name="test_a_foreign_thread_cannot_read_a_value[local]" time="0.002" /><testcase classname="tests.nanopynix.bindings.test_expr.TestThreadConfinement" name="test_every_accessor_refuses_a_foreign_thread[local-type]" time="0.001" /><testcase classname="tests.nanopynix.bindings.test_expr.TestThreadConfinement" name="test_a_foreign_thread_cannot_drive_the_eval_state[local]" time="0.001" /><testcase classname="tests.nanopynix.bindings.test_expr.TestThreadConfinement" name="test_the_owner_is_the_building_thread_and_not_the_main_thread[local]" time="0.002" /><testcase classname="tests.nanopynix.bindings.test_expr.TestThreadConfinement" name="test_a_value_dropped_on_a_foreign_thread_still_frees_its_root[local]" time="0.159" /><testcase classname="tests.nanopynix.bindings.test_expr.TestEvaluatorThreadRegistration" name="test_a_stale_registration_is_taken_over_and_removed[local]" time="0.001" /><testcase classname="tests.nanopynix.bindings.test_expr.TestEvaluatorThreadRegistration" name="test_the_collector_has_an_owner_thread[local]" time="0.001" /><testcase classname="tests.nanopynix.bindings.test_expr.TestEvaluatorThreadRegistration" name="test_the_main_thread_does_not_own_the_collector[local]" time="0.001" /><testcase classname="tests.nanopynix.bindings.test_expr.TestEvaluatorThreadRegistration" name="test_the_thread_that_builds_an_evaluator_is_registered[local]" time="0.001" /><testcase classname="tests.nanopynix.bindings.test_expr.TestEvaluatorThreadRegistration" name="test_a_plain_thread_is_not_registered[local]" time="0.001" /><testcase classname="tests.nanopynix.bindings.test_fetchers.TestInputFingerprint" name="test_get_fingerprint[local]" time="0.001" /><testcase classname="tests.nanopynix.bindings.test_flake.TestLockFlake" name="test_lock_flake_nixpkgs[local]" time="0.008" /><testcase classname="tests.nanopynix.bindings.test_flake.TestLockFlake" name="test_find_input_answers_none_for_a_flake_with_no_inputs[local]" time="0.005" /><testcase classname="tests.nanopynix.bindings.test_flake.TestLockFlake" name="test_find_input_answers_none_for_the_root[local]" time="0.004" /><testcase classname="tests.nanopynix.bindings.test_flake.TestLockFlake" name="test_lock_flake_repr[local]" time="0.005" /><testcase classname="tests.nanopynix.bindings.test_flake.TestLockFlake" name="test_lock_flake_accepts_flake_settings[local]" time="0.004" /><testcase classname="tests.nanopynix.bindings.test_flake.TestLockFlake" name="test_lock_flake_rejects_unknown_flake_setting[local]" time="0.004" /><testcase classname="tests.nanopynix.bindings.test_flake.TestGitFetcherSettings" name="test_a_clean_git_flake_locks[local]" time="0.009" /><testcase classname="tests.nanopynix.bindings.test_flake.TestGitFetcherSettings" name="test_the_evaluator_refuses_a_dirty_tree_when_allow_dirty_is_off[local]" time="0.005" /><testcase classname="tests.nanopynix.bindings.test_flake.TestGitFetcherSettings" name="test_the_evaluator_accepts_a_dirty_tree_when_allow_dirty_is_on[local]" time="0.008" /><testcase classname="tests.nanopynix.bindings.test_flake.TestGetFlake" name="test_get_flake[local]" time="0.004" /><testcase classname="tests.nanopynix.bindings.test_flake.TestCallFlake" name="test_call_flake[local]" time="0.011" /><testcase classname="tests.nanopynix.bindings.test_flake.TestEvalFlake" name="test_eval_flake[local]" time="0.008" /><testcase classname="tests.nanopynix.bindings.test_flake.TestEvalFlake" name="test_eval_flake_writes_lock_file[local]" time="0.029" /><testcase classname="tests.nanopynix.bindings.test_flake.TestEvalFlake" name="test_eval_flake_no_write_lock_file[local]" time="0.006" /><testcase classname="tests.nanopynix.bindings.test_flake.TestWriteLockFile" name="test_write_lock_file[local]" time="0.010" /><testcase classname="tests.nanopynix.bindings.test_l1_store_bindings.TestStore" name="test_store_dir[local]" time="0.001" /><testcase classname="tests.nanopynix.bindings.test_l1_store_bindings.TestStore" name="test_uri[local]" time="0.001" /><testcase classname="tests.nanopynix.bindings.test_l1_store_bindings.TestStore" name="test_is_valid_path_valid[local]" time="0.002" /><testcase classname="tests.nanopynix.bindings.test_l1_store_bindings.TestStore" name="test_is_valid_path_invalid[local]" time="0.001" /><testcase classname="tests.nanopynix.bindings.test_l1_store_bindings.TestStore" name="test_parse_store_path[local]" time="0.001" /><testcase classname="tests.nanopynix.bindings.test_l1_store_bindings.TestStore" name="test_build_paths_with_results_already_valid[local]" time="0.001" /><testcase classname="tests.nanopynix.bindings.test_l1_store_bindings.TestStore" name="test_build_paths_with_results_bogus[local]" time="0.009" /><testcase classname="tests.nanopynix.bindings.test_l1_store_bindings.TestStore" name="test_a_non_derivation_is_reported_as_an_opaque_request[local]" time="0.001" /><testcase classname="tests.nanopynix.bindings.test_l1_store_bindings.TestStore" name="test_a_bare_derivation_is_opaque_here_and_selects_no_outputs[local]" time="0.001" /><testcase classname="tests.nanopynix.bindings.test_l1_store_bindings.TestStore" name="test_a_derivation_with_an_explicit_selector_is_reported_as_all_outputs[local]" time="0.001" /><testcase classname="tests.nanopynix.bindings.test_l1_store_bindings.TestStore" name="test_query_path_info[local]" time="0.001" /><testcase classname="tests.nanopynix.bindings.test_l1_store_bindings.TestStore" name="test_query_path_from_hash_part[local]" time="0.001" /><testcase classname="tests.nanopynix.bindings.test_l1_store_bindings.TestStore" name="test_compute_fs_closure[local]" time="0.001" /><testcase classname="tests.nanopynix.bindings.test_l1_store_bindings.TestStore" name="test_query_derivation_outputs[local]" time="0.001" /><testcase classname="tests.nanopynix.bindings.test_l1_store_bindings.TestStore" name="test_query_all_valid_paths[local]" time="0.001" /><testcase classname="tests.nanopynix.bindings.test_l1_store_bindings.TestStore" name="test_query_referrers[local]" time="0.001" /><testcase classname="tests.nanopynix.bindings.test_l1_store_bindings.TestStore" name="test_add_temp_root[local]" time="0.001" /><testcase classname="tests.nanopynix.bindings.test_l1_store_bindings.TestStore" name="test_add_perm_root_and_indirect_root[local]" time="0.002" /><testcase classname="tests.nanopynix.bindings.test_l1_store_bindings.TestStore" name="test_ensure_path[local]" time="0.001" /><testcase classname="tests.nanopynix.bindings.test_l1_store_bindings.TestStore" name="test_copy_closure[local]" time="0.015" /><testcase classname="tests.nanopynix.bindings.test_l1_store_bindings.TestBuildResult" name="test_success_repr[local]" time="0.001" /><testcase classname="tests.nanopynix.bindings.test_l1_store_bindings.TestPathInfo" name="test_repr[local]" time="0.001" /><testcase classname="tests.nanopynix.bindings.test_l1_store_bindings.TestPathInfo" name="test_registration_time[local]" time="0.001" /><testcase classname="tests.nanopynix.bindings.test_l1_store_bindings.TestPathInfo" name="test_deriver[local]" time="0.001" /><testcase classname="tests.nanopynix.bindings.test_python_store_path_info" name="test_real_path_info_round_trips_through_a_python_store[local]" time="0.001" /><testcase classname="tests.nanopynix.bindings.test_python_store_path_info.TestUnderlyingStoreFallthrough" name="test_opening_a_store_with_an_underlying_store_works_at_all[local]" time="0.001" /><testcase classname="tests.nanopynix.bindings.test_python_store_path_info.TestUnderlyingStoreFallthrough" name="test_unimplemented_methods_reach_the_underlying_store[local]" time="0.001" /><testcase classname="tests.nanopynix.bindings.test_python_store_path_info.TestUnderlyingStoreFallthrough" name="test_an_implemented_method_wins_over_the_underlying_store[local]" time="0.001" /><testcase classname="tests.nanopynix.bindings.test_python_store_path_info.TestUnderlyingStoreFallthrough" name="test_underlying_store_may_be_set_per_instance[local]" time="0.001" /><testcase classname="tests.nanopynix.bindings.test_python_store_path_info.TestUnderlyingStoreFallthrough" name="test_the_deferring_queries_still_delegate[local]" time="0.001" /><testcase classname="tests.nanopynix.bindings.test_python_store_path_info.TestTheWholeDispatchableInterface" name="test_an_implemented_operation_is_not_second_guessed_by_underlying[local]" time="0.001" /><testcase classname="tests.nanopynix.bindings.test_python_store_path_info.TestReadDerivationIsServedByNixSOwnParser" name="test_a_store_that_does_not_implement_it_answers_as_its_underlying_one[local]" time="0.002" /><testcase classname="tests.nanopynix.bindings.test_python_store_path_info.TestEveryOperationDelegates" name="test_the_answer_is_the_underlying_store_s_answer[local-add_temp_root]" time="0.001" /><testcase classname="tests.nanopynix.bindings.test_store_empty_path" name="test_empty_path_raises_instead_of_aborting[local-add_perm_root]" time="0.011" /><testcase classname="tests.nanopynix.bindings.test_store_empty_path" name="test_other_malformed_paths_keep_their_original_error_type[local-x-BadStorePathError]" time="0.005" /><testcase classname="tests.nanopynix.bindings.test_store_empty_path" name="test_the_guard_lives_in_cpp_not_in_the_python_wrapper[local]" time="0.004" /><testcase classname="tests.nanopynix.bindings.test_value_accessor_types" name="test_accessor_on_the_wrong_type_raises_instead_of_crashing[local-42]" time="0.011" /><testcase classname="tests.nanopynix.bindings.test_value_accessor_types" name="test_accessor_on_the_right_type_still_works[local-int]" time="0.007" /><testcase classname="tests.nanopynix.bindings.test_value_accessor_types" name="test_accessors_force_a_thunk_first[local]" time="0.007" /><testcase classname="tests.nanopynix.bindings.test_value_accessor_types" name="test_an_int_read_as_a_string_names_both_types[local]" time="0.007" /><testcase classname="tests.nanopynix.core.test_extract" name="test_path_info_from_real_path[local]" time="0.001" /><testcase classname="tests.nanopynix.core.test_extract" name="test_path_info_deriver_none[local]" time="0.001" /><testcase classname="tests.nanopynix.core.test_extract" name="test_missing_info_shape[local]" time="0.001" /><testcase classname="tests.nanopynix.core.test_extract" name="test_locked_flake_shape[local]" time="0.010" /><testcase classname="tests.nanopynix.inproc.test_inproc" name="test_inproc_yaml_primops[local]" time="0.010" /><testcase classname="tests.nanopynix.inproc.test_inproc" name="test_inproc_eval_value_navigation[local]" time="0.010" /><testcase classname="tests.nanopynix.inproc.test_inproc" name="test_inproc_value_autocall_and_realise_argv[local]" time="0.008" /><testcase classname="tests.nanopynix.inproc.test_inproc" name="test_inproc_repl_supports_shared_protocol_operations[local]" time="0.011" /><testcase classname="tests.nanopynix.inproc.test_inproc" name="test_inproc_allows_concurrent_eval_states_on_one_store[local]" time="0.008" /><testcase classname="tests.nanopynix.inproc.test_inproc" name="test_inproc_concurrent_eval_sessions_have_independent_pure_eval[local]" time="0.009" /><testcase classname="tests.nanopynix.inproc.test_inproc" name="test_inproc_value_rejects_use_after_eval_close[local]" time="0.010" /><testcase classname="tests.nanopynix.inproc.test_inproc" name="test_inproc_value_context_manager_releases_rooted_value[local]" time="0.007" /><testcase classname="tests.nanopynix.inproc.test_inproc" name="test_a_collected_value_releases_its_nix_root[local]" time="0.173" /><testcase classname="tests.nanopynix.inproc.test_inproc" name="test_the_collector_owner_thread_outlives_the_session[local]" time="0.008" /><testcase classname="tests.nanopynix.inproc.test_inproc" name="test_a_collected_value_gives_its_root_back_to_the_collector[local]" time="0.180" /><testcase classname="tests.nanopynix.inproc.test_inproc" name="test_a_dropped_parent_gives_its_root_back_while_a_child_lives[local]" time="0.297" /><testcase classname="tests.nanopynix.inproc.test_inproc" name="test_a_value_the_caller_still_holds_survives_a_collection[local]" time="0.186" /><testcase classname="tests.nanopynix.inproc.test_inproc" name="test_inproc_eval_close_releases_values_left_open[local]" time="0.008" /><testcase classname="tests.nanopynix.inproc.test_inproc" name="test_inproc_eval_state_can_be_closed_and_reopened[local]" time="0.010" /><testcase classname="tests.nanopynix.inproc.test_inproc" name="test_inproc_store_cannot_close_while_its_eval_state_is_open[local]" time="0.008" /><testcase classname="tests.nanopynix.inproc.test_inproc" name="test_inproc_locked_flake_facade[local]" time="0.028" /><testcase classname="tests.nanopynix.inproc.test_inproc" name="test_inproc_store_query_missing[local]" time="0.006" /><testcase classname="tests.nanopynix.inproc.test_inproc" name="test_inproc_store_read_derivation[local]" time="0.009" /><testcase classname="tests.nanopynix.inproc.test_inproc" name="test_inproc_store_collect_garbage_return_dead[local]" time="0.035" /><testcase classname="tests.nanopynix.inproc.test_inproc" name="test_inproc_add_perm_root_makes_a_symlink_into_the_store[local]" time="0.202" /><testcase classname="tests.nanopynix.inproc.test_inproc" name="test_inproc_perm_root_appears_in_find_roots[local]" time="0.000"><skipped type="pytest.skip" message="findRoots/collectGarbage crash on nonnumeric temproots filenames; https://github.com/NixOS/nix/issues/16138; unsupported on Nix 2.34">/nix/store/0bq4f419773h3pfbcyffxp9jwqmhmg9g-nanopynix-source/tests/nanopynix/inproc/test_inproc.py:506: findRoots/collectGarbage crash on nonnumeric temproots filenames; https://github.com/NixOS/nix/issues/16138; unsupported on Nix 2.34</skipped></testcase><testcase classname="tests.nanopynix.inproc.test_inproc" name="test_inproc_temp_root_survives_a_delete_dead_pass[local]" time="0.000"><skipped type="pytest.skip" message="findRoots/collectGarbage crash on nonnumeric temproots filenames; https://github.com/NixOS/nix/issues/16138; unsupported on Nix 2.34">/nix/store/0bq4f419773h3pfbcyffxp9jwqmhmg9g-nanopynix-source/tests/nanopynix/inproc/test_inproc.py:523: findRoots/collectGarbage crash on nonnumeric temproots filenames; https://github.com/NixOS/nix/issues/16138; unsupported on Nix 2.34</skipped></testcase><testcase classname="tests.nanopynix.inproc.test_inproc" name="test_inproc_add_to_store_returns_the_path_compute_predicted[local]" time="0.022" /><testcase classname="tests.nanopynix.inproc.test_inproc" name="test_inproc_and_rpc_compute_the_same_store_path[local]" time="0.188" /><testcase classname="tests.nanopynix.inproc.test_inproc" name="test_inproc_store_dirs_agrees_with_rpc_and_with_store_dir[local]" time="0.200" /><testcase classname="tests.nanopynix.inproc.test_inproc" name="test_inproc_ensure_path_accepts_a_valid_path_and_raises_for_an_absent_one[local]" time="0.240" /><testcase classname="tests.nanopynix.inproc.test_inproc" name="test_inproc_copy_closure_copies_between_two_stores_in_one_session[local]" time="0.029" /><testcase classname="tests.nanopynix.inproc.test_inproc" name="test_inproc_copy_closure_rejects_a_store_from_another_session[local]" time="0.024" /><testcase classname="tests.nanopynix.inproc.test_inproc" name="test_inproc_optimise_and_verify_a_private_store[local]" time="0.033" /><testcase classname="tests.nanopynix.inproc.test_inproc" name="test_inproc_store_uri_and_store_dir[local]" time="0.011" /><testcase classname="tests.nanopynix.inproc.test_inproc" name="test_inproc_store_parse_and_is_valid_path[local]" time="0.215" /><testcase classname="tests.nanopynix.inproc.test_inproc" name="test_inproc_store_compute_fs_closure[local]" time="0.190" /><testcase classname="tests.nanopynix.inproc.test_inproc" name="test_inproc_store_query_derivation_outputs_and_valid_derivers[local]" time="0.010" /><testcase classname="tests.nanopynix.inproc.test_inproc" name="test_inproc_store_query_referrers_and_substitutable_paths[local]" time="0.215" /><testcase classname="tests.nanopynix.inproc.test_inproc" name="test_inproc_store_follow_links_to_store_path[local]" time="0.224" /><testcase classname="tests.nanopynix.inproc.test_inproc" name="test_inproc_store_query_path_from_hash_part[local]" time="0.188" /><testcase classname="tests.nanopynix.inproc.test_inproc" name="test_inproc_eval_file[local]" time="0.008" /><testcase classname="tests.nanopynix.inproc.test_inproc" name="test_inproc_eval_flake[local]" time="0.013" /><testcase classname="tests.nanopynix.inproc.test_inproc" name="test_inproc_lock_flake_update_inputs_variants[local]" time="0.015" /><testcase classname="tests.nanopynix.inproc.test_inproc" name="test_inproc_repl_load_file_and_add_attrs[local]" time="0.009" /><testcase classname="tests.nanopynix.inproc.test_inproc" name="test_inproc_value_scalar_conversions[local]" time="0.010" /><testcase classname="tests.nanopynix.inproc.test_inproc" name="test_inproc_value_to_python[local]" time="0.007" /><testcase classname="tests.nanopynix.inproc.test_inproc" name="test_inproc_value_edit_location[local]" time="0.007" /><testcase classname="tests.nanopynix.inproc.test_inproc" name="test_inproc_value_auto_call[local]" time="0.007" /><testcase classname="tests.nanopynix.inproc.test_inproc" name="test_inproc_value_build_and_release[local]" time="0.127" /><testcase classname="tests.nanopynix.inproc.test_inproc" name="test_inproc_value_release_is_idempotent[local]" time="0.008" /><testcase classname="tests.nanopynix.inproc.test_inproc" name="test_inproc_selection_on_a_released_value_raises_at_selection[local]" time="0.007" /><testcase classname="tests.nanopynix.inproc.test_inproc" name="test_inproc_session_rejects_second_concurrent_session[local]" time="0.005" /><testcase classname="tests.nanopynix.inproc.test_inproc" name="test_inproc_session_rejects_mismatched_reinitialization[local]" time="0.003" /><testcase classname="tests.nanopynix.inproc.test_inproc" name="test_inproc_session_open_and_close_are_idempotent[local]" time="0.002" /><testcase classname="tests.nanopynix.inproc.test_inproc" name="test_inproc_session_owns_and_shuts_down_its_nix_thread[local]" time="0.004" /><testcase classname="tests.nanopynix.inproc.test_inproc" name="test_inproc_session_verbosity_roundtrip[local]" time="0.003" /><testcase classname="tests.nanopynix.inproc.test_inproc" name="test_inproc_session_subscribe_receives_log_events[local]" time="0.053" /><testcase classname="tests.nanopynix.inproc.test_inproc" name="test_inproc_session_log_stream_yields_events[local]" time="0.004" /><testcase classname="tests.nanopynix.inproc.test_inproc" name="test_inproc_session_subscribe_receives_a_request_finalized_event[local]" time="0.054" /><testcase classname="tests.nanopynix.inproc.test_inproc" name="test_inproc_store_not_open_raises[local]" time="0.003" /><testcase classname="tests.nanopynix.inproc.test_inproc" name="test_inproc_eval_open_and_close_are_idempotent[local]" time="0.006" /><testcase classname="tests.nanopynix.inproc.test_inproc" name="test_collect_garbage_rejects_an_unsupported_action[local]" time="0.005" /><testcase classname="tests.nanopynix.inproc.test_inproc" name="test_inproc_store_query_path_info[local]" time="0.231" /><testcase classname="tests.nanopynix.inproc.test_inproc" name="test_inproc_store_get_build_log[local]" time="0.210" /><testcase classname="tests.nanopynix.inproc.test_inproc" name="test_inproc_store_open_is_idempotent[local]" time="0.004" /><testcase classname="tests.nanopynix.inproc.test_inproc" name="test_inproc_eval_rejects_store_from_different_session[local]" time="0.005" /><testcase classname="tests.nanopynix.inproc.test_inproc" name="test_inproc_eval_open_requires_open_store[local]" time="0.003" /><testcase classname="tests.nanopynix.inproc.test_inproc" name="test_inproc_repl_open_is_idempotent[local]" time="0.010" /><testcase classname="tests.nanopynix.inproc.test_inproc" name="test_inproc_repl_requires_open_repl[local]" time="0.004" /><testcase classname="tests.nanopynix.inproc.test_inproc" name="test_inproc_session_close_auto_closes_open_eval[local]" time="0.006" /><testcase classname="tests.nanopynix.inproc.test_inproc" name="test_a_cancelled_close_stops_instead_of_cancelling_every_resource[local]" time="0.006" /><testcase classname="tests.nanopynix.inproc.test_inproc" name="test_a_cancelled_close_does_not_wrap_the_cancellation_in_a_group[local]" time="0.006" /><testcase classname="tests.nanopynix.inproc.test_inproc" name="test_inproc_eval_close_releases_leftover_locked_flakes[local]" time="0.014" /><testcase classname="tests.nanopynix.inproc.test_inproc" name="test_inproc_locked_flake_release_is_idempotent[local]" time="0.012" /><testcase classname="tests.nanopynix.inproc.test_inproc" name="test_inproc_value_attr_names[local]" time="0.007" /><testcase classname="tests.nanopynix.inproc.test_inproc" name="test_inproc_value_call_accepts_value_argument[local]" time="0.008" /><testcase classname="tests.nanopynix.inproc.test_inproc" name="test_inproc_value_rejects_use_from_different_eval_session[local]" time="0.006" /><testcase classname="tests.nanopynix.inproc.test_inproc" name="test_inproc_value_build_rejects_store_from_different_session[local]" time="0.008" /><testcase classname="tests.nanopynix.inproc.test_inproc" name="test_inproc_value_build_raises_on_build_failure[local]" time="0.078" /><testcase classname="tests.nanopynix.inproc.test_inproc_cancel" name="test_a_cancelled_interruptible_operation_frees_the_evaluator[local]" time="0.692" /><testcase classname="tests.nanopynix.inproc.test_inproc_cancel" name="test_a_cancelled_evaluation_abandons_the_evaluator[local]" time="1.850" /><testcase classname="tests.nanopynix.inproc.test_inproc_cancel" name="test_closing_an_abandoned_evaluator_does_not_hang_or_raise[local]" time="1.756" /><testcase classname="tests.nanopynix.inproc.test_inproc_cancel" name="test_an_abandoned_evaluator_does_not_stop_its_siblings[local]" time="1.647" /><testcase classname="tests.nanopynix.inproc.test_inproc_cancel" name="test_a_cancelled_operation_raises_operation_cancelled[local]" time="0.460" /><testcase classname="tests.nanopynix.inproc.test_inproc_cancel" name="test_an_operation_that_runs_a_nix_thread_pool_still_completes[local]" time="1.547" /><testcase classname="tests.nanopynix.primops.test_primop_error_parity" name="test_all_three_primop_paths_render_the_same[local-parityPrimopError-deliberate rejection, shown bare]" time="0.591" /><testcase classname="tests.nanopynix.primops.test_primop_error_parity" name="test_a_manager_primop_failure_leaves_nothing_behind[local]" time="0.228" /><testcase classname="tests.nanopynix.primops.test_primops.TestRegisterPrimop" name="test_unary[local]" time="0.001" /><testcase classname="tests.nanopynix.primops.test_primops.TestRegisterPrimop" name="test_binary[local]" time="0.001" /><testcase classname="tests.nanopynix.primops.test_primops.TestRegisterPrimop" name="test_string_arg_and_return[local]" time="0.001" /><testcase classname="tests.nanopynix.primops.test_primops.TestRegisterPrimop" name="test_bool_arg[local]" time="0.001" /><testcase classname="tests.nanopynix.primops.test_primops.TestRegisterPrimop" name="test_list_arg[local]" time="0.001" /><testcase classname="tests.nanopynix.primops.test_primops.TestRegisterPrimop" name="test_attrs_arg[local]" time="0.001" /><testcase classname="tests.nanopynix.primops.test_primops.TestRegisterPrimop" name="test_return_none[local]" time="0.001" /><testcase classname="tests.nanopynix.primops.test_primops.TestRegisterPrimop" name="test_return_float[local]" time="0.001" /><testcase classname="tests.nanopynix.primops.test_primops.TestRegisterPrimop" name="test_return_list[local]" time="0.001" /><testcase classname="tests.nanopynix.primops.test_primops.TestRegisterPrimop" name="test_return_dict[local]" time="0.001" /><testcase classname="tests.nanopynix.primops.test_primops.TestRegisterPrimop" name="test_string_return[local]" time="0.001" /><testcase classname="tests.nanopynix.primops.test_primops.TestRegisterPrimop" name="test_nested_call[local]" time="0.001" /><testcase classname="tests.nanopynix.primops.test_primops.TestRegisterPrimop" name="test_primop_in_function[local]" time="0.001" /><testcase classname="tests.nanopynix.primops.test_primops.TestRegisterPrimop" name="test_overwrite[local]" time="0.001" /><testcase classname="tests.nanopynix.primops.test_primops.TestRegisterPrimop" name="test_zero_arity[local]" time="0.001" /><testcase classname="tests.nanopynix.primops.test_primops.TestRegisterPrimop" name="test_high_arity[local]" time="0.001" /><testcase classname="tests.nanopynix.primops.test_primops.TestRegisterPrimop" name="test_string_arg_with_context_is_realised[local]" time="0.343" /><testcase classname="tests.nanopynix.primops.test_primops.TestRegisterPrimop" name="test_string_return_value_carries_context_from_arg[local]" time="0.582" /><testcase classname="tests.nanopynix.primops.test_primops.TestCallableToNixFunction" name="test_return_callable_zero_arity[local]" time="0.001" /><testcase classname="tests.nanopynix.primops.test_primops.TestCallableToNixFunction" name="test_attrset_zero_arity_property[local]" time="0.001" /><testcase classname="tests.nanopynix.primops.test_primops.TestCallableToNixFunction" name="test_attrset_one_arg_callable[local]" time="0.001" /><testcase classname="tests.nanopynix.primops.test_primops.TestCallableToNixFunction" name="test_attrset_two_arg_callable[local]" time="0.001" /><testcase classname="tests.nanopynix.primops.test_primops.TestCallableToNixFunction" name="test_closure_in_attrset[local]" time="0.001" /><testcase classname="tests.nanopynix.primops.test_primops.TestCallableToNixFunction" name="test_callable_curry[local]" time="0.001" /><testcase classname="tests.nanopynix.primops.test_primops.TestCallableToNixFunction" name="test_value_from_python_lambda[local]" time="0.001" /><testcase classname="tests.nanopynix.primops.test_primops.TestCallableToNixFunction" name="test_value_from_python_dict_with_lambda[local]" time="0.001" /><testcase classname="tests.nanopynix.rpc.client.test_eval_rpc" name="test_force_closing_store_closes_dependent_eval_state[local]" time="0.219" /><testcase classname="tests.nanopynix.rpc.client.test_eval_rpc" name="test_eval_file_simple[local]" time="0.177" /><testcase classname="tests.nanopynix.rpc.client.test_eval_rpc" name="test_eval_file_directory_loads_default_nix[local]" time="0.197" /><testcase classname="tests.nanopynix.rpc.client.test_eval_rpc" name="test_eval_file_uses_nix_lookup_path[local]" time="0.191" /><testcase classname="tests.nanopynix.rpc.client.test_eval_rpc" name="test_eval_attr_navigation[local]" time="0.206" /><testcase classname="tests.nanopynix.rpc.client.test_eval_rpc" name="test_eval_list[local]" time="0.203" /><testcase classname="tests.nanopynix.rpc.client.test_eval_rpc" name="test_eval_string[local]" time="0.198" /><testcase classname="tests.nanopynix.rpc.client.test_eval_rpc" name="test_forced_attrs_borrow_the_parent_value_handle[local]" time="0.191" /><testcase classname="tests.nanopynix.rpc.client.test_eval_rpc" name="test_eval_realise_command_values_preserves_string_context[local]" time="0.201" /><testcase classname="tests.nanopynix.rpc.client.test_eval_rpc" name="test_repl_session_persists_bindings[local]" time="0.216" /><testcase classname="tests.nanopynix.rpc.client.test_eval_rpc" name="test_repl_session_open_is_idempotent[local]" time="0.223" /><testcase classname="tests.nanopynix.rpc.client.test_eval_rpc" name="test_repl_session_scope_names_include_bindings_and_base_scope[local]" time="0.209" /><testcase classname="tests.nanopynix.rpc.client.test_eval_rpc" name="test_repl_session_file_uses_nix_lookup_path[local]" time="0.206" /><testcase classname="tests.nanopynix.rpc.client.test_eval_rpc" name="test_repl_session_load_file_autocalls_top_level_function[local]" time="0.210" /><testcase classname="tests.nanopynix.rpc.client.test_eval_rpc" name="test_repl_session_edit_location_uses_function_source[local]" time="0.215" /><testcase classname="tests.nanopynix.rpc.client.test_eval_rpc" name="test_repl_session_adds_attrs_to_scope[local]" time="0.216" /><testcase classname="tests.nanopynix.rpc.client.test_eval_rpc" name="test_eval_attr_names[local]" time="0.199" /><testcase classname="tests.nanopynix.rpc.client.test_eval_rpc" name="test_eval_has_attr[local]" time="0.208" /><testcase classname="tests.nanopynix.rpc.client.test_eval_rpc" name="test_eval_force_does_not_consume[local]" time="0.190" /><testcase classname="tests.nanopynix.rpc.client.test_eval_rpc" name="test_eval_session_cleanup[local]" time="0.199" /><testcase classname="tests.nanopynix.rpc.client.test_eval_rpc" name="test_eval_thunk[local]" time="0.192" /><testcase classname="tests.nanopynix.rpc.client.test_eval_rpc" name="test_eval_nested_navigation[local]" time="0.189" /><testcase classname="tests.nanopynix.rpc.client.test_eval_rpc" name="test_eval_call_function[local]" time="0.194" /><testcase classname="tests.nanopynix.rpc.client.test_eval_rpc" name="test_eval_call_function_with_value_proxy_arg[local]" time="0.215" /><testcase classname="tests.nanopynix.rpc.client.test_eval_rpc" name="test_eval_reused_function_can_call_separately_evaluated_value[local]" time="0.204" /><testcase classname="tests.nanopynix.rpc.client.test_eval_rpc" name="test_eval_call_function_with_nested_value_proxy_arg[local]" time="0.223" /><testcase classname="tests.nanopynix.rpc.client.test_eval_rpc" name="test_eval_callable_function_proxy[local]" time="0.204" /><testcase classname="tests.nanopynix.rpc.client.test_eval_rpc" name="test_eval_auto_call_function_with_default_attrset_args[local]" time="0.216" /><testcase classname="tests.nanopynix.rpc.client.test_eval_rpc" name="test_eval_call_non_function_raises[local]" time="0.206" /><testcase classname="tests.nanopynix.rpc.client.test_eval_rpc" name="test_eval_strict_accessor_and_apply[local]" time="0.242" /><testcase classname="tests.nanopynix.rpc.client.test_eval_rpc" name="test_to_python_refuses_a_tree_containing_a_function[local]" time="0.257" /><testcase classname="tests.nanopynix.rpc.client.test_eval_rpc" name="test_evaluated_derivation_can_build_while_eval_session_is_active[local]" time="1.957" /><testcase classname="tests.nanopynix.rpc.client.test_eval_rpc" name="test_evaluated_derivation_can_build_with_explicit_build_store[local]" time="0.951" /><testcase classname="tests.nanopynix.rpc.client.test_eval_rpc" name="test_copy_closure_between_stores[local]" time="0.241" /><testcase classname="tests.nanopynix.rpc.client.test_eval_rpc" name="test_worker_yaml_primops[local]" time="0.222" /><testcase classname="tests.nanopynix.rpc.client.test_eval_rpc" name="test_worker_yaml_primops_parse_yaml12_modes[local]" time="0.223" /><testcase classname="tests.nanopynix.rpc.client.test_eval_rpc" name="test_worker_yaml_primops_parse_yaml11_modes[local]" time="0.205" /><testcase classname="tests.nanopynix.rpc.client.test_eval_rpc" name="test_worker_from_yaml_root_list_is_single_document[local]" time="0.204" /><testcase classname="tests.nanopynix.rpc.client.test_eval_rpc" name="test_worker_from_yaml_rejects_document_stream[local]" time="0.224" /><testcase classname="tests.nanopynix.rpc.client.test_eval_rpc" name="test_worker_from_yaml_parse_error_is_descriptive[local]" time="0.231" /><testcase classname="tests.nanopynix.rpc.client.test_eval_rpc" name="test_worker_yaml_stream_primops[local]" time="0.254" /><testcase classname="tests.nanopynix.rpc.client.test_eval_rpc" name="test_worker_to_yaml_rejects_functions[local]" time="0.246" /><testcase classname="tests.nanopynix.rpc.client.test_eval_rpc" name="test_eval_concurrent_sessions[local]" time="0.224" /><testcase classname="tests.nanopynix.rpc.client.test_eval_rpc" name="test_eval_flake[local]" time="0.243" /><testcase classname="tests.nanopynix.rpc.client.test_eval_rpc" name="test_eval_flake_to_python[local]" time="0.253" /><testcase classname="tests.nanopynix.rpc.client.test_eval_rpc" name="test_lock_flake_and_eval_locked[local]" time="0.295" /><testcase classname="tests.nanopynix.rpc.client.test_eval_rpc" name="test_locked_flake_release_invalidates_handle[local]" time="0.247" /><testcase classname="tests.nanopynix.rpc.client.test_eval_rpc" name="test_lock_flake_write_lock_file[local]" time="0.241" /><testcase classname="tests.nanopynix.rpc.client.test_eval_rpc" name="test_lock_flake_no_write_does_not_leak[local]" time="0.219" /><testcase classname="tests.nanopynix.rpc.client.test_eval_rpc" name="test_lock_flake_update_all[local]" time="0.240" /><testcase classname="tests.nanopynix.rpc.client.test_eval_rpc" name="test_lock_flake_update_specific_input[local]" time="0.237" /><testcase classname="tests.nanopynix.rpc.client.test_fetch_tree" name="test_fetchtree_with_builtins_prefix[local]" time="0.216" /><testcase classname="tests.nanopynix.rpc.client.test_fetch_tree" name="test_fetchtree_without_builtins_prefix[local]" time="0.209" /><testcase classname="tests.nanopynix.rpc.client.test_primop_rpc" name="test_manager_rpc_primop_double[local]" time="0.240" /><testcase classname="tests.nanopynix.rpc.client.test_primop_rpc" name="test_manager_rpc_primop_greet[local]" time="0.213" /><testcase classname="tests.nanopynix.rpc.client.test_primop_rpc" name="test_manager_rpc_primop_add[local]" time="0.210" /><testcase classname="tests.nanopynix.rpc.client.test_primop_rpc" name="test_manager_rpc_primop_lambda[local]" time="0.234" /><testcase classname="tests.nanopynix.rpc.client.test_primop_rpc" name="test_manager_rpc_primop_deep_value[local]" time="0.214" /><testcase classname="tests.nanopynix.rpc.client.test_pure_eval" name="test_pure_eval_blocks_impure_builtins[local]" time="0.221" /><testcase classname="tests.nanopynix.rpc.client.test_pure_eval" name="test_impure_allows_impure_builtins[local]" time="0.208" /><testcase classname="tests.nanopynix.rpc.client.test_pure_eval" name="test_current_system_binding_matches_builtin_default[local]" time="0.224" /><testcase classname="tests.nanopynix.rpc.client.test_pure_eval" name="test_default_is_impure[local]" time="0.238" /><testcase classname="tests.nanopynix.rpc.client.test_pure_eval" name="test_restrict_eval_blocks_absolute_paths[local]" time="0.225" /><testcase classname="tests.nanopynix.rpc.client.test_pure_eval" name="test_restrict_eval_allows_pure_attrs[local]" time="0.209" /><testcase classname="tests.nanopynix.rpc.client.test_pure_eval" name="test_allowed_uris_is_exposed[local]" time="0.215" /><testcase classname="tests.nanopynix.rpc.client.test_pure_eval" name="test_concurrent_eval_sessions_have_independent_pure_eval[local]" time="0.268" /><testcase classname="tests.nanopynix.rpc.client.test_stdio_worker" name="test_a_stdio_worker_answers_store_operations[local]" time="1.794" /><testcase classname="tests.nanopynix.rpc.client.test_stdio_worker" name="test_a_stdio_worker_evaluates[local]" time="1.935" /><testcase classname="tests.nanopynix.rpc.client.test_stdio_worker" name="test_an_rpc_primop_reaches_the_client_over_stdio[local]" time="1.822" /><testcase classname="tests.nanopynix.rpc.client.test_stdio_worker" name="test_log_events_reach_the_client_over_stdio[local]" time="1.762" /><testcase classname="tests.nanopynix.rpc.client.test_stdio_worker" name="test_the_worker_ends_itself_and_reports_status_zero[local]" time="1.779" /><testcase classname="tests.nanopynix.rpc.client.test_stdio_worker" name="test_worker_oom_score_adj_reaches_the_exec_d_process[local]" time="1.805" /><testcase classname="tests.nanopynix.rpc.client.test_stdio_worker" name="test_a_signalled_stdio_worker_is_reported_and_not_swallowed[local]" time="1.567" /><testcase classname="tests.nanopynix.rpc.client.test_store_integration" name="test_open_close[local]" time="0.176" /><testcase classname="tests.nanopynix.rpc.client.test_store_integration" name="test_context_manager[local]" time="0.177" /><testcase classname="tests.nanopynix.rpc.client.test_store_integration" name="test_get_uri_and_store_dir[local]" time="0.202" /><testcase classname="tests.nanopynix.rpc.client.test_store_integration" name="test_parse_store_path_and_is_valid_path[local]" time="0.374" /><testcase classname="tests.nanopynix.rpc.client.test_store_integration" name="test_query_path_info_and_hash_part[local]" time="0.396" /><testcase classname="tests.nanopynix.rpc.client.test_store_integration" name="test_compute_fs_closure[local]" time="0.413" /><testcase classname="tests.nanopynix.rpc.client.test_store_integration" name="test_query_missing[local]" time="0.185" /><testcase classname="tests.nanopynix.rpc.client.test_store_integration" name="test_query_missing_accepts_serialized_derived_path[local]" time="0.427" /><testcase classname="tests.nanopynix.rpc.client.test_store_integration" name="test_derivation_queries[local]" time="0.264" /><testcase classname="tests.nanopynix.rpc.client.test_store_integration" name="test_query_referrers_and_substitutable_paths[local]" time="0.381" /><testcase classname="tests.nanopynix.rpc.client.test_store_integration" name="test_follow_links_to_store_path[local]" time="0.386" /><testcase classname="tests.nanopynix.rpc.client.test_store_integration" name="test_store_path_model_roundtrip[local]" time="0.381" /><testcase classname="tests.nanopynix.rpc.client.test_store_integration" name="test_add_temp_root[local]" time="0.397" /><testcase classname="tests.nanopynix.rpc.client.test_store_integration" name="test_find_roots[local]" time="0.000"><skipped type="pytest.skip" message="findRoots/collectGarbage crash on nonnumeric temproots filenames; https://github.com/NixOS/nix/issues/16138; unsupported on Nix 2.34">/nix/store/0bq4f419773h3pfbcyffxp9jwqmhmg9g-nanopynix-source/tests/nanopynix/rpc/client/test_store_integration.py:198: findRoots/collectGarbage crash on nonnumeric temproots filenames; https://github.com/NixOS/nix/issues/16138; unsupported on Nix 2.34</skipped></testcase><testcase classname="tests.nanopynix.rpc.client.test_store_integration" name="test_collect_garbage_return_dead[local]" time="0.000"><skipped type="pytest.skip" message="findRoots/collectGarbage crash on nonnumeric temproots filenames; https://github.com/NixOS/nix/issues/16138; unsupported on Nix 2.34">/nix/store/0bq4f419773h3pfbcyffxp9jwqmhmg9g-nanopynix-source/tests/nanopynix/rpc/client/test_store_integration.py:209: findRoots/collectGarbage crash on nonnumeric temproots filenames; https://github.com/NixOS/nix/issues/16138; unsupported on Nix 2.34</skipped></testcase><testcase classname="tests.nanopynix.rpc.client.test_store_integration" name="test_collect_garbage_delete_dead_is_hermetic[local]" time="0.000"><skipped type="pytest.skip" message="findRoots/collectGarbage crash on nonnumeric temproots filenames; https://github.com/NixOS/nix/issues/16138; unsupported on Nix 2.34">/nix/store/0bq4f419773h3pfbcyffxp9jwqmhmg9g-nanopynix-source/tests/nanopynix/rpc/client/test_store_integration.py:220: findRoots/collectGarbage crash on nonnumeric temproots filenames; https://github.com/NixOS/nix/issues/16138; unsupported on Nix 2.34</skipped></testcase><testcase classname="tests.nanopynix.rpc.client.test_store_integration" name="test_public_query_missing[local]" time="0.195" /><testcase classname="tests.nanopynix.rpc.client.test_store_integration" name="test_public_query_missing_accepts_store_path[local]" time="0.390" /><testcase classname="tests.nanopynix.rpc.client.test_store_integration" name="test_add_perm_root_and_indirect_root[local]" time="0.402" /><testcase classname="tests.nanopynix.rpc.client.test_store_integration" name="test_ensure_path[local]" time="0.400" /><testcase classname="tests.nanopynix.rpc.client.test_store_integration" name="test_optimise_and_verify_store[local]" time="0.415" /><testcase classname="tests.nanopynix.rpc.test_error_identity" name="test_a_setting_refusal_arrives_as_setting_not_live_error[local]" time="0.229" /><testcase classname="tests.nanopynix.rpc.test_error_identity" name="test_an_absent_handle_arrives_as_key_error[local]" time="0.212" /><testcase classname="tests.nanopynix.rpc.test_error_identity" name="test_a_handle_of_the_wrong_kind_arrives_as_type_error[local]" time="0.214" /><testcase classname="tests.nanopynix.rpc.test_error_identity" name="test_a_negative_index_past_the_start_arrives_as_index_error[local]" time="0.214" /><testcase classname="tests.nanopynix.rpc.test_error_identity" name="test_an_unsupported_scalar_type_arrives_as_value_error[local]" time="0.228" /><testcase classname="tests.nanopynix.rpc.test_error_identity" name="test_a_nix_error_still_refines_past_the_class_the_worker_named[local]" time="0.222" /><testcase classname="tests.nanopynix.rpc.test_l3_inproc" name="test_attrs_and_children_have_exactly_one_owner[local]" time="0.059" /><testcase classname="tests.nanopynix.rpc.test_l3_inproc" name="test_lists_and_children_have_exactly_one_owner[local]" time="0.039" /><testcase classname="tests.nanopynix.rpc.test_l3_inproc" name="test_value_finalizer_defers_then_drains_to_worker[local]" time="0.212" /><testcase classname="tests.nanopynix.rpc.test_l3_inproc" name="test_as_dict_pins_the_parent_only_until_its_children_resolve[local]" time="0.393" /><testcase classname="tests.nanopynix.rpc.test_l3_inproc" name="test_as_list_pins_the_parent_only_until_its_children_resolve[local]" time="0.384" /><testcase classname="tests.nanopynix.rpc.test_l3_inproc" name="test_explicit_value_release_is_idempotent_at_both_sides[local]" time="0.041" /><testcase classname="tests.nanopynix.rpc.test_l3_inproc" name="test_failed_value_release_retries_at_the_next_rpc_boundary[local]" time="0.043" /><testcase classname="tests.nanopynix.rpc.test_l3_inproc" name="test_session_close_closes_eval_state_and_clears_worker_values[local]" time="0.041" /><testcase classname="tests.nanopynix.rpc.test_l3_inproc" name="test_eval_rpc_requires_open_eval[local]" time="0.034" /><testcase classname="tests.nanopynix.rpc.test_l3_inproc" name="test_store_cannot_close_while_its_eval_state_is_open[local]" time="0.041" /><testcase classname="tests.nanopynix.rpc.test_l3_inproc" name="test_locked_flake_explicit_release_removes_exact_worker_handle[local]" time="0.050" /><testcase classname="tests.nanopynix.rpc.test_l3_inproc" name="test_failed_locked_flake_release_retries_at_the_next_rpc_boundary[local]" time="0.044" /><testcase classname="tests.nanopynix.rpc.test_l3_inproc" name="test_locked_flake_finalizer_defers_then_drains_to_worker[local]" time="0.225" /><testcase classname="tests.nanopynix.rpc.test_l3_inproc" name="test_session_close_closes_eval_state_and_clears_values_and_locked_flakes[local]" time="0.047" /><testcase classname="tests.nanopynix.rpc.test_l3_inproc" name="test_late_finalizer_from_closed_generation_cannot_release_new_values[local]" time="0.223" /><testcase classname="tests.nanopynix.rpc.test_l3_inproc" name="test_store_handles_are_distinct_and_close_exactly_once[local]" time="0.037" /><testcase classname="tests.nanopynix.rpc.test_log_backpressure" name="test_a_client_that_stops_reading_does_not_stop_the_evaluation[local]" time="12.297" /><testcase classname="tests.nanopynix.rpc.test_log_backpressure" name="test_the_capture_says_what_the_stall_cost[local]" time="12.349" /><testcase classname="tests.nanopynix.test_cancel_engine_parity" name="test_a_cancelled_interruptible_operation_frees_the_evaluator[inproc-local]" time="0.565" /><testcase classname="tests.nanopynix.test_cancel_engine_parity" name="test_a_cancelled_evaluation_abandons_the_evaluator[inproc-local]" time="6.768" /><testcase classname="tests.nanopynix.test_config_flow" name="test_rpc_configure_refuses_a_construction_time_setting[local-pure_eval-True]" time="0.221" /><testcase classname="tests.nanopynix.test_config_flow" name="test_inproc_configure_refuses_the_same_settings[local-pure_eval-True]" time="0.010" /><testcase classname="tests.nanopynix.test_config_flow" name="test_configure_still_applies_a_live_setting[local]" time="0.265" /><testcase classname="tests.nanopynix.test_config_flow" name="test_configure_accepts_every_fetch_setting[local]" time="0.237" /><testcase classname="tests.nanopynix.test_config_flow" name="test_a_construction_time_setting_works_when_the_evaluator_opens[local]" time="0.217" /><testcase classname="tests.nanopynix.test_config_flow" name="test_both_engines_honour_a_per_evaluator_search_path[local]" time="0.236" /><testcase classname="tests.nanopynix.test_config_flow" name="test_the_worker_refuses_a_hand_built_configure_request[local]" time="0.233" /><testcase classname="tests.nanopynix.test_config_flow" name="test_the_worker_applies_a_live_setting_from_a_hand_built_request[local]" time="0.230" /><testcase classname="tests.nanopynix.test_config_flow" name="test_the_core_layer_is_what_refuses[local]" time="0.009" /><testcase classname="tests.nanopynix.test_config_flow" name="test_a_store_setting_in_the_uri_beats_the_global[local]" time="1.515" /><testcase classname="tests.nanopynix.test_config_flow" name="test_a_store_model_opens_the_same_store_as_its_uri[local]" time="0.185" /><testcase classname="tests.nanopynix.test_config_flow" name="test_the_session_reports_what_it_took_from_the_host_config[local]" time="0.186" /><testcase classname="tests.nanopynix.test_config_flow" name="test_the_substituters_of_the_host_reach_the_session[local]" time="0.182" /><testcase classname="tests.nanopynix.test_config_flow" name="test_a_named_substituter_beats_the_host[local]" time="0.155" /><testcase classname="tests.nanopynix.test_config_flow" name="test_the_features_of_the_host_survive_beside_ours[local]" time="0.161" /><testcase classname="tests.nanopynix.test_config_flow" name="test_an_ambient_variable_overrides_nothing_of_the_host[local]" time="0.174" /><testcase classname="tests.nanopynix.test_config_flow" name="test_both_engines_enable_the_features_without_the_setting[local-inproc]" time="0.004" /><testcase classname="tests.nanopynix.test_config_flow" name="test_both_engines_read_and_write_the_session_settings[local-inproc]" time="0.005" /><testcase classname="tests.nanopynix.test_config_flow" name="test_writing_settings_is_refused_while_a_store_or_evaluator_is_open[local-inproc]" time="0.010" /><testcase classname="tests.nanopynix.test_config_flow" name="test_writing_settings_leaves_the_unnamed_ones_alone[local-inproc]" time="0.004" /><testcase classname="tests.nanopynix.test_config_flow" name="test_every_settings_scope_reaches_the_door_that_owns_it[local-inproc]" time="0.030" /><testcase classname="tests.nanopynix.test_config_flow" name="test_a_per_call_setting_beats_the_session_default[local-inproc]" time="0.030" /><testcase classname="tests.nanopynix.test_config_flow" name="test_one_evaluator_object_reaches_both_registries[local-eval_settings-inproc]" time="0.029" /><testcase classname="tests.nanopynix.test_config_flow" name="test_configure_takes_one_object_for_both_scopes[local-inproc]" time="0.029" /><testcase classname="tests.nanopynix.test_config_flow" name="test_the_parameter_that_owns_the_scope_wins[local-inproc]" time="0.024" /><testcase classname="tests.nanopynix.test_config_flow" name="test_a_field_no_door_owns_is_refused[local-inproc]" time="0.021" /><testcase classname="tests.nanopynix.test_config_flow" name="test_a_wider_object_writes_only_its_global_half[local-inproc]" time="0.006" /><testcase classname="tests.nanopynix.test_config_flow" name="test_the_search_path_has_one_order_of_precedence[local-inproc]" time="0.010" /><testcase classname="tests.nanopynix.test_engine_parity_semantics" name="test_engines_agree_on_success[local-to_python_int]" time="0.203" /><testcase classname="tests.nanopynix.test_engine_parity_semantics" name="test_engines_agree_on_failure[local-undefined_variable]" time="0.216" /><testcase classname="tests.nanopynix.test_engine_parity_semantics" name="test_both_engines_evaluate_against_one_store_and_build_into_another[local]" time="0.247" /><testcase classname="tests.nanopynix.test_engine_parity_semantics" name="test_both_engines_resolve_a_flake_ref_without_evaluating_it[local]" time="0.226" /><testcase classname="tests.nanopynix.test_engine_parity_semantics" name="test_both_engines_take_line_editors_per_repl[local]" time="0.233" /><testcase classname="tests.nanopynix.test_engine_parity_semantics" name="test_both_engines_name_a_closed_session_the_same_way[local]" time="0.173" /><testcase classname="tests.nanopynix.test_engine_parity_semantics" name="test_both_engines_name_a_store_outliving_its_session_the_same_way[local]" time="0.217" /><testcase classname="tests.nanopynix.test_engine_parity_semantics" name="test_both_engines_name_a_closed_store_the_same_way[local]" time="0.216" /><testcase classname="tests.nanopynix.test_engine_parity_semantics" name="test_both_engines_name_a_closed_evaluator_the_same_way[local]" time="0.216" /><testcase classname="tests.nanopynix.test_engine_parity_semantics" name="test_both_engines_name_a_released_locked_flake_the_same_way[local]" time="0.209" /><testcase classname="tests.nanopynix.test_engine_parity_semantics" name="test_both_engines_capture_logs_the_same_way[local]" time="0.210" /><testcase classname="tests.nanopynix.test_engine_parity_semantics" name="test_both_engines_report_a_capture_that_is_not_complete[local]" time="0.214" /><testcase classname="tests.nanopynix.test_error_boundaries" name="test_error_detail_survives_every_boundary[local]" time="5.128" /><testcase classname="tests.nanopynix.test_error_boundaries" name="test_both_engines_refuse_gc_roots_the_same_way_on_a_store_that_has_none[local]" time="0.202" /><testcase classname="tests.nanopynix.test_eval_statistics" name="test_the_counters_switch_fills_the_numeric_fields[local-inproc]" time="0.000"><skipped type="pytest.skip" message="inproc evaluates in parallel in one process, and the counters are statics of that process, so the numbers are not predictable -- see #118">/nix/store/0bq4f419773h3pfbcyffxp9jwqmhmg9g-nanopynix-source/tests/nanopynix/test_eval_statistics.py:86: inproc evaluates in parallel in one process, and the counters are statics of that process, so the numbers are not predictable -- see #118</skipped></testcase><testcase classname="tests.nanopynix.test_eval_statistics" name="test_the_count_calls_setting_fills_the_three_tables[local-inproc]" time="0.016" /><testcase classname="tests.nanopynix.test_eval_statistics" name="test_both_engines_count_the_same_calls[local]" time="0.224" /><testcase classname="tests.nanopynix.test_eval_statistics" name="test_the_report_holds_the_fields_that_nix_prints[local-inproc]" time="0.009" /><testcase classname="tests.nanopynix.test_eval_statistics" name="test_two_evaluators_share_the_process_switch[local]" time="0.000"><skipped type="pytest.skip" message="the assertion reads a numeric field, which inproc cannot make predictable while the counters are statics of a process that evaluates in parallel -- see #118">/nix/store/0bq4f419773h3pfbcyffxp9jwqmhmg9g-nanopynix-source/tests/nanopynix/test_eval_statistics.py:181: the assertion reads a numeric field, which inproc cannot make predictable while the counters are statics of a process that evaluates in parallel -- see #118</skipped></testcase><testcase classname="tests.nanopynix.test_exception_translation" name="test_a_plain_nix_error_from_nix_itself_is_a_nix_error[local]" time="0.007" /><testcase classname="tests.nanopynix.test_exception_translation" name="test_our_own_binding_throws_pick_a_registered_subclass[local]" time="0.007" /><testcase classname="tests.nanopynix.test_exception_translation" name="test_specific_types_still_win_over_the_catch_all[local-&quot;hi&quot;]" time="0.006" /><testcase classname="tests.nanopynix.test_exception_translation" name="test_eval_base_error_is_bound_even_though_it_is_not_an_eval_error[local]" time="0.011" /><testcase classname="tests.nanopynix.test_exception_translation" name="test_standard_cxx_exceptions_are_left_to_nanobind[local]" time="0.007" /><testcase classname="tests.nanopynix.test_exception_translation" name="test_missing_attribute_is_both_a_key_error_and_a_nix_error[local]" time="0.008" /><testcase classname="tests.nanopynix.test_exception_translation" name="test_list_index_is_both_an_index_error_and_a_nix_error[local]" time="0.006" /><testcase classname="tests.nanopynix.test_exception_translation" name="test_rpc_dispatches_identically_to_inproc[local-&quot;hi&quot;]" time="0.209" /><testcase classname="tests.nanopynix.test_exception_translation" name="test_rpc_round_trips_the_catch_all_type_name[local]" time="0.219" /><testcase classname="tests.nanopynix.test_flake_lock_graph" name="test_find_input_returns_a_locked_ref_with_a_rev[local]" time="0.040" /><testcase classname="tests.nanopynix.test_flake_lock_graph" name="test_find_input_returns_none_for_a_name_that_is_not_an_input[local]" time="0.034" /><testcase classname="tests.nanopynix.test_flake_lock_graph" name="test_find_input_resolves_a_follows_edge[local]" time="0.036" /><testcase classname="tests.nanopynix.test_flake_lock_graph" name="test_both_engines_answer_the_same[local]" time="0.314" /><testcase classname="tests.nanopynix.test_flake_lock_graph" name="test_metadata_json_carries_the_whole_graph[local]" time="0.027" /><testcase classname="tests.nanopynix.test_fork_safety" name="test_a_subprocess_is_not_a_fork[local]" time="0.149" /><testcase classname="tests.nanopynix.test_fork_safety" name="test_an_inproc_operation_in_a_fork_is_refused[local]" time="0.176" /><testcase classname="tests.nanopynix.test_fork_safety" name="test_an_inproc_fork_tears_nothing_down[local]" time="0.203" /><testcase classname="tests.nanopynix.test_fork_safety" name="test_a_fork_cannot_open_an_inproc_session_of_its_own[local]" time="0.196" /><testcase classname="tests.nanopynix.test_fork_safety" name="test_an_rpc_operation_in_a_fork_is_refused[local]" time="0.302" /><testcase classname="tests.nanopynix.test_fork_safety" name="test_an_rpc_fork_leaves_the_workers_of_its_parent_alone[local]" time="0.351" /><testcase classname="tests.nanopynix.test_fork_safety" name="test_an_evaluator_needs_no_init_libexpr_before_it[local]" time="1.132" /><testcase classname="tests.nanopynix.test_fork_safety" name="test_a_fork_after_a_closed_inproc_session_is_still_refused[local]" time="0.223" /><testcase classname="tests.nanopynix.test_fork_safety" name="test_fork_first_then_open_still_works_for_inproc[local]" time="1.261" /><testcase classname="tests.nanopynix.test_fork_safety" name="test_a_forked_child_opens_an_rpc_session_of_its_own[local]" time="2.289" /><testcase classname="tests.nanopynix.test_fork_safety" name="test_a_forked_child_opens_a_stdio_session[local]" time="1.981" /><testcase classname="tests.nanopynix.test_fork_safety" name="test_an_rpc_session_starts_a_spawn_worker_with_no_fork[local]" time="1.837" /><testcase classname="tests.nanopynix.test_hostile_inputs" name="test_a_settings_value_nix_rejects_names_the_setting[local-negative-max-jobs]" time="0.155" /><testcase classname="tests.nanopynix.test_hostile_inputs" name="test_a_refused_setting_leaves_no_worker_behind[local]" time="0.159" /><testcase classname="tests.nanopynix.test_hostile_inputs" name="test_an_unknown_experimental_feature_is_a_bare_runtime_error[local]" time="0.156" /><testcase classname="tests.nanopynix.test_hostile_inputs" name="test_an_unknown_evaluator_handle_names_the_handle[local]" time="0.205" /><testcase classname="tests.nanopynix.test_hostile_inputs" name="test_handle_zero_still_says_to_open_an_evaluator[local]" time="0.214" /><testcase classname="tests.nanopynix.test_hostile_inputs" name="test_an_unknown_value_handle_still_answers_with_a_bare_key_error[local]" time="0.208" /><testcase classname="tests.nanopynix.test_hostile_inputs" name="test_a_value_proxy_says_so_after_its_evaluator_closes[local]" time="0.223" /><testcase classname="tests.nanopynix.test_hostile_inputs" name="test_a_value_proxy_says_so_after_the_worker_dies[local]" time="0.204" /><testcase classname="tests.nanopynix.test_logging" name="test_an_error_event_carries_the_same_payload_on_both_engines[local]" time="0.236" /><testcase classname="tests.nanopynix.test_repl_scope_capacity" name="test_inproc_fills_the_repl_scope_exactly_to_the_end[local]" time="0.039" /><testcase classname="tests.nanopynix.test_repl_scope_capacity" name="test_rpc_fills_the_repl_scope_exactly_to_the_end[local]" time="0.479" /><testcase classname="tests.nanopynix.test_repl_scope_capacity" name="test_inproc_refuses_one_binding_past_the_end[local]" time="0.027" /><testcase classname="tests.nanopynix.test_repl_scope_capacity" name="test_rpc_refuses_one_binding_past_the_end[local]" time="0.248" /><testcase classname="tests.nanopynix.test_scalar_accessor_semantics" name="test_inproc_navigation_accessors_are_strict[local-42]" time="0.009" /><testcase classname="tests.nanopynix.test_scalar_accessor_semantics" name="test_rpc_navigation_accessors_are_strict[local-42]" time="0.232" /><testcase classname="tests.nanopynix.test_scalar_accessor_semantics" name="test_inproc_as_accessors_are_strict[local-&quot;42&quot;]" time="0.009" /><testcase classname="tests.nanopynix.test_scalar_accessor_semantics" name="test_rpc_as_accessors_are_strict_the_same_way[local-&quot;42&quot;]" time="0.231" /><testcase classname="tests.nanopynix.test_scalar_accessor_semantics" name="test_inproc_apply_tostring_is_nix_tostring[local-&quot;x&quot;]" time="0.010" /><testcase classname="tests.nanopynix.test_scalar_accessor_semantics" name="test_rpc_apply_tostring_is_nix_tostring[local-&quot;x&quot;]" time="0.229" /><testcase classname="tests.nanopynix.test_scalar_accessor_semantics" name="test_apply_tostring_rejects_what_nix_rejects[local-{ a = 1; }]" time="0.241" /><testcase classname="tests.nanopynix.test_scalar_accessor_semantics" name="test_apply_reaches_any_builtin[local-builtins.length]" time="0.009" /><testcase classname="tests.nanopynix.test_scalar_accessor_semantics" name="test_apply_accepts_an_already_evaluated_function[local]" time="0.009" /><testcase classname="tests.nanopynix.test_scalar_accessor_semantics" name="test_inproc_reads_a_string_carrying_store_path_context[local]" time="0.009" /><testcase classname="tests.nanopynix.test_scalar_accessor_semantics" name="test_rpc_reads_a_string_carrying_store_path_context[local]" time="0.222" /><testcase classname="tests.nanopynix.test_scalar_accessor_semantics" name="test_inproc_deep_conversion_follows_nix_tojson[local-{ a = 1; b = [ 1 &quot;two&quot; ]; }]" time="0.007" /><testcase classname="tests.nanopynix.test_scalar_accessor_semantics" name="test_inproc_deep_conversion_rejects_a_function[local-x: x]" time="0.008" /><testcase classname="tests.nanopynix.test_scalar_accessor_semantics" name="test_deep_conversion_of_a_derivation_terminates[local]" time="0.008" /><testcase classname="tests.nanopynix.test_scalar_accessor_semantics" name="test_deep_conversion_of_a_true_cycle_raises_instead_of_crashing[local]" time="0.073" /><testcase classname="tests.nanopynix.test_scalar_accessor_semantics" name="test_max_call_depth_is_a_nix_error_with_error_info[local]" time="0.015" /><testcase classname="tests.nanopynix.test_scalar_accessor_semantics" name="test_inproc_reports_runaway_recursion_at_nixs_default_depth[local]" time="0.056" /><testcase classname="tests.nanopynix.test_scalar_accessor_semantics" name="test_rpc_reports_runaway_recursion_at_nixs_default_depth[local]" time="0.270" /><testcase classname="tests.nanopynix.test_session_env" name="test_the_worker_reads_the_value_the_session_named[local]" time="0.221" /><testcase classname="tests.nanopynix.test_session_env" name="test_the_worker_keeps_the_environment_it_inherited[local]" time="0.236" /><testcase classname="tests.nanopynix.test_store_dump_db" name="test_dump_db_matches_the_nix_store_command[local]" time="0.244" /><testcase classname="tests.nanopynix.test_store_dump_db" name="test_both_engines_produce_the_same_registration[local]" time="0.422" /><testcase classname="tests.nanopynix.test_store_dump_db" name="test_the_records_follow_the_order_of_the_argument[local]" time="0.009" /><testcase classname="tests.nanopynix.test_store_dump_db" name="test_show_hash_and_show_derivers_drop_their_fields[local]" time="0.204" /><testcase classname="tests.nanopynix.test_store_dump_db" name="test_the_registration_makes_a_store_that_never_saw_the_paths_valid[local]" time="0.304" /><testcase classname="tests.nanopynix.test_store_engine_parity_semantics" name="test_engines_agree_on_success[local-query_missing_no_selector]" time="0.384" /><testcase classname="tests.nanopynix.test_store_engine_parity_semantics" name="test_engines_agree_on_failure[local-parse_store_path_'empty']" time="0.420" /><testcase classname="tests.nanopynix.test_store_engine_parity_semantics" name="test_engines_agree_across_a_whole_input_row[local-is_valid_path]" time="0.450" /><testcase classname="tests.nanopynix.test_store_engine_parity_semantics" name="test_every_row_tells_its_inputs_apart[local-is_valid_path]" time="0.209" /><testcase classname="tests.nanopynix.test_store_engine_parity_semantics" name="test_engines_agree_across_a_hash_part_row[local-query_path_from_hash_part]" time="0.451" /><testcase classname="tests.nanopynix.test_store_engine_parity_semantics" name="test_an_unmapped_gc_action_is_a_ValueError_on_both_engines[local]" time="0.235" /><testcase classname="tests.nanopynix.test_store_engine_parity_semantics" name="test_the_selector_actually_reaches_nix[local]" time="0.131" /><testcase classname="tests.nanopynix.test_store_engine_parity_semantics" name="test_a_bare_drv_round_trips_through_its_own_reply[local]" time="0.007" /><testcase classname="tests.nanopynix.test_store_engine_parity_semantics" name="test_a_bare_drv_means_every_output_on_both_engines[local]" time="0.265" /><testcase classname="tests.nanopynix.test_store_exec" name="test_inproc_a_program_in_a_relocated_store_runs_through_the_exec_prefix[local]" time="0.272" /><testcase classname="tests.nanopynix.test_store_exec" name="test_rpc_a_program_in_a_relocated_store_runs_through_the_exec_prefix[local]" time="0.459" /><testcase classname="tests.nanopynix.test_store_metadata_fidelity" name="test_inproc_read_derivation_keeps_structured_attrs[local]" time="0.009" /><testcase classname="tests.nanopynix.test_store_metadata_fidelity" name="test_rpc_read_derivation_keeps_structured_attrs[local]" time="0.226" /><testcase classname="tests.nanopynix.test_store_metadata_fidelity" name="test_inproc_query_path_info_reports_signatures[local]" time="0.130" /><testcase classname="tests.nanopynix.test_store_metadata_fidelity" name="test_rpc_query_path_info_reports_signatures[local]" time="0.329" /><testcase classname="tests.nanopynix.test_store_metadata_fidelity" name="test_inproc_read_derivation_keeps_nested_input_drvs[local]" time="0.015" /><testcase classname="tests.nanopynix.test_store_metadata_fidelity" name="test_rpc_read_derivation_keeps_nested_input_drvs[local]" time="0.223" /><testcase classname="tests.nanopynix.test_stores" name="test_both_engines_open_auto_the_way_resolve_auto_uri_asks[local]" time="0.204" /><testcase classname="tests.nanopynix.test_test_environment" name="test_isolated_environment_uses_its_configured_store[local]" time="0.226" /><testcase classname="tests.nanopynix.test_test_environment" name="test_local_and_daemon_roots_are_backend_specific[local]" time="0.001" /><testcase classname="tests.nanopynix.test_test_environment" name="test_inproc_session_uses_its_configured_store[local]" time="0.020" /><testcase classname="tests.nanopynix.test_verbosity" name="test_both_engines_start_at_nixs_own_default_verbosity[local]" time="0.151" /><testcase classname="tests.nanopynix.test_verbosity" name="test_an_evaluator_owns_its_verbosity_and_falls_back_to_its_session[local]" time="0.232" /><testcase classname="tests.nanopynix.test_verbosity" name="test_two_evaluators_of_one_session_hold_different_levels[local]" time="0.214" /><testcase classname="tests.nanopynix.test_verbosity" name="test_a_store_logs_at_its_sessions_level_not_an_evaluators[local]" time="0.223" /><testcase classname="tests.nanopynix.test_verbosity" name="test_each_evaluator_filters_its_own_events_at_its_own_level[local]" time="0.217" /><testcase classname="tests.nanopynix.test_verbosity" name="test_a_change_of_level_reaches_a_thread_that_already_ran[local]" time="0.009" /><testcase classname="tests.nanopynix.test_verbosity" name="test_nix_filters_at_a_pinned_ceiling_that_no_call_moves[local]" time="0.004" /><testcase classname="tests.nanopynix.test_verbosity" name="test_verbosity_accessors_return_a_LogLevel_not_a_bare_int[local]" time="0.228" /><testcase classname="tests.pynix.test_build" name="test_build_file_derivation[local]" time="1.704" /><testcase classname="tests.pynix.test_build" name="test_build_file_derivation_attr[local]" time="1.444" /><testcase classname="tests.pynix.test_build" name="test_build_file_auto_calls_defaulted_lambda_before_attr[local]" time="1.541" /><testcase classname="tests.pynix.test_build" name="test_build_missing_attr_errors_before_build[local]" time="0.328" /><testcase classname="tests.pynix.test_build" name="test_build_flake_derivation[local]" time="13.147" /><testcase classname="tests.pynix.test_build" name="test_build_update_fod_without_file_errors[local]" time="0.023" /><testcase classname="tests.pynix.test_build" name="test_build_update_fod_with_a_fetched_file_errors[local]" time="0.005" /><testcase classname="tests.pynix.test_build" name="test_build_dry_run_without_update_fod_errors[local]" time="0.004" /><testcase classname="tests.pynix.test_build" name="test_build_propagates_a_non_fod_build_failure[local]" time="1.559" /><testcase classname="tests.pynix.test_build" name="test_build_with_separate_eval_store[local]" time="1.631" /><testcase classname="tests.pynix.test_build" name="test_build_update_fod_dry_run_reports_local_fetchurl_diff[local]" time="1.001" /><testcase classname="tests.pynix.test_build" name="test_build_update_fod_rewrites_and_rebuilds[local]" time="1.057" /><testcase classname="tests.pynix.test_build" name="test_build_update_fod_rewrites_each_named_run_command_dependency[local]" time="6.906" /><testcase classname="tests.pynix.test_build" name="test_eval_only_finds_fixed_output_dependencies_in_derivation_closure[local]" time="1.879" /><testcase classname="tests.pynix.test_build" name="test_build_update_fod_reports_an_ambiguous_hash_literal[local]" time="0.982" /><testcase classname="tests.pynix.test_build" name="test_build_target_raises_when_mismatch_is_not_in_the_target_closure[local]" time="0.690" /><testcase classname="tests.pynix.test_build" name="test_build_target_requires_a_file_target_to_update_a_fod[local]" time="0.321" /><testcase classname="tests.pynix.test_build" name="test_build_target_stops_after_ten_fixed_output_hash_updates[local]" time="4.878" /><testcase classname="tests.pynix.test_derivation_show" name="test_show_file[local]" time="0.912" /><testcase classname="tests.pynix.test_derivation_show" name="test_show_file_with_attr[local]" time="0.673" /><testcase classname="tests.pynix.test_derivation_show" name="test_show_flake[local]" time="14.183" /><testcase classname="tests.pynix.test_derivation_show" name="test_show_flake_greeting_is_not_derivation[local]" time="13.254" /><testcase classname="tests.pynix.test_derivation_show" name="test_show_file_missing_attr_errors[local]" time="0.321" /><testcase classname="tests.pynix.test_derivation_show" name="test_show_file_wrong_type_attr_errors[local]" time="0.334" /><testcase classname="tests.pynix.test_derivation_show" name="test_show_file_non_string_drv_path_errors[local]" time="0.356" /><testcase classname="tests.pynix.test_develop" name="test_print_dev_env_json_matches_nix[local]" time="3.138" /><testcase classname="tests.pynix.test_develop" name="test_print_dev_env_json_matches_nix_for_structured_attrs[local]" time="2.952" /><testcase classname="tests.pynix.test_develop" name="test_print_dev_env_prints_bash_that_restores_the_environment[local]" time="0.631" /><testcase classname="tests.pynix.test_develop" name="test_the_original_derivation_is_untouched[local]" time="1.927" /><testcase classname="tests.pynix.test_develop" name="test_a_derivation_whose_builder_is_not_bash_is_refused[local]" time="0.599" /><testcase classname="tests.pynix.test_develop" name="test_develop_runs_a_command_in_the_environment[local]" time="5.715" /><testcase classname="tests.pynix.test_develop" name="test_develop_reports_the_exit_status_of_its_command[local]" time="5.174" /><testcase classname="tests.pynix.test_eval" name="test_eval_expr[local]" time="0.311" /><testcase classname="tests.pynix.test_eval" name="test_eval_string[local]" time="0.315" /><testcase classname="tests.pynix.test_eval" name="test_eval_file[local]" time="0.323" /><testcase classname="tests.pynix.test_eval" name="test_eval_file_attr[local]" time="0.322" /><testcase classname="tests.pynix.test_eval" name="test_eval_json_sorted_keys[local]" time="0.314" /><testcase classname="tests.pynix.test_eval" name="test_eval_reads_expression_from_stdin[local]" time="0.334" /><testcase classname="tests.pynix.test_eval" name="test_eval_file_missing_attr_errors[local]" time="0.339" /><testcase classname="tests.pynix.test_flake_attr_selection" name="test_a_fragment_finds_the_packages_prefix_first[local]" time="0.347" /><testcase classname="tests.pynix.test_flake_attr_selection" name="test_a_fragment_falls_through_to_legacy_packages[local]" time="0.353" /><testcase classname="tests.pynix.test_flake_attr_selection" name="test_a_fragment_falls_through_to_the_bare_path[local]" time="0.365" /><testcase classname="tests.pynix.test_flake_attr_selection" name="test_a_leading_dot_reaches_the_top_level[local]" time="0.367" /><testcase classname="tests.pynix.test_flake_attr_selection" name="test_no_fragment_takes_the_default_of_the_command[local]" time="0.351" /><testcase classname="tests.pynix.test_flake_attr_selection" name="test_a_quoted_component_holds_its_dot[local]" time="0.337" /><testcase classname="tests.pynix.test_flake_attr_selection" name="test_a_missing_fragment_names_every_candidate[local]" time="0.340" /><testcase classname="tests.pynix.test_flake_attr_selection" name="test_the_attr_flag_still_selects_exactly_what_it_says[local]" time="0.368" /><testcase classname="tests.pynix.test_flake_metadata" name="test_flake_metadata_matches_nix[local]" time="0.424" /><testcase classname="tests.pynix.test_flake_metadata" name="test_the_locks_object_holds_the_whole_graph[local]" time="0.356" /><testcase classname="tests.pynix.test_flake_show" name="test_flake_show_root[local]" time="14.695" /><testcase classname="tests.pynix.test_flake_show" name="test_flake_show_with_hash_attrpath[local]" time="13.230" /><testcase classname="tests.pynix.test_flake_show" name="test_flake_show_with_a_separate_attrpath_flag_navigates_further[local]" time="13.789" /><testcase classname="tests.pynix.test_flake_show" name="test_flake_metadata_json_does_not_write_lock_file[local]" time="12.882" /><testcase classname="tests.pynix.test_flake_show" name="test_flake_info_aliases_metadata[local]" time="10.837" /><testcase classname="tests.pynix.test_log" name="test_nanopynix_store_get_build_log_from_populated_store[local]" time="2.925" /><testcase classname="tests.pynix.test_log" name="test_pynix_log_prints_build_log_from_populated_store[local]" time="0.298" /><testcase classname="tests.pynix.test_log" name="test_pynix_log_errors_when_build_log_unavailable[local]" time="0.003" /><testcase classname="tests.pynix.test_lsp" name="test_hover_resolves_a_real_evaluated_value[local]" time="0.257" /><testcase classname="tests.pynix.test_lsp" name="test_completion_lists_real_attribute_names[local]" time="0.227" /><testcase classname="tests.pynix.test_lsp" name="test_completion_resolves_options_through_a_full_module_system_eval[local]" time="0.464" /><testcase classname="tests.pynix.test_lsp" name="test_bare_attrpath_completion_falls_back_to_the_options_tree[local-config1.nix]" time="0.500" /><testcase classname="tests.pynix.test_lsp" name="test_pkgs_completion_lists_real_nixpkgs_attributes[local-config1.nix]" time="0.690" /><testcase classname="tests.pynix.test_lsp" name="test_module_arg_prefers_specialargs_over_module_args[local]" time="0.244" /><testcase classname="tests.pynix.test_lsp" name="test_module_arg_falls_back_to_module_args_when_absent_from_specialargs[local]" time="0.273" /><testcase classname="tests.pynix.test_lsp" name="test_module_arg_completion_is_gated_on_the_files_own_declared_formals[local]" time="0.236" /><testcase classname="tests.pynix.test_lsp" name="test_progressive_completion_after_typing_a_trailing_dot[local]" time="0.461" /><testcase classname="tests.pynix.test_lsp" name="test_hover_on_a_bare_definition_key_shows_the_declared_option[local]" time="0.524" /><testcase classname="tests.pynix.test_lsp" name="test_sync_document_reports_a_diagnostic_when_context_eval_fails[local]" time="0.238" /><testcase classname="tests.pynix.test_lsp" name="test_sync_document_reports_a_context_diagnostic_at_the_directives_own_line[local]" time="0.241" /><testcase classname="tests.pynix.test_lsp" name="test_sync_document_reports_a_diagnostic_for_broken_syntax[local]" time="0.193" /><testcase classname="tests.pynix.test_lsp" name="test_context_expression_resolves_relative_to_the_files_own_directory[local]" time="0.224" /><testcase classname="tests.pynix.test_lsp" name="test_document_symbol_lists_bindings_via_the_real_handler[local]" time="0.195" /><testcase classname="tests.pynix.test_lsp" name="test_document_symbols_fall_back_to_the_last_error_free_parse[local]" time="0.195" /><testcase classname="tests.pynix.test_lsp" name="test_hover_falls_back_to_the_last_error_free_parse[local]" time="0.504" /><testcase classname="tests.pynix.test_lsp" name="test_hover_shows_provider_schema_description_for_a_resource_attribute[local]" time="7.924" /><testcase classname="tests.pynix.test_lsp" name="test_completion_lists_real_schema_attribute_names_for_a_resource_type[local]" time="1.854" /><testcase classname="tests.pynix.test_lsp" name="test_hover_resolves_a_cross_resource_reference_inside_a_tfref_string[local]" time="1.886" /><testcase classname="tests.pynix.test_lsp" name="test_completion_inside_a_tfref_string_lists_matching_schema_attribute_names[local]" time="1.864" /><testcase classname="tests.pynix.test_lsp_scenarios" name="test_hover_inside_a_tfref_string_resolves_the_cross_resource_reference[in_process-local]" time="2.069" /><testcase classname="tests.pynix.test_lsp_scenarios" name="test_hover_on_the_resource_type_segment_of_a_tfref_string_summarizes_the_type[in_process-local]" time="1.919" /><testcase classname="tests.pynix.test_lsp_scenarios" name="test_hover_on_a_resource_type_name_summarizes_its_attributes[in_process-local]" time="1.956" /><testcase classname="tests.pynix.test_lsp_scenarios" name="test_select_delete_and_retype_inside_a_tfref_string_updates_completion[in_process-local]" time="2.205" /><testcase classname="tests.pynix.test_lsp_scenarios" name="test_clearing_and_retyping_a_whole_line_still_completes[in_process-local]" time="2.302" /><testcase classname="tests.pynix.test_lsp_scenarios" name="test_bare_top_level_prefix_completes_block_type_keywords[in_process-local]" time="2.033" /><testcase classname="tests.pynix.test_lsp_scenarios" name="test_resource_type_completion_lists_the_full_provider_catalog[in_process-local]" time="2.034" /><testcase classname="tests.pynix.test_lsp_scenarios" name="test_hover_on_a_core_meta_argument_resolves_via_the_tofu_core_schema[in_process-local]" time="1.827" /><testcase classname="tests.pynix.test_lsp_scenarios" name="test_completion_after_a_partial_core_meta_argument_name[in_process-local]" time="1.939" /><testcase classname="tests.pynix.test_lsp_scenarios" name="test_hover_on_a_resource_instance_name_also_summarizes_its_type[in_process-local]" time="1.798" /><testcase classname="tests.pynix.test_lsp_scenarios" name="test_hover_on_a_module_arg_resolves_via_terranixs_own_module_system[in_process-local]" time="1.869" /><testcase classname="tests.pynix.test_lsp_scenarios" name="test_unknown_attribute_reports_tf001_unless_suppressed_on_its_own_line[in_process-local]" time="1.810" /><testcase classname="tests.pynix.test_lsp_scenarios" name="test_resource_type_completion_still_works_inside_an_explicit_config_wrapper[in_process-local]" time="1.907" /><testcase classname="tests.pynix.test_lsp_scenarios" name="test_hover_on_a_module_arg_resolves_for_easykubenix_files[in_process-local]" time="2.177" /><testcase classname="tests.pynix.test_lsp_scenarios" name="test_hover_on_a_real_easykubenix_option_description[in_process-local]" time="0.591" /><testcase classname="tests.pynix.test_lsp_scenarios" name="test_hover_on_a_module_arg_still_works_inside_an_explicit_config_wrapper[in_process-local]" time="0.552" /><testcase classname="tests.pynix.test_lsp_scenarios" name="test_completion_right_after_the_top_level_kubernetes_dot_lists_real_options[in_process-local]" time="0.591" /><testcase classname="tests.pynix.test_lsp_scenarios" name="test_completion_right_after_the_objects_dot_lists_declared_namespace_names[in_process-local]" time="0.587" /><testcase classname="tests.pynix.test_lsp_scenarios" name="test_completion_right_after_the_namespace_dot_lists_known_kind_names[in_process-local]" time="0.563" /><testcase classname="tests.pynix.test_lsp_scenarios" name="test_completion_right_after_the_kind_dot_does_not_crash_with_no_name_source[in_process-local]" time="0.542" /><testcase classname="tests.pynix.test_lsp_scenarios" name="test_completion_right_after_the_instance_name_dot_lists_top_level_object_fields[in_process-local]" time="0.798" /><testcase classname="tests.pynix.test_lsp_scenarios" name="test_completion_right_after_the_spec_dot_lists_deployment_spec_fields[in_process-local]" time="0.754" /><testcase classname="tests.pynix.test_lsp_scenarios" name="test_completion_right_after_the_template_dot_lists_pod_template_spec_fields[in_process-local]" time="0.733" /><testcase classname="tests.pynix.test_lsp_scenarios" name="test_completion_right_after_the_second_spec_dot_lists_pod_spec_fields[in_process-local]" time="0.756" /><testcase classname="tests.pynix.test_lsp_scenarios" name="test_hover_on_a_kind_name_summarizes_it_via_the_openapi_schema[in_process-local]" time="0.701" /><testcase classname="tests.pynix.test_lsp_scenarios" name="test_hover_on_a_field_inside_a_kubernetes_object_body_resolves_via_the_openapi_schema[in_process-local]" time="0.768" /><testcase classname="tests.pynix.test_lsp_scenarios" name="test_completion_inside_a_kubernetes_object_body_lists_openapi_schema_fields[in_process-local]" time="0.741" /><testcase classname="tests.pynix.test_lsp_scenarios" name="test_hover_on_a_field_written_in_nested_attrset_style_still_resolves_via_the_openapi_schema[in_process-local]" time="0.723" /><testcase classname="tests.pynix.test_lsp_scenarios" name="test_completion_on_a_bare_key_in_nested_attrset_style_recovers_the_kind_context[in_process-local]" time="0.713" /><testcase classname="tests.pynix.test_lsp_scenarios" name="test_renaming_a_let_binding_updates_every_reference_but_not_a_shadowed_inner_one[in_process-local]" time="0.225" /><testcase classname="tests.pynix.test_lsp_scenarios" name="test_renaming_a_formal_updates_a_sibling_defaults_reference_too[in_process-local]" time="0.225" /><testcase classname="tests.pynix.test_lsp_scenarios" name="test_document_highlight_and_references_count_every_span_in_the_shadowing_aware_scope[in_process-local]" time="0.227" /><testcase classname="tests.pynix.test_lsp_scenarios" name="test_prepare_rename_refuses_on_a_nixos_option_reference[in_process-local]" time="0.516" /><testcase classname="tests.pynix.test_lsp_scenarios" name="test_go_to_definition_on_an_import_path_literal_jumps_to_the_imported_file[in_process-local]" time="0.469" /><testcase classname="tests.pynix.test_lsp_scenarios" name="test_go_to_definition_on_a_nixos_option_reference_lands_on_its_declaration[in_process-local]" time="0.494" /><testcase classname="tests.pynix.test_lsp_scenarios" name="test_go_to_definition_on_a_composed_package_attribute_gracefully_finds_nothing[in_process-local]" time="0.527" /><testcase classname="tests.pynix.test_osearch" name="test_osearch_builds_index_and_finds_a_match[local]" time="0.585" /><testcase classname="tests.pynix.test_osearch" name="test_osearch_survives_an_option_whose_default_cannot_be_evaluated[local]" time="0.621" /><testcase classname="tests.pynix.test_osearch" name="test_osearch_filters_out_internal_options[local]" time="0.650" /><testcase classname="tests.pynix.test_osearch" name="test_osearch_second_run_hits_the_cache_without_a_working_store[local]" time="0.582" /><testcase classname="tests.pynix.test_osearch" name="test_osearch_update_index_rebuilds_the_cache[local]" time="1.170" /><testcase classname="tests.pynix.test_osearch" name="test_osearch_limit_truncates_results[local]" time="0.617" /><testcase classname="tests.pynix.test_path_info" name="test_path_info[local]" time="0.555" /><testcase classname="tests.pynix.test_path_info" name="test_path_info_nonexistent[local]" time="0.339" /><testcase classname="tests.pynix.test_real_store_scenario" name="test_scenario_starts_with_empty_temporary_store[local]" time="0.266" /><testcase classname="tests.pynix.test_real_store_scenario" name="test_scenario_verifies_temporary_store_dirs[local]" time="0.346" /><testcase classname="tests.pynix.test_real_store_scenario" name="test_scenario_adds_file_with_pynix[local]" time="0.360" /><testcase classname="tests.pynix.test_real_store_scenario" name="test_scenario_adds_local_package_with_pynix[local]" time="0.345" /><testcase classname="tests.pynix.test_real_store_scenario" name="test_scenario_builds_local_derivation_and_forwards_logs[local]" time="1.727" /><testcase classname="tests.pynix.test_real_store_scenario" name="test_scenario_reads_local_build_log_with_pynix[local]" time="0.327" /><testcase classname="tests.pynix.test_real_store_scenario" name="test_scenario_reuses_paths_for_follow_up_store_queries[local]" time="0.665" /><testcase classname="tests.pynix.test_real_store_scenario" name="test_scenario_builds_nixpkgs_hello_from_file[local]" time="0.915" /><testcase classname="tests.pynix.test_real_store_scenario" name="test_scenario_builds_flake_hello[local]" time="15.407" /><testcase classname="tests.pynix.test_real_store_scenario" name="test_scenario_builds_hello_unfree_locally[local]" time="1.718" /><testcase classname="tests.pynix.test_repl" name="test_repl_run_executes_a_full_interactive_session[local]" time="0.353" /><testcase classname="tests.pynix.test_repl" name="test_repl_run_loads_a_file_target_into_initial_scope[local]" time="0.382" /><testcase classname="tests.pynix.test_repl" name="test_repl_run_loads_a_flake_target_into_initial_scope[local]" time="13.643" /><testcase classname="tests.pynix.test_repl" name="test_repl_run_reports_missing_attr_in_initial_target[local]" time="0.380" /><testcase classname="tests.pynix.test_shared_eval_cache" name="test_two_files_sharing_a_directive_share_the_same_eval_session[local]" time="0.486" /><testcase classname="tests.pynix.test_shared_eval_cache" name="test_closing_one_of_two_sharing_files_leaves_the_other_working[local]" time="0.481" /><testcase classname="tests.pynix.test_shared_eval_cache" name="test_closing_both_sharing_files_actually_releases_the_shared_entry[local]" time="0.488" /><testcase classname="tests.pynix.test_shared_eval_cache" name="test_a_second_file_opening_a_shared_entry_gets_fast_completion_after_the_first_warms_it[local]" time="0.925" /><testcase classname="tests.pynix.test_store_add" name="test_nanopynix_add_to_store_imports_file[local]" time="0.267" /><testcase classname="tests.pynix.test_store_add" name="test_pynix_store_add_file_imports_and_can_be_read[local]" time="0.353" /><testcase classname="tests.pynix.test_store_add" name="test_pynix_store_add_path_imports_directory[local]" time="0.336" /><testcase classname="tests.pynix.test_store_add" name="test_pynix_store_add_dry_run_does_not_import[local]" time="0.335" /><testcase classname="tests.pynix.test_store_gc" name="test_print_roots[local]" time="3.305" /><testcase classname="tests.pynix.test_store_gc" name="test_print_alive[local]" time="1.429" /><testcase classname="tests.pynix.test_store_gc" name="test_print_dead_dry_run[local]" time="1.207" /><testcase classname="tests.pynix.test_store_gc" name="test_path_from_hash_part[local]" time="0.347" /><testcase classname="tests.pynix.test_store_gc" name="test_store_info[local]" time="0.348" /><testcase classname="tests.pynix.test_store_gc" name="test_is_valid_path[local]" time="0.335" /><testcase classname="tests.pynix.test_store_gc" name="test_follow_links_to_store_path[local]" time="0.362" /><testcase classname="tests.pynix.test_store_gc" name="test_compute_fs_closure[local]" time="0.348" /><testcase classname="tests.pynix.test_store_gc" name="test_query_missing[local]" time="0.343" /><testcase classname="tests.pynix.test_store_gc" name="test_query_derivation_outputs[local]" time="1.060" /><testcase classname="tests.pynix.test_store_gc" name="test_query_valid_derivers[local]" time="0.330" /><testcase classname="tests.pynix.test_store_gc" name="test_list_valid_paths[local]" time="0.368" /><testcase classname="tests.pynix.test_store_gc" name="test_query_referrers[local]" time="0.338" /><testcase classname="tests.pynix.test_store_gc" name="test_query_substitutable_paths[local]" time="0.999" /><testcase classname="tests.pynix.test_store_gc" name="test_add_temp_root[local]" time="0.328" /><testcase classname="tests.pynix.test_store_gc" name="test_add_perm_root_and_indirect_root[local]" time="0.651" /><testcase classname="tests.pynix.test_store_gc" name="test_ensure_path[local]" time="0.332" /><testcase classname="tests.pynix.test_store_gc" name="test_store_cat_reads_file_from_populated_store[local]" time="0.349" /><testcase classname="tests.pynix.test_store_gc" name="test_store_ls_lists_populated_store_path[local]" time="0.673" /><testcase classname="tests.pynix.test_store_gc" name="test_optimise_empty_store[local]" time="0.321" /><testcase classname="tests.pynix.test_store_gc" name="test_verify_empty_store[local]" time="0.319" /><testcase classname="tests.meta.test_agent_note_imports" name="test_the_scanner_can_see_the_test_tree" time="0.010" /><testcase classname="tests.meta.test_agent_note_imports" name="test_the_scanner_matches_the_shape_it_is_looking_for" time="0.001" /><testcase classname="tests.meta.test_agent_note_imports" name="test_no_test_module_imports_pytest_agent_directly" time="0.082" /><testcase classname="tests.meta.test_ansi_filtering" name="test_scanner_can_see_the_repository" time="0.011" /><testcase classname="tests.meta.test_ansi_filtering" name="test_no_module_writes_its_own_ansi_pattern" time="1.426" /><testcase classname="tests.meta.test_ansi_filtering.TestScannerCatchesAPattern" name="test_the_strip_ansi_package_pattern" time="0.001" /><testcase classname="tests.meta.test_ansi_filtering.TestScannerCatchesAPattern" name="test_the_fod_pattern" time="0.001" /><testcase classname="tests.meta.test_ansi_filtering.TestScannerCatchesAPattern" name="test_the_parity_test_pattern" time="0.001" /><testcase classname="tests.meta.test_ansi_filtering.TestScannerCatchesAPattern" name="test_a_plain_literal_holding_the_character" time="0.001" /><testcase classname="tests.meta.test_ansi_filtering.TestScannerCatchesAPattern" name="test_an_f_string_pattern" time="0.001" /><testcase classname="tests.meta.test_ansi_filtering.TestScannerCatchesAPattern" name="test_a_function_other_than_compile" time="0.001" /><testcase classname="tests.meta.test_ansi_filtering.TestScannerAllowsWhatTheRepositoryDoes" name="test_an_escape_in_a_test_fixture" time="0.001" /><testcase classname="tests.meta.test_ansi_filtering.TestScannerAllowsWhatTheRepositoryDoes" name="test_an_escape_in_a_docstring" time="0.001" /><testcase classname="tests.meta.test_ansi_filtering.TestScannerAllowsWhatTheRepositoryDoes" name="test_a_regex_that_is_not_about_escapes" time="0.001" /><testcase classname="tests.meta.test_ansi_filtering.TestScannerAllowsWhatTheRepositoryDoes" name="test_an_escape_passed_to_a_regex_as_the_subject" time="0.001" /><testcase classname="tests.meta.test_ansi_filtering.TestScannerAllowsWhatTheRepositoryDoes" name="test_re_escape_of_a_sequence" time="0.001" /><testcase classname="tests.meta.test_ci_step_policy" name="test_the_workflows_are_present" time="0.121" /><testcase classname="tests.meta.test_ci_step_policy" name="test_a_run_body_is_one_line[on_commit.yml-commit-subjects-Check the Conventional Commits subject of each pushed commit-nix run --file . ciSteps.commit-subjects]" time="0.001" /><testcase classname="tests.meta.test_ci_step_policy" name="test_a_run_body_is_one_line[on_commit.yml-docs-build-Build documentation-nix build --file . nanopynix-docs --out-link result --print-build-logs --print-out-paths]" time="0.001" /><testcase classname="tests.meta.test_ci_step_policy" name="test_a_run_body_is_one_line[on_commit.yml-docs-build-Verify docs closure-nix store verify --recursive --no-trust &quot;$(readlink -f result)&quot;]" time="0.001" /><testcase classname="tests.meta.test_ci_step_policy" name="test_a_run_body_is_one_line[on_commit.yml-docs-build-Prepare Pages artifact-nix run --file . ciSteps.prepare-pages]" time="0.001" /><testcase classname="tests.meta.test_ci_step_policy" name="test_a_run_body_is_one_line[on_commit.yml-static-checks-Run the gates (format, grpclib-transports, lint, lint-strict, pytest-agent, shell, test-support, types)-nix build --file . --no-link --print-build-logs --keep-going checks.format checks.grpclib-transports checks.lint checks.lint-strict checks.pytest-agent checks.shell checks.test-support checks.types]" time="0.001" /><testcase classname="tests.meta.test_ci_step_policy" name="test_a_run_body_is_one_line[on_commit.yml-test-asan-git-Build the ASAN CI step package (git)-nix build --file . &quot;$CI_STEP&quot; --out-link result --print-build-logs --print-out-paths]" time="0.001" /><testcase classname="tests.meta.test_ci_step_policy" name="test_a_run_body_is_one_line[on_commit.yml-test-asan-git-Enable Nix sandbox namespaces-nix run --file . ciSteps.enable-sandbox-namespaces]" time="0.001" /><testcase classname="tests.meta.test_ci_step_policy" name="test_a_run_body_is_one_line[on_commit.yml-test-asan-git-Run ASAN-instrumented suite (git, local backend)-./result/bin/nanopynix-ci suite]" time="0.001" /><testcase classname="tests.meta.test_ci_step_policy" name="test_a_run_body_is_one_line[on_commit.yml-test-asan-git-Run the concurrency soak (ASAN, git)-./result/bin/nanopynix-ci soak]" time="0.001" /><testcase classname="tests.meta.test_ci_step_policy" name="test_a_run_body_is_one_line[on_commit.yml-test-asan-nix_2_34-Build the ASAN CI step package (nix_2_34)-nix build --file . &quot;$CI_STEP&quot; --out-link result --print-build-logs --print-out-paths]" time="0.001" /><testcase classname="tests.meta.test_ci_step_policy" name="test_a_run_body_is_one_line[on_commit.yml-test-asan-nix_2_34-Enable Nix sandbox namespaces-nix run --file . ciSteps.enable-sandbox-namespaces]" time="0.001" /><testcase classname="tests.meta.test_ci_step_policy" name="test_a_run_body_is_one_line[on_commit.yml-test-asan-nix_2_34-Run ASAN-instrumented suite (nix_2_34, local backend)-./result/bin/nanopynix-ci suite]" time="0.001" /><testcase classname="tests.meta.test_ci_step_policy" name="test_a_run_body_is_one_line[on_commit.yml-test-asan-nix_2_34-Run the concurrency soak (ASAN, nix_2_34)-./result/bin/nanopynix-ci soak]" time="0.001" /><testcase classname="tests.meta.test_ci_step_policy" name="test_a_run_body_is_one_line[on_commit.yml-test-asan-nix_2_35-Build the ASAN CI step package (nix_2_35)-nix build --file . &quot;$CI_STEP&quot; --out-link result --print-build-logs --print-out-paths]" time="0.001" /><testcase classname="tests.meta.test_ci_step_policy" name="test_a_run_body_is_one_line[on_commit.yml-test-asan-nix_2_35-Enable Nix sandbox namespaces-nix run --file . ciSteps.enable-sandbox-namespaces]" time="0.001" /><testcase classname="tests.meta.test_ci_step_policy" name="test_a_run_body_is_one_line[on_commit.yml-test-asan-nix_2_35-Run ASAN-instrumented suite (nix_2_35, local backend)-./result/bin/nanopynix-ci suite]" time="0.001" /><testcase classname="tests.meta.test_ci_step_policy" name="test_a_run_body_is_one_line[on_commit.yml-test-asan-nix_2_35-Run the concurrency soak (ASAN, nix_2_35)-./result/bin/nanopynix-ci soak]" time="0.001" /><testcase classname="tests.meta.test_ci_step_policy" name="test_a_run_body_is_one_line[on_commit.yml-test-daemon-git-Build the CI step package for Nix git-nix build --file . &quot;$CI_STEP&quot; --out-link result --print-build-logs --print-out-paths]" time="0.001" /><testcase classname="tests.meta.test_ci_step_policy" name="test_a_run_body_is_one_line[on_commit.yml-test-daemon-git-Verify test runner closure after build-nix store verify --recursive --no-trust &quot;$(readlink -f result)&quot;]" time="0.001" /><testcase classname="tests.meta.test_ci_step_policy" name="test_a_run_body_is_one_line[on_commit.yml-test-daemon-git-Enable Nix sandbox namespaces-nix run --file . ciSteps.enable-sandbox-namespaces]" time="0.001" /><testcase classname="tests.meta.test_ci_step_policy" name="test_a_run_body_is_one_line[on_commit.yml-test-daemon-git-Test nanopynix against Nix git (full suite, daemon backend)-./result/bin/nanopynix-ci suite]" time="0.001" /><testcase classname="tests.meta.test_ci_step_policy" name="test_a_run_body_is_one_line[on_commit.yml-test-daemon-git-Run the concurrency soak (git, daemon backend)-./result/bin/nanopynix-ci soak]" time="0.001" /><testcase classname="tests.meta.test_ci_step_policy" name="test_a_run_body_is_one_line[on_commit.yml-test-daemon-git-Verify test runner closure after tests-nix store verify --recursive --no-trust &quot;$(readlink -f result)&quot;]" time="0.001" /><testcase classname="tests.meta.test_ci_step_policy" name="test_a_run_body_is_one_line[on_commit.yml-test-daemon-nix_2_34-Build the CI step package for Nix nix_2_34-nix build --file . &quot;$CI_STEP&quot; --out-link result --print-build-logs --print-out-paths]" time="0.001" /><testcase classname="tests.meta.test_ci_step_policy" name="test_a_run_body_is_one_line[on_commit.yml-test-daemon-nix_2_34-Verify test runner closure after build-nix store verify --recursive --no-trust &quot;$(readlink -f result)&quot;]" time="0.001" /><testcase classname="tests.meta.test_ci_step_policy" name="test_a_run_body_is_one_line[on_commit.yml-test-daemon-nix_2_34-Enable Nix sandbox namespaces-nix run --file . ciSteps.enable-sandbox-namespaces]" time="0.001" /><testcase classname="tests.meta.test_ci_step_policy" name="test_a_run_body_is_one_line[on_commit.yml-test-daemon-nix_2_34-Test nanopynix against Nix nix_2_34 (full suite, daemon backend)-./result/bin/nanopynix-ci suite]" time="0.001" /><testcase classname="tests.meta.test_ci_step_policy" name="test_a_run_body_is_one_line[on_commit.yml-test-daemon-nix_2_34-Run the concurrency soak (nix_2_34, daemon backend)-./result/bin/nanopynix-ci soak]" time="0.001" /><testcase classname="tests.meta.test_ci_step_policy" name="test_a_run_body_is_one_line[on_commit.yml-test-daemon-nix_2_34-Verify test runner closure after tests-nix store verify --recursive --no-trust &quot;$(readlink -f result)&quot;]" time="0.001" /><testcase classname="tests.meta.test_ci_step_policy" name="test_a_run_body_is_one_line[on_commit.yml-test-daemon-nix_2_35-Build the CI step package for Nix nix_2_35-nix build --file . &quot;$CI_STEP&quot; --out-link result --print-build-logs --print-out-paths]" time="0.001" /><testcase classname="tests.meta.test_ci_step_policy" name="test_a_run_body_is_one_line[on_commit.yml-test-daemon-nix_2_35-Verify test runner closure after build-nix store verify --recursive --no-trust &quot;$(readlink -f result)&quot;]" time="0.001" /><testcase classname="tests.meta.test_ci_step_policy" name="test_a_run_body_is_one_line[on_commit.yml-test-daemon-nix_2_35-Enable Nix sandbox namespaces-nix run --file . ciSteps.enable-sandbox-namespaces]" time="0.001" /><testcase classname="tests.meta.test_ci_step_policy" name="test_a_run_body_is_one_line[on_commit.yml-test-daemon-nix_2_35-Test nanopynix against Nix nix_2_35 (full suite, daemon backend)-./result/bin/nanopynix-ci suite]" time="0.001" /><testcase classname="tests.meta.test_ci_step_policy" name="test_a_run_body_is_one_line[on_commit.yml-test-daemon-nix_2_35-Run the concurrency soak (nix_2_35, daemon backend)-./result/bin/nanopynix-ci soak]" time="0.001" /><testcase classname="tests.meta.test_ci_step_policy" name="test_a_run_body_is_one_line[on_commit.yml-test-daemon-nix_2_35-Verify test runner closure after tests-nix store verify --recursive --no-trust &quot;$(readlink -f result)&quot;]" time="0.001" /><testcase classname="tests.meta.test_ci_step_policy" name="test_a_run_body_is_one_line[on_commit.yml-test-local-git-Build the CI step package for Nix git-nix build --file . &quot;$CI_STEP&quot; --out-link result --print-build-logs --print-out-paths]" time="0.001" /><testcase classname="tests.meta.test_ci_step_policy" name="test_a_run_body_is_one_line[on_commit.yml-test-local-git-Verify test runner closure after build-nix store verify --recursive --no-trust &quot;$(readlink -f result)&quot;]" time="0.001" /><testcase classname="tests.meta.test_ci_step_policy" name="test_a_run_body_is_one_line[on_commit.yml-test-local-git-Enable Nix sandbox namespaces-nix run --file . ciSteps.enable-sandbox-namespaces]" time="0.001" /><testcase classname="tests.meta.test_ci_step_policy" name="test_a_run_body_is_one_line[on_commit.yml-test-local-git-Test nanopynix against Nix git (full suite, local backend)-./result/bin/nanopynix-ci suite]" time="0.001" /><testcase classname="tests.meta.test_ci_step_policy" name="test_a_run_body_is_one_line[on_commit.yml-test-local-git-Run the concurrency soak (git, local backend)-./result/bin/nanopynix-ci soak]" time="0.001" /><testcase classname="tests.meta.test_ci_step_policy" name="test_a_run_body_is_one_line[on_commit.yml-test-local-git-Verify test runner closure after tests-nix store verify --recursive --no-trust &quot;$(readlink -f result)&quot;]" time="0.001" /><testcase classname="tests.meta.test_ci_step_policy" name="test_a_run_body_is_one_line[on_commit.yml-test-local-nix_2_34-Build the CI step package for Nix nix_2_34-nix build --file . &quot;$CI_STEP&quot; --out-link result --print-build-logs --print-out-paths]" time="0.001" /><testcase classname="tests.meta.test_ci_step_policy" name="test_a_run_body_is_one_line[on_commit.yml-test-local-nix_2_34-Verify test runner closure after build-nix store verify --recursive --no-trust &quot;$(readlink -f result)&quot;]" time="0.001" /><testcase classname="tests.meta.test_ci_step_policy" name="test_a_run_body_is_one_line[on_commit.yml-test-local-nix_2_34-Enable Nix sandbox namespaces-nix run --file . ciSteps.enable-sandbox-namespaces]" time="0.001" /><testcase classname="tests.meta.test_ci_step_policy" name="test_a_run_body_is_one_line[on_commit.yml-test-local-nix_2_34-Test nanopynix against Nix nix_2_34 (full suite, local backend)-./result/bin/nanopynix-ci suite]" time="0.001" /><testcase classname="tests.meta.test_ci_step_policy" name="test_a_run_body_is_one_line[on_commit.yml-test-local-nix_2_34-Run the concurrency soak (nix_2_34, local backend)-./result/bin/nanopynix-ci soak]" time="0.001" /><testcase classname="tests.meta.test_ci_step_policy" name="test_a_run_body_is_one_line[on_commit.yml-test-local-nix_2_34-Verify test runner closure after tests-nix store verify --recursive --no-trust &quot;$(readlink -f result)&quot;]" time="0.001" /><testcase classname="tests.meta.test_ci_step_policy" name="test_a_run_body_is_one_line[on_commit.yml-test-local-nix_2_35-Build the CI step package for Nix nix_2_35-nix build --file . &quot;$CI_STEP&quot; --out-link result --print-build-logs --print-out-paths]" time="0.001" /><testcase classname="tests.meta.test_ci_step_policy" name="test_a_run_body_is_one_line[on_commit.yml-test-local-nix_2_35-Verify test runner closure after build-nix store verify --recursive --no-trust &quot;$(readlink -f result)&quot;]" time="0.001" /><testcase classname="tests.meta.test_ci_step_policy" name="test_a_run_body_is_one_line[on_commit.yml-test-local-nix_2_35-Enable Nix sandbox namespaces-nix run --file . ciSteps.enable-sandbox-namespaces]" time="0.001" /><testcase classname="tests.meta.test_ci_step_policy" name="test_a_run_body_is_one_line[on_commit.yml-test-local-nix_2_35-Test nanopynix against Nix nix_2_35 (full suite, local backend)-./result/bin/nanopynix-ci suite]" time="0.001" /><testcase classname="tests.meta.test_ci_step_policy" name="test_a_run_body_is_one_line[on_commit.yml-test-local-nix_2_35-Run the concurrency soak (nix_2_35, local backend)-./result/bin/nanopynix-ci soak]" time="0.001" /><testcase classname="tests.meta.test_ci_step_policy" name="test_a_run_body_is_one_line[on_commit.yml-test-local-nix_2_35-Verify test runner closure after tests-nix store verify --recursive --no-trust &quot;$(readlink -f result)&quot;]" time="0.001" /><testcase classname="tests.meta.test_ci_step_policy" name="test_a_run_body_is_one_line[on_commit.yml-test-nogc-git-Build the no-collector CI step package (git)-nix build --file . &quot;$CI_STEP&quot; --out-link result --print-build-logs --print-out-paths]" time="0.001" /><testcase classname="tests.meta.test_ci_step_policy" name="test_a_run_body_is_one_line[on_commit.yml-test-nogc-git-Enable Nix sandbox namespaces-nix run --file . ciSteps.enable-sandbox-namespaces]" time="0.001" /><testcase classname="tests.meta.test_ci_step_policy" name="test_a_run_body_is_one_line[on_commit.yml-test-nogc-git-Run the suite without a collector (git, local backend)-./result/bin/nanopynix-ci suite]" time="0.001" /><testcase classname="tests.meta.test_ci_step_policy" name="test_a_run_body_is_one_line[on_commit.yml-test-nogc-git-Run the concurrency soak (no collector, git)-./result/bin/nanopynix-ci soak]" time="0.001" /><testcase classname="tests.meta.test_ci_step_policy" name="test_a_run_body_is_one_line[on_commit.yml-test-nogc-nix_2_34-Build the no-collector CI step package (nix_2_34)-nix build --file . &quot;$CI_STEP&quot; --out-link result --print-build-logs --print-out-paths]" time="0.001" /><testcase classname="tests.meta.test_ci_step_policy" name="test_a_run_body_is_one_line[on_commit.yml-test-nogc-nix_2_34-Enable Nix sandbox namespaces-nix run --file . ciSteps.enable-sandbox-namespaces]" time="0.001" /><testcase classname="tests.meta.test_ci_step_policy" name="test_a_run_body_is_one_line[on_commit.yml-test-nogc-nix_2_34-Run the suite without a collector (nix_2_34, local backend)-./result/bin/nanopynix-ci suite]" time="0.001" /><testcase classname="tests.meta.test_ci_step_policy" name="test_a_run_body_is_one_line[on_commit.yml-test-nogc-nix_2_34-Run the concurrency soak (no collector, nix_2_34)-./result/bin/nanopynix-ci soak]" time="0.001" /><testcase classname="tests.meta.test_ci_step_policy" name="test_a_run_body_is_one_line[on_commit.yml-test-nogc-nix_2_35-Build the no-collector CI step package (nix_2_35)-nix build --file . &quot;$CI_STEP&quot; --out-link result --print-build-logs --print-out-paths]" time="0.001" /><testcase classname="tests.meta.test_ci_step_policy" name="test_a_run_body_is_one_line[on_commit.yml-test-nogc-nix_2_35-Enable Nix sandbox namespaces-nix run --file . ciSteps.enable-sandbox-namespaces]" time="0.001" /><testcase classname="tests.meta.test_ci_step_policy" name="test_a_run_body_is_one_line[on_commit.yml-test-nogc-nix_2_35-Run the suite without a collector (nix_2_35, local backend)-./result/bin/nanopynix-ci suite]" time="0.001" /><testcase classname="tests.meta.test_ci_step_policy" name="test_a_run_body_is_one_line[on_commit.yml-test-nogc-nix_2_35-Run the concurrency soak (no collector, nix_2_35)-./result/bin/nanopynix-ci soak]" time="0.001" /><testcase classname="tests.meta.test_ci_step_policy" name="test_a_run_body_is_one_line[on_commit.yml-test-tsan-git-Build the TSAN CI step package (git)-nix build --file . &quot;$CI_STEP&quot; --out-link result --print-build-logs --print-out-paths]" time="0.001" /><testcase classname="tests.meta.test_ci_step_policy" name="test_a_run_body_is_one_line[on_commit.yml-test-tsan-git-Enable Nix sandbox namespaces-nix run --file . ciSteps.enable-sandbox-namespaces]" time="0.001" /><testcase classname="tests.meta.test_ci_step_policy" name="test_a_run_body_is_one_line[on_commit.yml-test-tsan-git-Run TSAN-instrumented concurrency soak (five seeds, local+daemon backends)-./result/bin/nanopynix-ci soak-seeds]" time="0.001" /><testcase classname="tests.meta.test_ci_step_policy" name="test_a_run_body_is_one_line[on_commit.yml-test-tsan-git-Run TSAN-instrumented concurrency tests (single pass, local+daemon backends)-./result/bin/nanopynix-ci broad]" time="0.001" /><testcase classname="tests.meta.test_ci_step_policy" name="test_a_run_body_is_one_line[on_commit.yml-test-tsan-nix_2_34-Build the TSAN CI step package (nix_2_34)-nix build --file . &quot;$CI_STEP&quot; --out-link result --print-build-logs --print-out-paths]" time="0.001" /><testcase classname="tests.meta.test_ci_step_policy" name="test_a_run_body_is_one_line[on_commit.yml-test-tsan-nix_2_34-Enable Nix sandbox namespaces-nix run --file . ciSteps.enable-sandbox-namespaces]" time="0.001" /><testcase classname="tests.meta.test_ci_step_policy" name="test_a_run_body_is_one_line[on_commit.yml-test-tsan-nix_2_34-Run TSAN-instrumented concurrency soak (five seeds, local+daemon backends)-./result/bin/nanopynix-ci soak-seeds]" time="0.001" /><testcase classname="tests.meta.test_ci_step_policy" name="test_a_run_body_is_one_line[on_commit.yml-test-tsan-nix_2_34-Run TSAN-instrumented concurrency tests (single pass, local+daemon backends)-./result/bin/nanopynix-ci broad]" time="0.001" /><testcase classname="tests.meta.test_ci_step_policy" name="test_a_run_body_is_one_line[on_commit.yml-test-tsan-nix_2_35-Build the TSAN CI step package (nix_2_35)-nix build --file . &quot;$CI_STEP&quot; --out-link result --print-build-logs --print-out-paths]" time="0.001" /><testcase classname="tests.meta.test_ci_step_policy" name="test_a_run_body_is_one_line[on_commit.yml-test-tsan-nix_2_35-Enable Nix sandbox namespaces-nix run --file . ciSteps.enable-sandbox-namespaces]" time="0.001" /><testcase classname="tests.meta.test_ci_step_policy" name="test_a_run_body_is_one_line[on_commit.yml-test-tsan-nix_2_35-Run TSAN-instrumented concurrency soak (five seeds, local+daemon backends)-./result/bin/nanopynix-ci soak-seeds]" time="0.001" /><testcase classname="tests.meta.test_ci_step_policy" name="test_a_run_body_is_one_line[on_commit.yml-test-tsan-nix_2_35-Run TSAN-instrumented concurrency tests (single pass, local+daemon backends)-./result/bin/nanopynix-ci broad]" time="0.001" /><testcase classname="tests.meta.test_ci_step_policy" name="test_a_run_body_is_one_line[on_commit.yml-test-ubsan-git-Build the UBSAN CI step package (git)-nix build --file . &quot;$CI_STEP&quot; --out-link result --print-build-logs --print-out-paths]" time="0.001" /><testcase classname="tests.meta.test_ci_step_policy" name="test_a_run_body_is_one_line[on_commit.yml-test-ubsan-git-Enable Nix sandbox namespaces-nix run --file . ciSteps.enable-sandbox-namespaces]" time="0.001" /><testcase classname="tests.meta.test_ci_step_policy" name="test_a_run_body_is_one_line[on_commit.yml-test-ubsan-git-Run UBSAN-instrumented suite (git, local backend)-./result/bin/nanopynix-ci suite]" time="0.001" /><testcase classname="tests.meta.test_ci_step_policy" name="test_a_run_body_is_one_line[on_commit.yml-test-ubsan-git-Run the concurrency soak (UBSAN, git)-./result/bin/nanopynix-ci soak]" time="0.001" /><testcase classname="tests.meta.test_ci_step_policy" name="test_a_run_body_is_one_line[on_commit.yml-test-ubsan-nix_2_34-Build the UBSAN CI step package (nix_2_34)-nix build --file . &quot;$CI_STEP&quot; --out-link result --print-build-logs --print-out-paths]" time="0.001" /><testcase classname="tests.meta.test_ci_step_policy" name="test_a_run_body_is_one_line[on_commit.yml-test-ubsan-nix_2_34-Enable Nix sandbox namespaces-nix run --file . ciSteps.enable-sandbox-namespaces]" time="0.001" /><testcase classname="tests.meta.test_ci_step_policy" name="test_a_run_body_is_one_line[on_commit.yml-test-ubsan-nix_2_34-Run UBSAN-instrumented suite (nix_2_34, local backend)-./result/bin/nanopynix-ci suite]" time="0.001" /><testcase classname="tests.meta.test_ci_step_policy" name="test_a_run_body_is_one_line[on_commit.yml-test-ubsan-nix_2_34-Run the concurrency soak (UBSAN, nix_2_34)-./result/bin/nanopynix-ci soak]" time="0.001" /><testcase classname="tests.meta.test_ci_step_policy" name="test_a_run_body_is_one_line[on_commit.yml-test-ubsan-nix_2_35-Build the UBSAN CI step package (nix_2_35)-nix build --file . &quot;$CI_STEP&quot; --out-link result --print-build-logs --print-out-paths]" time="0.001" /><testcase classname="tests.meta.test_ci_step_policy" name="test_a_run_body_is_one_line[on_commit.yml-test-ubsan-nix_2_35-Enable Nix sandbox namespaces-nix run --file . ciSteps.enable-sandbox-namespaces]" time="0.001" /><testcase classname="tests.meta.test_ci_step_policy" name="test_a_run_body_is_one_line[on_commit.yml-test-ubsan-nix_2_35-Run UBSAN-instrumented suite (nix_2_35, local backend)-./result/bin/nanopynix-ci suite]" time="0.001" /><testcase classname="tests.meta.test_ci_step_policy" name="test_a_run_body_is_one_line[on_commit.yml-test-ubsan-nix_2_35-Run the concurrency soak (UBSAN, nix_2_35)-./result/bin/nanopynix-ci soak]" time="0.001" /><testcase classname="tests.meta.test_ci_step_policy" name="test_a_run_body_is_one_line[on_experiment.yml-experiment-Check the ref-nix run --file . ciSteps.check-dispatch-ref]" time="0.001" /><testcase classname="tests.meta.test_ci_step_policy" name="test_a_run_body_is_one_line[on_experiment.yml-experiment-Enable Nix sandbox namespaces-nix run --file . ciSteps.enable-sandbox-namespaces]" time="0.001" /><testcase classname="tests.meta.test_ci_step_policy" name="test_a_run_body_is_one_line[on_experiment.yml-experiment-Run ${{ inputs.experiment }}-nix run --file . &quot;experiments.$EXPERIMENT&quot;]" time="0.001" /><testcase classname="tests.meta.test_ci_step_policy" name="test_a_run_body_is_one_line[on_schedule.yml-docs-build-Build documentation-nix build --file . nanopynix-docs --out-link result --print-build-logs --print-out-paths]" time="0.001" /><testcase classname="tests.meta.test_ci_step_policy" name="test_a_run_body_is_one_line[on_schedule.yml-docs-build-Verify docs closure-nix store verify --recursive --no-trust &quot;$(readlink -f result)&quot;]" time="0.001" /><testcase classname="tests.meta.test_ci_step_policy" name="test_a_run_body_is_one_line[on_schedule.yml-docs-build-Prepare Pages artifact-nix run --file . ciSteps.prepare-pages]" time="0.001" /><testcase classname="tests.meta.test_ci_step_policy" name="test_a_run_body_is_one_line[on_schedule.yml-static-checks-Run the gates (format, grpclib-transports, lint, lint-strict, pytest-agent, shell, test-support, types)-nix build --file . --no-link --print-build-logs --keep-going checks.format checks.grpclib-transports checks.lint checks.lint-strict checks.pytest-agent checks.shell checks.test-support checks.types]" time="0.001" /><testcase classname="tests.meta.test_ci_step_policy" name="test_a_run_body_is_one_line[on_schedule.yml-test-asan-Build the ASAN CI step package (${{ matrix.version }})-nix build --file . &quot;$CI_STEP&quot; --out-link result --print-build-logs --print-out-paths]" time="0.001" /><testcase classname="tests.meta.test_ci_step_policy" name="test_a_run_body_is_one_line[on_schedule.yml-test-asan-Enable Nix sandbox namespaces-nix run --file . ciSteps.enable-sandbox-namespaces]" time="0.001" /><testcase classname="tests.meta.test_ci_step_policy" name="test_a_run_body_is_one_line[on_schedule.yml-test-asan-Run ASAN-instrumented suite (${{ matrix.version }}, local backend)-./result/bin/nanopynix-ci suite]" time="0.001" /><testcase classname="tests.meta.test_ci_step_policy" name="test_a_run_body_is_one_line[on_schedule.yml-test-asan-Run the concurrency soak (ASAN, ${{ matrix.version }})-./result/bin/nanopynix-ci soak]" time="0.001" /><testcase classname="tests.meta.test_ci_step_policy" name="test_a_run_body_is_one_line[on_schedule.yml-test-nogc-Build the no-collector CI step package (${{ matrix.version }})-nix build --file . &quot;$CI_STEP&quot; --out-link result --print-build-logs --print-out-paths]" time="0.001" /><testcase classname="tests.meta.test_ci_step_policy" name="test_a_run_body_is_one_line[on_schedule.yml-test-nogc-Enable Nix sandbox namespaces-nix run --file . ciSteps.enable-sandbox-namespaces]" time="0.001" /><testcase classname="tests.meta.test_ci_step_policy" name="test_a_run_body_is_one_line[on_schedule.yml-test-nogc-Run the suite without a collector (${{ matrix.version }}, local backend)-./result/bin/nanopynix-ci suite]" time="0.001" /><testcase classname="tests.meta.test_ci_step_policy" name="test_a_run_body_is_one_line[on_schedule.yml-test-nogc-Run the concurrency soak (no collector, ${{ matrix.version }})-./result/bin/nanopynix-ci soak]" time="0.001" /><testcase classname="tests.meta.test_ci_step_policy" name="test_a_run_body_is_one_line[on_schedule.yml-test-regular-Build the CI step package for Nix ${{ matrix.version }}-nix build --file . &quot;$CI_STEP&quot; --out-link result --print-build-logs --print-out-paths]" time="0.001" /><testcase classname="tests.meta.test_ci_step_policy" name="test_a_run_body_is_one_line[on_schedule.yml-test-regular-Verify test runner closure after build-nix store verify --recursive --no-trust &quot;$(readlink -f result)&quot;]" time="0.001" /><testcase classname="tests.meta.test_ci_step_policy" name="test_a_run_body_is_one_line[on_schedule.yml-test-regular-Enable Nix sandbox namespaces-nix run --file . ciSteps.enable-sandbox-namespaces]" time="0.001" /><testcase classname="tests.meta.test_ci_step_policy" name="test_a_run_body_is_one_line[on_schedule.yml-test-regular-Test nanopynix against Nix ${{ matrix.version }} (full suite, ${{ matrix.backend }} backend)-./result/bin/nanopynix-ci suite]" time="0.001" /><testcase classname="tests.meta.test_ci_step_policy" name="test_a_run_body_is_one_line[on_schedule.yml-test-regular-Run the concurrency soak (${{ matrix.version }}, ${{ matrix.backend }} backend)-./result/bin/nanopynix-ci soak]" time="0.001" /><testcase classname="tests.meta.test_ci_step_policy" name="test_a_run_body_is_one_line[on_schedule.yml-test-regular-Verify test runner closure after tests-nix store verify --recursive --no-trust &quot;$(readlink -f result)&quot;]" time="0.001" /><testcase classname="tests.meta.test_ci_step_policy" name="test_a_run_body_is_one_line[on_schedule.yml-test-tsan-Build the TSAN CI step package (${{ matrix.version }})-nix build --file . &quot;$CI_STEP&quot; --out-link result --print-build-logs --print-out-paths]" time="0.001" /><testcase classname="tests.meta.test_ci_step_policy" name="test_a_run_body_is_one_line[on_schedule.yml-test-tsan-Enable Nix sandbox namespaces-nix run --file . ciSteps.enable-sandbox-namespaces]" time="0.001" /><testcase classname="tests.meta.test_ci_step_policy" name="test_a_run_body_is_one_line[on_schedule.yml-test-tsan-Run TSAN-instrumented concurrency soak (five seeds, local+daemon backends)-./result/bin/nanopynix-ci soak-seeds]" time="0.001" /><testcase classname="tests.meta.test_ci_step_policy" name="test_a_run_body_is_one_line[on_schedule.yml-test-tsan-Run TSAN-instrumented concurrency tests (single pass, local+daemon backends)-./result/bin/nanopynix-ci broad]" time="0.001" /><testcase classname="tests.meta.test_ci_step_policy" name="test_a_run_body_is_one_line[on_schedule.yml-test-ubsan-Build the UBSAN CI step package (${{ matrix.version }})-nix build --file . &quot;$CI_STEP&quot; --out-link result --print-build-logs --print-out-paths]" time="0.001" /><testcase classname="tests.meta.test_ci_step_policy" name="test_a_run_body_is_one_line[on_schedule.yml-test-ubsan-Enable Nix sandbox namespaces-nix run --file . ciSteps.enable-sandbox-namespaces]" time="0.001" /><testcase classname="tests.meta.test_ci_step_policy" name="test_a_run_body_is_one_line[on_schedule.yml-test-ubsan-Run UBSAN-instrumented suite (${{ matrix.version }}, local backend)-./result/bin/nanopynix-ci suite]" time="0.001" /><testcase classname="tests.meta.test_ci_step_policy" name="test_a_run_body_is_one_line[on_schedule.yml-test-ubsan-Run the concurrency soak (UBSAN, ${{ matrix.version }})-./result/bin/nanopynix-ci soak]" time="0.001" /><testcase classname="tests.meta.test_ci_step_policy" name="test_a_run_body_is_one_line[on_schedule.yml-update-lockfile-Update flake inputs-nix flake update]" time="0.001" /><testcase classname="tests.meta.test_ci_step_policy" name="test_a_run_body_is_one_line[on_schedule.yml-update-lockfile-Compute Nix version matrices-nix run --file . ciSteps.version-matrix]" time="0.001" /><testcase classname="tests.meta.test_ci_step_policy" name="test_a_run_body_is_one_line[on_schedule.yml-wheel-aarch64-Build the wheel-nix build --file . nanopynixWheel --out-link result-wheel --print-build-logs]" time="0.001" /><testcase classname="tests.meta.test_ci_step_policy" name="test_a_run_body_is_one_line[on_schedule.yml-wheel-aarch64-Read the wheel-./scripts/wheel-inspect.sh result-wheel]" time="0.001" /><testcase classname="tests.meta.test_ci_step_policy" name="test_a_run_body_is_one_line[on_schedule.yml-wheel-aarch64-Load the wheel on Rocky Linux 9-./scripts/wheel-smoke.sh result-wheel]" time="0.001" /><testcase classname="tests.meta.test_ci_step_policy" name="test_a_run_body_is_one_line[on_schedule.yml-wheel-x86_64-Build the wheel-nix build --file . nanopynixWheel --out-link result-wheel --print-build-logs]" time="0.001" /><testcase classname="tests.meta.test_ci_step_policy" name="test_a_run_body_is_one_line[on_schedule.yml-wheel-x86_64-Read the wheel-./scripts/wheel-inspect.sh result-wheel]" time="0.001" /><testcase classname="tests.meta.test_ci_step_policy" name="test_a_run_body_is_one_line[on_schedule.yml-wheel-x86_64-Load the wheel on Rocky Linux 9-./scripts/wheel-smoke.sh result-wheel]" time="0.001" /><testcase classname="tests.meta.test_ci_step_policy" name="test_a_run_body_holds_no_workflow_expression[on_commit.yml-commit-subjects-Check the Conventional Commits subject of each pushed commit-nix run --file . ciSteps.commit-subjects]" time="0.001" /><testcase classname="tests.meta.test_ci_step_policy" name="test_a_run_body_holds_no_workflow_expression[on_commit.yml-docs-build-Build documentation-nix build --file . nanopynix-docs --out-link result --print-build-logs --print-out-paths]" time="0.001" /><testcase classname="tests.meta.test_ci_step_policy" name="test_a_run_body_holds_no_workflow_expression[on_commit.yml-docs-build-Verify docs closure-nix store verify --recursive --no-trust &quot;$(readlink -f result)&quot;]" time="0.001" /><testcase classname="tests.meta.test_ci_step_policy" name="test_a_run_body_holds_no_workflow_expression[on_commit.yml-docs-build-Prepare Pages artifact-nix run --file . ciSteps.prepare-pages]" time="0.001" /><testcase classname="tests.meta.test_ci_step_policy" name="test_a_run_body_holds_no_workflow_expression[on_commit.yml-static-checks-Run the gates (format, grpclib-transports, lint, lint-strict, pytest-agent, shell, test-support, types)-nix build --file . --no-link --print-build-logs --keep-going checks.format checks.grpclib-transports checks.lint checks.lint-strict checks.pytest-agent checks.shell checks.test-support checks.types]" time="0.001" /><testcase classname="tests.meta.test_ci_step_policy" name="test_a_run_body_holds_no_workflow_expression[on_commit.yml-test-asan-git-Build the ASAN CI step package (git)-nix build --file . &quot;$CI_STEP&quot; --out-link result --print-build-logs --print-out-paths]" time="0.001" /><testcase classname="tests.meta.test_ci_step_policy" name="test_a_run_body_holds_no_workflow_expression[on_commit.yml-test-asan-git-Enable Nix sandbox namespaces-nix run --file . ciSteps.enable-sandbox-namespaces]" time="0.001" /><testcase classname="tests.meta.test_ci_step_policy" name="test_a_run_body_holds_no_workflow_expression[on_commit.yml-test-asan-git-Run ASAN-instrumented suite (git, local backend)-./result/bin/nanopynix-ci suite]" time="0.001" /><testcase classname="tests.meta.test_ci_step_policy" name="test_a_run_body_holds_no_workflow_expression[on_commit.yml-test-asan-git-Run the concurrency soak (ASAN, git)-./result/bin/nanopynix-ci soak]" time="0.001" /><testcase classname="tests.meta.test_ci_step_policy" name="test_a_run_body_holds_no_workflow_expression[on_commit.yml-test-asan-nix_2_34-Build the ASAN CI step package (nix_2_34)-nix build --file . &quot;$CI_STEP&quot; --out-link result --print-build-logs --print-out-paths]" time="0.001" /><testcase classname="tests.meta.test_ci_step_policy" name="test_a_run_body_holds_no_workflow_expression[on_commit.yml-test-asan-nix_2_34-Enable Nix sandbox namespaces-nix run --file . ciSteps.enable-sandbox-namespaces]" time="0.001" /><testcase classname="tests.meta.test_ci_step_policy" name="test_a_run_body_holds_no_workflow_expression[on_commit.yml-test-asan-nix_2_34-Run ASAN-instrumented suite (nix_2_34, local backend)-./result/bin/nanopynix-ci suite]" time="0.001" /><testcase classname="tests.meta.test_ci_step_policy" name="test_a_run_body_holds_no_workflow_expression[on_commit.yml-test-asan-nix_2_34-Run the concurrency soak (ASAN, nix_2_34)-./result/bin/nanopynix-ci soak]" time="0.001" /><testcase classname="tests.meta.test_ci_step_policy" name="test_a_run_body_holds_no_workflow_expression[on_commit.yml-test-asan-nix_2_35-Build the ASAN CI step package (nix_2_35)-nix build --file . &quot;$CI_STEP&quot; --out-link result --print-build-logs --print-out-paths]" time="0.001" /><testcase classname="tests.meta.test_ci_step_policy" name="test_a_run_body_holds_no_workflow_expression[on_commit.yml-test-asan-nix_2_35-Enable Nix sandbox namespaces-nix run --file . ciSteps.enable-sandbox-namespaces]" time="0.001" /><testcase classname="tests.meta.test_ci_step_policy" name="test_a_run_body_holds_no_workflow_expression[on_commit.yml-test-asan-nix_2_35-Run ASAN-instrumented suite (nix_2_35, local backend)-./result/bin/nanopynix-ci suite]" time="0.001" /><testcase classname="tests.meta.test_ci_step_policy" name="test_a_run_body_holds_no_workflow_expression[on_commit.yml-test-asan-nix_2_35-Run the concurrency soak (ASAN, nix_2_35)-./result/bin/nanopynix-ci soak]" time="0.001" /><testcase classname="tests.meta.test_ci_step_policy" name="test_a_run_body_holds_no_workflow_expression[on_commit.yml-test-daemon-git-Build the CI step package for Nix git-nix build --file . &quot;$CI_STEP&quot; --out-link result --print-build-logs --print-out-paths]" time="0.001" /><testcase classname="tests.meta.test_ci_step_policy" name="test_a_run_body_holds_no_workflow_expression[on_commit.yml-test-daemon-git-Verify test runner closure after build-nix store verify --recursive --no-trust &quot;$(readlink -f result)&quot;]" time="0.001" /><testcase classname="tests.meta.test_ci_step_policy" name="test_a_run_body_holds_no_workflow_expression[on_commit.yml-test-daemon-git-Enable Nix sandbox namespaces-nix run --file . ciSteps.enable-sandbox-namespaces]" time="0.001" /><testcase classname="tests.meta.test_ci_step_policy" name="test_a_run_body_holds_no_workflow_expression[on_commit.yml-test-daemon-git-Test nanopynix against Nix git (full suite, daemon backend)-./result/bin/nanopynix-ci suite]" time="0.001" /><testcase classname="tests.meta.test_ci_step_policy" name="test_a_run_body_holds_no_workflow_expression[on_commit.yml-test-daemon-git-Run the concurrency soak (git, daemon backend)-./result/bin/nanopynix-ci soak]" time="0.001" /><testcase classname="tests.meta.test_ci_step_policy" name="test_a_run_body_holds_no_workflow_expression[on_commit.yml-test-daemon-git-Verify test runner closure after tests-nix store verify --recursive --no-trust &quot;$(readlink -f result)&quot;]" time="0.001" /><testcase classname="tests.meta.test_ci_step_policy" name="test_a_run_body_holds_no_workflow_expression[on_commit.yml-test-daemon-nix_2_34-Build the CI step package for Nix nix_2_34-nix build --file . &quot;$CI_STEP&quot; --out-link result --print-build-logs --print-out-paths]" time="0.001" /><testcase classname="tests.meta.test_ci_step_policy" name="test_a_run_body_holds_no_workflow_expression[on_commit.yml-test-daemon-nix_2_34-Verify test runner closure after build-nix store verify --recursive --no-trust &quot;$(readlink -f result)&quot;]" time="0.001" /><testcase classname="tests.meta.test_ci_step_policy" name="test_a_run_body_holds_no_workflow_expression[on_commit.yml-test-daemon-nix_2_34-Enable Nix sandbox namespaces-nix run --file . ciSteps.enable-sandbox-namespaces]" time="0.001" /><testcase classname="tests.meta.test_ci_step_policy" name="test_a_run_body_holds_no_workflow_expression[on_commit.yml-test-daemon-nix_2_34-Test nanopynix against Nix nix_2_34 (full suite, daemon backend)-./result/bin/nanopynix-ci suite]" time="0.001" /><testcase classname="tests.meta.test_ci_step_policy" name="test_a_run_body_holds_no_workflow_expression[on_commit.yml-test-daemon-nix_2_34-Run the concurrency soak (nix_2_34, daemon backend)-./result/bin/nanopynix-ci soak]" time="0.001" /><testcase classname="tests.meta.test_ci_step_policy" name="test_a_run_body_holds_no_workflow_expression[on_commit.yml-test-daemon-nix_2_34-Verify test runner closure after tests-nix store verify --recursive --no-trust &quot;$(readlink -f result)&quot;]" time="0.001" /><testcase classname="tests.meta.test_ci_step_policy" name="test_a_run_body_holds_no_workflow_expression[on_commit.yml-test-daemon-nix_2_35-Build the CI step package for Nix nix_2_35-nix build --file . &quot;$CI_STEP&quot; --out-link result --print-build-logs --print-out-paths]" time="0.001" /><testcase classname="tests.meta.test_ci_step_policy" name="test_a_run_body_holds_no_workflow_expression[on_commit.yml-test-daemon-nix_2_35-Verify test runner closure after build-nix store verify --recursive --no-trust &quot;$(readlink -f result)&quot;]" time="0.001" /><testcase classname="tests.meta.test_ci_step_policy" name="test_a_run_body_holds_no_workflow_expression[on_commit.yml-test-daemon-nix_2_35-Enable Nix sandbox namespaces-nix run --file . ciSteps.enable-sandbox-namespaces]" time="0.001" /><testcase classname="tests.meta.test_ci_step_policy" name="test_a_run_body_holds_no_workflow_expression[on_commit.yml-test-daemon-nix_2_35-Test nanopynix against Nix nix_2_35 (full suite, daemon backend)-./result/bin/nanopynix-ci suite]" time="0.001" /><testcase classname="tests.meta.test_ci_step_policy" name="test_a_run_body_holds_no_workflow_expression[on_commit.yml-test-daemon-nix_2_35-Run the concurrency soak (nix_2_35, daemon backend)-./result/bin/nanopynix-ci soak]" time="0.001" /><testcase classname="tests.meta.test_ci_step_policy" name="test_a_run_body_holds_no_workflow_expression[on_commit.yml-test-daemon-nix_2_35-Verify test runner closure after tests-nix store verify --recursive --no-trust &quot;$(readlink -f result)&quot;]" time="0.001" /><testcase classname="tests.meta.test_ci_step_policy" name="test_a_run_body_holds_no_workflow_expression[on_commit.yml-test-local-git-Build the CI step package for Nix git-nix build --file . &quot;$CI_STEP&quot; --out-link result --print-build-logs --print-out-paths]" time="0.001" /><testcase classname="tests.meta.test_ci_step_policy" name="test_a_run_body_holds_no_workflow_expression[on_commit.yml-test-local-git-Verify test runner closure after build-nix store verify --recursive --no-trust &quot;$(readlink -f result)&quot;]" time="0.001" /><testcase classname="tests.meta.test_ci_step_policy" name="test_a_run_body_holds_no_workflow_expression[on_commit.yml-test-local-git-Enable Nix sandbox namespaces-nix run --file . ciSteps.enable-sandbox-namespaces]" time="0.001" /><testcase classname="tests.meta.test_ci_step_policy" name="test_a_run_body_holds_no_workflow_expression[on_commit.yml-test-local-git-Test nanopynix against Nix git (full suite, local backend)-./result/bin/nanopynix-ci suite]" time="0.001" /><testcase classname="tests.meta.test_ci_step_policy" name="test_a_run_body_holds_no_workflow_expression[on_commit.yml-test-local-git-Run the concurrency soak (git, local backend)-./result/bin/nanopynix-ci soak]" time="0.001" /><testcase classname="tests.meta.test_ci_step_policy" name="test_a_run_body_holds_no_workflow_expression[on_commit.yml-test-local-git-Verify test runner closure after tests-nix store verify --recursive --no-trust &quot;$(readlink -f result)&quot;]" time="0.001" /><testcase classname="tests.meta.test_ci_step_policy" name="test_a_run_body_holds_no_workflow_expression[on_commit.yml-test-local-nix_2_34-Build the CI step package for Nix nix_2_34-nix build --file . &quot;$CI_STEP&quot; --out-link result --print-build-logs --print-out-paths]" time="0.001" /><testcase classname="tests.meta.test_ci_step_policy" name="test_a_run_body_holds_no_workflow_expression[on_commit.yml-test-local-nix_2_34-Verify test runner closure after build-nix store verify --recursive --no-trust &quot;$(readlink -f result)&quot;]" time="0.001" /><testcase classname="tests.meta.test_ci_step_policy" name="test_a_run_body_holds_no_workflow_expression[on_commit.yml-test-local-nix_2_34-Enable Nix sandbox namespaces-nix run --file . ciSteps.enable-sandbox-namespaces]" time="0.001" /><testcase classname="tests.meta.test_ci_step_policy" name="test_a_run_body_holds_no_workflow_expression[on_commit.yml-test-local-nix_2_34-Test nanopynix against Nix nix_2_34 (full suite, local backend)-./result/bin/nanopynix-ci suite]" time="0.001" /><testcase classname="tests.meta.test_ci_step_policy" name="test_a_run_body_holds_no_workflow_expression[on_commit.yml-test-local-nix_2_34-Run the concurrency soak (nix_2_34, local backend)-./result/bin/nanopynix-ci soak]" time="0.001" /><testcase classname="tests.meta.test_ci_step_policy" name="test_a_run_body_holds_no_workflow_expression[on_commit.yml-test-local-nix_2_34-Verify test runner closure after tests-nix store verify --recursive --no-trust &quot;$(readlink -f result)&quot;]" time="0.001" /><testcase classname="tests.meta.test_ci_step_policy" name="test_a_run_body_holds_no_workflow_expression[on_commit.yml-test-local-nix_2_35-Build the CI step package for Nix nix_2_35-nix build --file . &quot;$CI_STEP&quot; --out-link result --print-build-logs --print-out-paths]" time="0.001" /><testcase classname="tests.meta.test_ci_step_policy" name="test_a_run_body_holds_no_workflow_expression[on_commit.yml-test-local-nix_2_35-Verify test runner closure after build-nix store verify --recursive --no-trust &quot;$(readlink -f result)&quot;]" time="0.001" /><testcase classname="tests.meta.test_ci_step_policy" name="test_a_run_body_holds_no_workflow_expression[on_commit.yml-test-local-nix_2_35-Enable Nix sandbox namespaces-nix run --file . ciSteps.enable-sandbox-namespaces]" time="0.001" /><testcase classname="tests.meta.test_ci_step_policy" name="test_a_run_body_holds_no_workflow_expression[on_commit.yml-test-local-nix_2_35-Test nanopynix against Nix nix_2_35 (full suite, local backend)-./result/bin/nanopynix-ci suite]" time="0.001" /><testcase classname="tests.meta.test_ci_step_policy" name="test_a_run_body_holds_no_workflow_expression[on_commit.yml-test-local-nix_2_35-Run the concurrency soak (nix_2_35, local backend)-./result/bin/nanopynix-ci soak]" time="0.001" /><testcase classname="tests.meta.test_ci_step_policy" name="test_a_run_body_holds_no_workflow_expression[on_commit.yml-test-local-nix_2_35-Verify test runner closure after tests-nix store verify --recursive --no-trust &quot;$(readlink -f result)&quot;]" time="0.001" /><testcase classname="tests.meta.test_ci_step_policy" name="test_a_run_body_holds_no_workflow_expression[on_commit.yml-test-nogc-git-Build the no-collector CI step package (git)-nix build --file . &quot;$CI_STEP&quot; --out-link result --print-build-logs --print-out-paths]" time="0.002" /><testcase classname="tests.meta.test_ci_step_policy" name="test_a_run_body_holds_no_workflow_expression[on_commit.yml-test-nogc-git-Enable Nix sandbox namespaces-nix run --file . ciSteps.enable-sandbox-namespaces]" time="0.001" /><testcase classname="tests.meta.test_ci_step_policy" name="test_a_run_body_holds_no_workflow_expression[on_commit.yml-test-nogc-git-Run the suite without a collector (git, local backend)-./result/bin/nanopynix-ci suite]" time="0.001" /><testcase classname="tests.meta.test_ci_step_policy" name="test_a_run_body_holds_no_workflow_expression[on_commit.yml-test-nogc-git-Run the concurrency soak (no collector, git)-./result/bin/nanopynix-ci soak]" time="0.001" /><testcase classname="tests.meta.test_ci_step_policy" name="test_a_run_body_holds_no_workflow_expression[on_commit.yml-test-nogc-nix_2_34-Build the no-collector CI step package (nix_2_34)-nix build --file . &quot;$CI_STEP&quot; --out-link result --print-build-logs --print-out-paths]" time="0.001" /><testcase classname="tests.meta.test_ci_step_policy" name="test_a_run_body_holds_no_workflow_expression[on_commit.yml-test-nogc-nix_2_34-Enable Nix sandbox namespaces-nix run --file . ciSteps.enable-sandbox-namespaces]" time="0.001" /><testcase classname="tests.meta.test_ci_step_policy" name="test_a_run_body_holds_no_workflow_expression[on_commit.yml-test-nogc-nix_2_34-Run the suite without a collector (nix_2_34, local backend)-./result/bin/nanopynix-ci suite]" time="0.001" /><testcase classname="tests.meta.test_ci_step_policy" name="test_a_run_body_holds_no_workflow_expression[on_commit.yml-test-nogc-nix_2_34-Run the concurrency soak (no collector, nix_2_34)-./result/bin/nanopynix-ci soak]" time="0.001" /><testcase classname="tests.meta.test_ci_step_policy" name="test_a_run_body_holds_no_workflow_expression[on_commit.yml-test-nogc-nix_2_35-Build the no-collector CI step package (nix_2_35)-nix build --file . &quot;$CI_STEP&quot; --out-link result --print-build-logs --print-out-paths]" time="0.001" /><testcase classname="tests.meta.test_ci_step_policy" name="test_a_run_body_holds_no_workflow_expression[on_commit.yml-test-nogc-nix_2_35-Enable Nix sandbox namespaces-nix run --file . ciSteps.enable-sandbox-namespaces]" time="0.001" /><testcase classname="tests.meta.test_ci_step_policy" name="test_a_run_body_holds_no_workflow_expression[on_commit.yml-test-nogc-nix_2_35-Run the suite without a collector (nix_2_35, local backend)-./result/bin/nanopynix-ci suite]" time="0.001" /><testcase classname="tests.meta.test_ci_step_policy" name="test_a_run_body_holds_no_workflow_expression[on_commit.yml-test-nogc-nix_2_35-Run the concurrency soak (no collector, nix_2_35)-./result/bin/nanopynix-ci soak]" time="0.001" /><testcase classname="tests.meta.test_ci_step_policy" name="test_a_run_body_holds_no_workflow_expression[on_commit.yml-test-tsan-git-Build the TSAN CI step package (git)-nix build --file . &quot;$CI_STEP&quot; --out-link result --print-build-logs --print-out-paths]" time="0.001" /><testcase classname="tests.meta.test_ci_step_policy" name="test_a_run_body_holds_no_workflow_expression[on_commit.yml-test-tsan-git-Enable Nix sandbox namespaces-nix run --file . ciSteps.enable-sandbox-namespaces]" time="0.001" /><testcase classname="tests.meta.test_ci_step_policy" name="test_a_run_body_holds_no_workflow_expression[on_commit.yml-test-tsan-git-Run TSAN-instrumented concurrency soak (five seeds, local+daemon backends)-./result/bin/nanopynix-ci soak-seeds]" time="0.001" /><testcase classname="tests.meta.test_ci_step_policy" name="test_a_run_body_holds_no_workflow_expression[on_commit.yml-test-tsan-git-Run TSAN-instrumented concurrency tests (single pass, local+daemon backends)-./result/bin/nanopynix-ci broad]" time="0.001" /><testcase classname="tests.meta.test_ci_step_policy" name="test_a_run_body_holds_no_workflow_expression[on_commit.yml-test-tsan-nix_2_34-Build the TSAN CI step package (nix_2_34)-nix build --file . &quot;$CI_STEP&quot; --out-link result --print-build-logs --print-out-paths]" time="0.001" /><testcase classname="tests.meta.test_ci_step_policy" name="test_a_run_body_holds_no_workflow_expression[on_commit.yml-test-tsan-nix_2_34-Enable Nix sandbox namespaces-nix run --file . ciSteps.enable-sandbox-namespaces]" time="0.001" /><testcase classname="tests.meta.test_ci_step_policy" name="test_a_run_body_holds_no_workflow_expression[on_commit.yml-test-tsan-nix_2_34-Run TSAN-instrumented concurrency soak (five seeds, local+daemon backends)-./result/bin/nanopynix-ci soak-seeds]" time="0.001" /><testcase classname="tests.meta.test_ci_step_policy" name="test_a_run_body_holds_no_workflow_expression[on_commit.yml-test-tsan-nix_2_34-Run TSAN-instrumented concurrency tests (single pass, local+daemon backends)-./result/bin/nanopynix-ci broad]" time="0.001" /><testcase classname="tests.meta.test_ci_step_policy" name="test_a_run_body_holds_no_workflow_expression[on_commit.yml-test-tsan-nix_2_35-Build the TSAN CI step package (nix_2_35)-nix build --file . &quot;$CI_STEP&quot; --out-link result --print-build-logs --print-out-paths]" time="0.001" /><testcase classname="tests.meta.test_ci_step_policy" name="test_a_run_body_holds_no_workflow_expression[on_commit.yml-test-tsan-nix_2_35-Enable Nix sandbox namespaces-nix run --file . ciSteps.enable-sandbox-namespaces]" time="0.001" /><testcase classname="tests.meta.test_ci_step_policy" name="test_a_run_body_holds_no_workflow_expression[on_commit.yml-test-tsan-nix_2_35-Run TSAN-instrumented concurrency soak (five seeds, local+daemon backends)-./result/bin/nanopynix-ci soak-seeds]" time="0.001" /><testcase classname="tests.meta.test_ci_step_policy" name="test_a_run_body_holds_no_workflow_expression[on_commit.yml-test-tsan-nix_2_35-Run TSAN-instrumented concurrency tests (single pass, local+daemon backends)-./result/bin/nanopynix-ci broad]" time="0.001" /><testcase classname="tests.meta.test_ci_step_policy" name="test_a_run_body_holds_no_workflow_expression[on_commit.yml-test-ubsan-git-Build the UBSAN CI step package (git)-nix build --file . &quot;$CI_STEP&quot; --out-link result --print-build-logs --print-out-paths]" time="0.001" /><testcase classname="tests.meta.test_ci_step_policy" name="test_a_run_body_holds_no_workflow_expression[on_commit.yml-test-ubsan-git-Enable Nix sandbox namespaces-nix run --file . ciSteps.enable-sandbox-namespaces]" time="0.001" /><testcase classname="tests.meta.test_ci_step_policy" name="test_a_run_body_holds_no_workflow_expression[on_commit.yml-test-ubsan-git-Run UBSAN-instrumented suite (git, local backend)-./result/bin/nanopynix-ci suite]" time="0.001" /><testcase classname="tests.meta.test_ci_step_policy" name="test_a_run_body_holds_no_workflow_expression[on_commit.yml-test-ubsan-git-Run the concurrency soak (UBSAN, git)-./result/bin/nanopynix-ci soak]" time="0.001" /><testcase classname="tests.meta.test_ci_step_policy" name="test_a_run_body_holds_no_workflow_expression[on_commit.yml-test-ubsan-nix_2_34-Build the UBSAN CI step package (nix_2_34)-nix build --file . &quot;$CI_STEP&quot; --out-link result --print-build-logs --print-out-paths]" time="0.001" /><testcase classname="tests.meta.test_ci_step_policy" name="test_a_run_body_holds_no_workflow_expression[on_commit.yml-test-ubsan-nix_2_34-Enable Nix sandbox namespaces-nix run --file . ciSteps.enable-sandbox-namespaces]" time="0.001" /><testcase classname="tests.meta.test_ci_step_policy" name="test_a_run_body_holds_no_workflow_expression[on_commit.yml-test-ubsan-nix_2_34-Run UBSAN-instrumented suite (nix_2_34, local backend)-./result/bin/nanopynix-ci suite]" time="0.001" /><testcase classname="tests.meta.test_ci_step_policy" name="test_a_run_body_holds_no_workflow_expression[on_commit.yml-test-ubsan-nix_2_34-Run the concurrency soak (UBSAN, nix_2_34)-./result/bin/nanopynix-ci soak]" time="0.001" /><testcase classname="tests.meta.test_ci_step_policy" name="test_a_run_body_holds_no_workflow_expression[on_commit.yml-test-ubsan-nix_2_35-Build the UBSAN CI step package (nix_2_35)-nix build --file . &quot;$CI_STEP&quot; --out-link result --print-build-logs --print-out-paths]" time="0.001" /><testcase classname="tests.meta.test_ci_step_policy" name="test_a_run_body_holds_no_workflow_expression[on_commit.yml-test-ubsan-nix_2_35-Enable Nix sandbox namespaces-nix run --file . ciSteps.enable-sandbox-namespaces]" time="0.001" /><testcase classname="tests.meta.test_ci_step_policy" name="test_a_run_body_holds_no_workflow_expression[on_commit.yml-test-ubsan-nix_2_35-Run UBSAN-instrumented suite (nix_2_35, local backend)-./result/bin/nanopynix-ci suite]" time="0.001" /><testcase classname="tests.meta.test_ci_step_policy" name="test_a_run_body_holds_no_workflow_expression[on_commit.yml-test-ubsan-nix_2_35-Run the concurrency soak (UBSAN, nix_2_35)-./result/bin/nanopynix-ci soak]" time="0.001" /><testcase classname="tests.meta.test_ci_step_policy" name="test_a_run_body_holds_no_workflow_expression[on_experiment.yml-experiment-Check the ref-nix run --file . ciSteps.check-dispatch-ref]" time="0.001" /><testcase classname="tests.meta.test_ci_step_policy" name="test_a_run_body_holds_no_workflow_expression[on_experiment.yml-experiment-Enable Nix sandbox namespaces-nix run --file . ciSteps.enable-sandbox-namespaces]" time="0.001" /><testcase classname="tests.meta.test_ci_step_policy" name="test_a_run_body_holds_no_workflow_expression[on_experiment.yml-experiment-Run ${{ inputs.experiment }}-nix run --file . &quot;experiments.$EXPERIMENT&quot;]" time="0.001" /><testcase classname="tests.meta.test_ci_step_policy" name="test_a_run_body_holds_no_workflow_expression[on_schedule.yml-docs-build-Build documentation-nix build --file . nanopynix-docs --out-link result --print-build-logs --print-out-paths]" time="0.001" /><testcase classname="tests.meta.test_ci_step_policy" name="test_a_run_body_holds_no_workflow_expression[on_schedule.yml-docs-build-Verify docs closure-nix store verify --recursive --no-trust &quot;$(readlink -f result)&quot;]" time="0.001" /><testcase classname="tests.meta.test_ci_step_policy" name="test_a_run_body_holds_no_workflow_expression[on_schedule.yml-docs-build-Prepare Pages artifact-nix run --file . ciSteps.prepare-pages]" time="0.001" /><testcase classname="tests.meta.test_ci_step_policy" name="test_a_run_body_holds_no_workflow_expression[on_schedule.yml-static-checks-Run the gates (format, grpclib-transports, lint, lint-strict, pytest-agent, shell, test-support, types)-nix build --file . --no-link --print-build-logs --keep-going checks.format checks.grpclib-transports checks.lint checks.lint-strict checks.pytest-agent checks.shell checks.test-support checks.types]" time="0.001" /><testcase classname="tests.meta.test_ci_step_policy" name="test_a_run_body_holds_no_workflow_expression[on_schedule.yml-test-asan-Build the ASAN CI step package (${{ matrix.version }})-nix build --file . &quot;$CI_STEP&quot; --out-link result --print-build-logs --print-out-paths]" time="0.001" /><testcase classname="tests.meta.test_ci_step_policy" name="test_a_run_body_holds_no_workflow_expression[on_schedule.yml-test-asan-Enable Nix sandbox namespaces-nix run --file . ciSteps.enable-sandbox-namespaces]" time="0.001" /><testcase classname="tests.meta.test_ci_step_policy" name="test_a_run_body_holds_no_workflow_expression[on_schedule.yml-test-asan-Run ASAN-instrumented suite (${{ matrix.version }}, local backend)-./result/bin/nanopynix-ci suite]" time="0.001" /><testcase classname="tests.meta.test_ci_step_policy" name="test_a_run_body_holds_no_workflow_expression[on_schedule.yml-test-asan-Run the concurrency soak (ASAN, ${{ matrix.version }})-./result/bin/nanopynix-ci soak]" time="0.001" /><testcase classname="tests.meta.test_ci_step_policy" name="test_a_run_body_holds_no_workflow_expression[on_schedule.yml-test-nogc-Build the no-collector CI step package (${{ matrix.version }})-nix build --file . &quot;$CI_STEP&quot; --out-link result --print-build-logs --print-out-paths]" time="0.001" /><testcase classname="tests.meta.test_ci_step_policy" name="test_a_run_body_holds_no_workflow_expression[on_schedule.yml-test-nogc-Enable Nix sandbox namespaces-nix run --file . ciSteps.enable-sandbox-namespaces]" time="0.001" /><testcase classname="tests.meta.test_ci_step_policy" name="test_a_run_body_holds_no_workflow_expression[on_schedule.yml-test-nogc-Run the suite without a collector (${{ matrix.version }}, local backend)-./result/bin/nanopynix-ci suite]" time="0.001" /><testcase classname="tests.meta.test_ci_step_policy" name="test_a_run_body_holds_no_workflow_expression[on_schedule.yml-test-nogc-Run the concurrency soak (no collector, ${{ matrix.version }})-./result/bin/nanopynix-ci soak]" time="0.001" /><testcase classname="tests.meta.test_ci_step_policy" name="test_a_run_body_holds_no_workflow_expression[on_schedule.yml-test-regular-Build the CI step package for Nix ${{ matrix.version }}-nix build --file . &quot;$CI_STEP&quot; --out-link result --print-build-logs --print-out-paths]" time="0.001" /><testcase classname="tests.meta.test_ci_step_policy" name="test_a_run_body_holds_no_workflow_expression[on_schedule.yml-test-regular-Verify test runner closure after build-nix store verify --recursive --no-trust &quot;$(readlink -f result)&quot;]" time="0.001" /><testcase classname="tests.meta.test_ci_step_policy" name="test_a_run_body_holds_no_workflow_expression[on_schedule.yml-test-regular-Enable Nix sandbox namespaces-nix run --file . ciSteps.enable-sandbox-namespaces]" time="0.001" /><testcase classname="tests.meta.test_ci_step_policy" name="test_a_run_body_holds_no_workflow_expression[on_schedule.yml-test-regular-Test nanopynix against Nix ${{ matrix.version }} (full suite, ${{ matrix.backend }} backend)-./result/bin/nanopynix-ci suite]" time="0.001" /><testcase classname="tests.meta.test_ci_step_policy" name="test_a_run_body_holds_no_workflow_expression[on_schedule.yml-test-regular-Run the concurrency soak (${{ matrix.version }}, ${{ matrix.backend }} backend)-./result/bin/nanopynix-ci soak]" time="0.001" /><testcase classname="tests.meta.test_ci_step_policy" name="test_a_run_body_holds_no_workflow_expression[on_schedule.yml-test-regular-Verify test runner closure after tests-nix store verify --recursive --no-trust &quot;$(readlink -f result)&quot;]" time="0.001" /><testcase classname="tests.meta.test_ci_step_policy" name="test_a_run_body_holds_no_workflow_expression[on_schedule.yml-test-tsan-Build the TSAN CI step package (${{ matrix.version }})-nix build --file . &quot;$CI_STEP&quot; --out-link result --print-build-logs --print-out-paths]" time="0.001" /><testcase classname="tests.meta.test_ci_step_policy" name="test_a_run_body_holds_no_workflow_expression[on_schedule.yml-test-tsan-Enable Nix sandbox namespaces-nix run --file . ciSteps.enable-sandbox-namespaces]" time="0.001" /><testcase classname="tests.meta.test_ci_step_policy" name="test_a_run_body_holds_no_workflow_expression[on_schedule.yml-test-tsan-Run TSAN-instrumented concurrency soak (five seeds, local+daemon backends)-./result/bin/nanopynix-ci soak-seeds]" time="0.001" /><testcase classname="tests.meta.test_ci_step_policy" name="test_a_run_body_holds_no_workflow_expression[on_schedule.yml-test-tsan-Run TSAN-instrumented concurrency tests (single pass, local+daemon backends)-./result/bin/nanopynix-ci broad]" time="0.001" /><testcase classname="tests.meta.test_ci_step_policy" name="test_a_run_body_holds_no_workflow_expression[on_schedule.yml-test-ubsan-Build the UBSAN CI step package (${{ matrix.version }})-nix build --file . &quot;$CI_STEP&quot; --out-link result --print-build-logs --print-out-paths]" time="0.001" /><testcase classname="tests.meta.test_ci_step_policy" name="test_a_run_body_holds_no_workflow_expression[on_schedule.yml-test-ubsan-Enable Nix sandbox namespaces-nix run --file . ciSteps.enable-sandbox-namespaces]" time="0.001" /><testcase classname="tests.meta.test_ci_step_policy" name="test_a_run_body_holds_no_workflow_expression[on_schedule.yml-test-ubsan-Run UBSAN-instrumented suite (${{ matrix.version }}, local backend)-./result/bin/nanopynix-ci suite]" time="0.001" /><testcase classname="tests.meta.test_ci_step_policy" name="test_a_run_body_holds_no_workflow_expression[on_schedule.yml-test-ubsan-Run the concurrency soak (UBSAN, ${{ matrix.version }})-./result/bin/nanopynix-ci soak]" time="0.001" /><testcase classname="tests.meta.test_ci_step_policy" name="test_a_run_body_holds_no_workflow_expression[on_schedule.yml-update-lockfile-Update flake inputs-nix flake update]" time="0.001" /><testcase classname="tests.meta.test_ci_step_policy" name="test_a_run_body_holds_no_workflow_expression[on_schedule.yml-update-lockfile-Compute Nix version matrices-nix run --file . ciSteps.version-matrix]" time="0.001" /><testcase classname="tests.meta.test_ci_step_policy" name="test_a_run_body_holds_no_workflow_expression[on_schedule.yml-wheel-aarch64-Build the wheel-nix build --file . nanopynixWheel --out-link result-wheel --print-build-logs]" time="0.001" /><testcase classname="tests.meta.test_ci_step_policy" name="test_a_run_body_holds_no_workflow_expression[on_schedule.yml-wheel-aarch64-Read the wheel-./scripts/wheel-inspect.sh result-wheel]" time="0.001" /><testcase classname="tests.meta.test_ci_step_policy" name="test_a_run_body_holds_no_workflow_expression[on_schedule.yml-wheel-aarch64-Load the wheel on Rocky Linux 9-./scripts/wheel-smoke.sh result-wheel]" time="0.001" /><testcase classname="tests.meta.test_ci_step_policy" name="test_a_run_body_holds_no_workflow_expression[on_schedule.yml-wheel-x86_64-Build the wheel-nix build --file . nanopynixWheel --out-link result-wheel --print-build-logs]" time="0.001" /><testcase classname="tests.meta.test_ci_step_policy" name="test_a_run_body_holds_no_workflow_expression[on_schedule.yml-wheel-x86_64-Read the wheel-./scripts/wheel-inspect.sh result-wheel]" time="0.001" /><testcase classname="tests.meta.test_ci_step_policy" name="test_a_run_body_holds_no_workflow_expression[on_schedule.yml-wheel-x86_64-Load the wheel on Rocky Linux 9-./scripts/wheel-smoke.sh result-wheel]" time="0.001" /><testcase classname="tests.meta.test_configured_commands" name="test_every_command_with_a_configured_option_resolves_it" time="0.001" /><testcase classname="tests.meta.test_configured_commands" name="test_every_configured_option_names_a_settings_field" time="0.001" /><testcase classname="tests.meta.test_configured_commands" name="test_the_command_tree_is_not_empty" time="0.001" /><testcase classname="tests.meta.test_configured_commands" name="test_every_command_writes_a_usage_failure_to_stderr" time="0.001" /><testcase classname="tests.meta.test_consumer_surface" name="test_the_scanner_can_see_the_consumers" time="0.002" /><testcase classname="tests.meta.test_consumer_surface" name="test_the_scanner_sees_a_private_import" time="0.001" /><testcase classname="tests.meta.test_consumer_surface" name="test_the_scanner_reads_the_deepest_module_not_the_package" time="0.001" /><testcase classname="tests.meta.test_consumer_surface" name="test_the_scanner_sees_a_private_name_out_of_a_public_module" time="0.001" /><testcase classname="tests.meta.test_consumer_surface" name="test_the_scanner_leaves_a_public_import_alone" time="0.001" /><testcase classname="tests.meta.test_consumer_surface" name="test_the_scanner_sees_a_whole_module_import" time="0.001" /><testcase classname="tests.meta.test_consumer_surface" name="test_the_scanner_ignores_a_mention_that_is_not_an_import" time="0.001" /><testcase classname="tests.meta.test_consumer_surface" name="test_the_scanner_ignores_a_package_with_a_similar_name" time="0.001" /><testcase classname="tests.meta.test_consumer_surface" name="test_the_scanner_sees_an_internal_module_with_a_public_looking_name" time="0.001" /><testcase classname="tests.meta.test_consumer_surface" name="test_the_scanner_sees_the_generated_proto_package" time="0.001" /><testcase classname="tests.meta.test_consumer_surface" name="test_the_private_ledger_is_what_this_file_says_it_is" time="0.108" /><testcase classname="tests.meta.test_consumer_surface" name="test_the_engine_scanner_sees_both_spellings" time="0.001" /><testcase classname="tests.meta.test_consumer_surface" name="test_the_engine_scanner_sees_a_class_nested_in_a_wider_annotation" time="0.001" /><testcase classname="tests.meta.test_consumer_surface" name="test_the_engine_scanner_ignores_construction" time="0.001" /><testcase classname="tests.meta.test_consumer_surface" name="test_the_engine_scanner_leaves_a_protocol_annotation_alone" time="0.001" /><testcase classname="tests.meta.test_consumer_surface" name="test_the_engine_scanner_ignores_an_unrelated_class_of_the_same_name" time="0.001" /><testcase classname="tests.meta.test_consumer_surface" name="test_the_engine_annotation_ledger_is_what_this_file_says_it_is" time="0.174" /><testcase classname="tests.meta.test_consumer_surface" name="test_every_public_name_a_consumer_imports_is_exported" time="0.113" /><testcase classname="tests.meta.test_core_has_no_getattr" name="test_the_scanner_can_see_the_core" time="0.001" /><testcase classname="tests.meta.test_core_has_no_getattr" name="test_the_scanner_finds_a_getattr" time="0.001" /><testcase classname="tests.meta.test_core_has_no_getattr" name="test_the_scanner_ignores_a_module_level_getattr" time="0.001" /><testcase classname="tests.meta.test_core_has_no_getattr" name="test_no_core_class_forwards_an_unlisted_name" time="0.019" /><testcase classname="tests.meta.test_doc_snippets" name="test_the_scanner_can_see_the_pages_and_the_examples" time="0.008" /><testcase classname="tests.meta.test_doc_snippets" name="test_the_scanner_reads_a_pointer_and_a_region" time="0.001" /><testcase classname="tests.meta.test_doc_snippets" name="test_every_pointer_resolves" time="0.004" /><testcase classname="tests.meta.test_doc_snippets" name="test_every_published_snippet_matches_the_code_that_runs" time="0.004" /><testcase classname="tests.meta.test_doc_snippets" name="test_every_python_block_is_mirrored_or_recorded" time="0.003" /><testcase classname="tests.meta.test_doc_snippets" name="test_no_example_region_is_unused" time="0.005" /><testcase classname="tests.meta.test_docs_coverage" name="test_the_directive_scanner_finds_the_docs" time="0.008" /><testcase classname="tests.meta.test_docs_coverage" name="test_every_directive_resolves" time="0.006" /><testcase classname="tests.meta.test_docs_coverage" name="test_the_resolver_reads_directives_and_not_text" time="0.006" /><testcase classname="tests.meta.test_docs_coverage" name="test_the_scanner_reads_every_directive_that_renders_an_object" time="0.001" /><testcase classname="tests.meta.test_docs_coverage" name="test_every_public_name_has_a_page_or_a_reason" time="0.006" /><testcase classname="tests.meta.test_docs_reference" name="test_checked_in_cli_reference_is_current" time="0.004" /><testcase classname="tests.meta.test_import_budget" name="test_importing_the_package_loads_neither_engine" time="0.762" /><testcase classname="tests.meta.test_import_budget" name="test_each_engine_still_resolves_on_first_use" time="0.612" /><testcase classname="tests.meta.test_import_budget" name="test_the_package_stays_under_the_module_budget" time="0.657" /><testcase classname="tests.meta.test_import_budget" name="test_the_budget_is_not_slack" time="0.654" /><testcase classname="tests.meta.test_known_issue_marker.TestVersionAlone" name="test_a_named_version_skips" time="0.001" /><testcase classname="tests.meta.test_known_issue_marker.TestVersionAlone" name="test_another_version_runs" time="0.001" /><testcase classname="tests.meta.test_known_issue_marker.TestVersionAlone" name="test_the_sanitizer_does_not_narrow_it" time="0.001" /><testcase classname="tests.meta.test_known_issue_marker.TestExclusionPrecision" name="test_a_series_matches_a_release_in_it" time="0.001" /><testcase classname="tests.meta.test_known_issue_marker.TestExclusionPrecision" name="test_a_full_version_matches_only_itself" time="0.001" /><testcase classname="tests.meta.test_known_issue_marker.TestExclusionPrecision" name="test_a_prerelease_belongs_to_its_series" time="0.001" /><testcase classname="tests.meta.test_known_issue_marker.TestExclusionPrecision" name="test_a_different_series_still_runs" time="0.001" /><testcase classname="tests.meta.test_known_issue_marker.TestSanitizerAlone" name="test_the_named_sanitizer_skips" time="0.001" /><testcase classname="tests.meta.test_known_issue_marker.TestSanitizerAlone" name="test_it_skips_on_every_version" time="0.001" /><testcase classname="tests.meta.test_known_issue_marker.TestSanitizerAlone" name="test_another_sanitizer_runs" time="0.001" /><testcase classname="tests.meta.test_known_issue_marker.TestSanitizerAlone" name="test_no_sanitizer_runs" time="0.001" /><testcase classname="tests.meta.test_known_issue_marker.TestBothTogether" name="test_both_matching_skips" time="0.001" /><testcase classname="tests.meta.test_known_issue_marker.TestBothTogether" name="test_the_wrong_version_runs" time="0.001" /><testcase classname="tests.meta.test_known_issue_marker.TestBothTogether" name="test_the_wrong_sanitizer_runs" time="0.001" /><testcase classname="tests.meta.test_known_issue_marker" name="test_the_reason_survives_into_the_skip" time="0.001" /><testcase classname="tests.meta.test_known_issue_marker" name="test_an_unbounded_marker_is_refused" time="0.001" /><testcase classname="tests.meta.test_known_issue_marker" name="test_the_marker_is_registered[nix_known_issue]" time="0.001" /><testcase classname="tests.meta.test_no_collector_rule" name="test_the_scanner_can_see_the_test_tree" time="0.004" /><testcase classname="tests.meta.test_no_collector_rule" name="test_the_scanner_finds_each_construction" time="0.008" /><testcase classname="tests.meta.test_no_collector_rule" name="test_the_scanner_ignores_the_rpc_engine" time="0.001" /><testcase classname="tests.meta.test_no_collector_rule" name="test_the_marker_reader_works_both_ways" time="0.001" /><testcase classname="tests.meta.test_no_collector_rule" name="test_each_named_fixture_still_exists" time="0.456" /><testcase classname="tests.meta.test_no_collector_rule" name="test_every_direct_construction_is_marked_or_in_the_ledger" time="0.624" /><testcase classname="tests.meta.test_no_collector_rule" name="test_every_ledger_entry_still_constructs" time="0.011" /><testcase classname="tests.meta.test_no_collector_rule" name="test_the_rule_finds_a_test_through_its_fixtures" time="0.001" /><testcase classname="tests.meta.test_no_collector_rule" name="test_the_rule_finds_a_marked_test_with_no_such_fixture" time="0.001" /><testcase classname="tests.meta.test_public_surface" name="test_the_derived_sets_are_not_empty" time="0.001" /><testcase classname="tests.meta.test_public_surface" name="test_the_future_flag_is_not_an_export" time="0.001" /><testcase classname="tests.meta.test_public_surface" name="test_every_public_name_the_package_binds_is_exported" time="0.001" /><testcase classname="tests.meta.test_public_surface" name="test_every_exported_name_exists" time="0.001" /><testcase classname="tests.meta.test_public_surface" name="test_every_exception_class_is_in_the_exceptions_all" time="0.001" /><testcase classname="tests.meta.test_public_surface" name="test_every_exception_class_reaches_the_top_level" time="0.001" /><testcase classname="tests.meta.test_public_surface" name="test_every_protocol_reaches_the_top_level" time="0.001" /><testcase classname="tests.meta.test_soak_roster" name="test_the_soak_still_reaches_a_useful_number_of_tests[inproc]" time="0.814" /><testcase classname="tests.meta.test_soak_roster" name="test_the_soak_still_reaches_a_useful_number_of_tests[rpc]" time="0.212" /><testcase classname="tests.meta.test_soak_roster" name="test_every_denied_test_still_exists" time="0.001" /><testcase classname="tests.meta.test_soak_roster" name="test_every_denied_test_says_why" time="0.001" /><testcase classname="tests.meta.test_soak_roster" name="test_a_denied_test_is_not_also_excluded_by_the_scanner" time="0.866" /><testcase classname="tests.meta.test_soak_roster" name="test_the_roster_hash_is_stable_across_two_scans" time="0.710" /><testcase classname="tests.meta.test_suppression_grammar" name="test_scanner_can_see_the_repository" time="0.007" /><testcase classname="tests.meta.test_suppression_grammar" name="test_every_suppression_is_justified" time="0.440" /><testcase classname="tests.meta.test_suppression_grammar.TestScannerCatchesUnjustified" name="test_bare_noqa_with_codes" time="0.001" /><testcase classname="tests.meta.test_suppression_grammar.TestScannerCatchesUnjustified" name="test_bare_type_ignore" time="0.001" /><testcase classname="tests.meta.test_suppression_grammar.TestScannerCatchesUnjustified" name="test_bare_pyright_ignore" time="0.001" /><testcase classname="tests.meta.test_suppression_grammar.TestScannerCatchesUnjustified" name="test_unjustified_file_level_pragma" time="0.001" /><testcase classname="tests.meta.test_suppression_grammar.TestScannerCatchesUnjustified" name="test_chained_directives_with_no_prose_anywhere" time="0.001" /><testcase classname="tests.meta.test_suppression_grammar.TestScannerAcceptsJustified" name="test_inline_reason" time="0.001" /><testcase classname="tests.meta.test_suppression_grammar.TestScannerAcceptsJustified" name="test_one_reason_covers_a_chained_pair" time="0.001" /><testcase classname="tests.meta.test_suppression_grammar.TestScannerAcceptsJustified" name="test_file_level_reason_on_the_line_beneath" time="0.001" /><testcase classname="tests.meta.test_suppression_grammar.TestScannerAcceptsJustified" name="test_file_level_reason_below_a_second_pragma" time="0.001" /><testcase classname="tests.meta.test_suppression_grammar.TestScannerIgnoresProseAboutDirectives" name="test_directive_quoted_mid_sentence_in_a_standalone_comment" time="0.001" /><testcase classname="tests.meta.test_suppression_grammar.TestScannerIgnoresProseAboutDirectives" name="test_directive_named_inside_a_string_is_not_a_comment" time="0.001" /><testcase classname="tests.meta.test_suppression_grammar.TestScannerIgnoresProseAboutDirectives" name="test_pragma_described_in_a_standalone_comment" time="0.001" /><testcase classname="tests.meta.test_verbosity_global_is_pinned" name="test_only_one_source_file_writes_the_verbosity_global" time="0.010" /><testcase classname="tests.meta.test_verbosity_global_is_pinned" name="test_the_pinning_file_writes_the_global_exactly_once" time="0.001" /><testcase classname="tests.meta.test_verbosity_global_is_pinned" name="test_the_one_write_is_the_pin_inside_the_module_initialiser" time="0.001" /><testcase classname="tests.meta.test_verbosity_global_is_pinned" name="test_the_scanner_sees_a_write[    nix::verbosity = nix::lvlVomit;]" time="0.001" /><testcase classname="tests.meta.test_verbosity_global_is_pinned" name="test_the_scanner_sees_a_write[verbosity=lvlDebug;]" time="0.001" /><testcase classname="tests.meta.test_verbosity_global_is_pinned" name="test_the_scanner_sees_a_write[  nix::verbosity   =   (nix::Verbosity) lvl;]" time="0.001" /><testcase classname="tests.meta.test_verbosity_global_is_pinned" name="test_the_scanner_ignores_a_read_and_a_comment[    if (lvl &gt; nix::verbosity) return;]" time="0.001" /><testcase classname="tests.meta.test_verbosity_global_is_pinned" name="test_the_scanner_ignores_a_read_and_a_comment[    return (int) nix::verbosity;]" time="0.001" /><testcase classname="tests.meta.test_verbosity_global_is_pinned" name="test_the_scanner_ignores_a_read_and_a_comment[    if (nix::verbosity == nix::lvlVomit) {]" time="0.001" /><testcase classname="tests.meta.test_verbosity_global_is_pinned" name="test_the_scanner_ignores_a_read_and_a_comment[// nix::verbosity = something, in prose]" time="0.001" /><testcase classname="tests.meta.test_verbosity_global_is_pinned" name="test_the_scanner_ignores_a_read_and_a_comment[    auto copy = nix::verbosity;]" time="0.001" /><testcase classname="tests.meta.test_verbosity_global_is_pinned" name="test_the_scanner_runs_over_more_than_one_file" time="0.001" /><testcase classname="tests.nanopynix.bindings.test_daemon_protocol" name="test_process_connection_serves_nix_daemon_protocol" time="0.000"><skipped type="pytest.skip" message="nix::daemon::processConnection() run in-process leaves Nix's global interrupt flag set after this test passes, poisoning every real eval/build in the rest of the pytest session with 'error: interrupted by the user' (see project_nanopynix_ci_segfault_investigation memory). Root cause is in upstream Nix's daemon protocol handler, not nanopynix's binding.">/nix/store/0bq4f419773h3pfbcyffxp9jwqmhmg9g-nanopynix-source/tests/nanopynix/bindings/test_daemon_protocol.py:43: nix::daemon::processConnection() run in-process leaves Nix's global interrupt flag set after this test passes, poisoning every real eval/build in the rest of the pytest session with 'error: interrupted by the user' (see project_nanopynix_ci_segfault_investigation memory). Root cause is in upstream Nix's daemon protocol handler, not nanopynix's binding.</skipped></testcase><testcase classname="tests.nanopynix.bindings.test_expr.TestThreadConfinement" name="test_every_accessor_refuses_a_foreign_thread[local-attr_names]" time="0.011" /><testcase classname="tests.nanopynix.bindings.test_python_store_path_info.TestEveryOperationDelegates" name="test_the_answer_is_the_underlying_store_s_answer[local-compute_fs_closure]" time="0.002" /><testcase classname="tests.nanopynix.bindings.test_store_empty_path" name="test_empty_path_raises_instead_of_aborting[local-add_temp_root]" time="0.024" /><testcase classname="tests.nanopynix.bindings.test_store_empty_path" name="test_other_malformed_paths_keep_their_original_error_type[local-/etc/passwd-BadStorePathError]" time="0.007" /><testcase classname="tests.nanopynix.bindings.test_value_accessor_types" name="test_accessor_on_the_wrong_type_raises_instead_of_crashing[local-42.5]" time="0.032" /><testcase classname="tests.nanopynix.bindings.test_value_accessor_types" name="test_accessor_on_the_right_type_still_works[local-float]" time="0.010" /><testcase classname="tests.nanopynix.primops.test_primop_error_parity" name="test_all_three_primop_paths_render_the_same[local-parityValueError-also deliberate, for backward compatibility]" time="0.831" /><testcase classname="tests.nanopynix.test_cancel_engine_parity" name="test_a_cancelled_interruptible_operation_frees_the_evaluator[rpc-local]" time="1.005" /><testcase classname="tests.nanopynix.test_cancel_engine_parity" name="test_a_cancelled_evaluation_abandons_the_evaluator[rpc-local]" time="10.475" /><testcase classname="tests.nanopynix.test_config_flow" name="test_rpc_configure_refuses_a_construction_time_setting[local-nix_path-value1]" time="1.151" /><testcase classname="tests.nanopynix.test_config_flow" name="test_inproc_configure_refuses_the_same_settings[local-nix_path-value1]" time="0.075" /><testcase classname="tests.nanopynix.test_config_flow" name="test_both_engines_enable_the_features_without_the_setting[local-rpc]" time="0.178" /><testcase classname="tests.nanopynix.test_config_flow" name="test_both_engines_read_and_write_the_session_settings[local-rpc]" time="0.233" /><testcase classname="tests.nanopynix.test_config_flow" name="test_writing_settings_is_refused_while_a_store_or_evaluator_is_open[local-rpc]" time="0.249" /><testcase classname="tests.nanopynix.test_config_flow" name="test_writing_settings_leaves_the_unnamed_ones_alone[local-rpc]" time="0.159" /><testcase classname="tests.nanopynix.test_config_flow" name="test_every_settings_scope_reaches_the_door_that_owns_it[local-rpc]" time="0.330" /><testcase classname="tests.nanopynix.test_config_flow" name="test_a_per_call_setting_beats_the_session_default[local-rpc]" time="0.314" /><testcase classname="tests.nanopynix.test_config_flow" name="test_one_evaluator_object_reaches_both_registries[local-eval_settings-rpc]" time="0.324" /><testcase classname="tests.nanopynix.test_config_flow" name="test_configure_takes_one_object_for_both_scopes[local-rpc]" time="0.334" /><testcase classname="tests.nanopynix.test_config_flow" name="test_the_parameter_that_owns_the_scope_wins[local-rpc]" time="0.280" /><testcase classname="tests.nanopynix.test_config_flow" name="test_a_field_no_door_owns_is_refused[local-rpc]" time="0.217" /><testcase classname="tests.nanopynix.test_config_flow" name="test_a_wider_object_writes_only_its_global_half[local-rpc]" time="0.170" /><testcase classname="tests.nanopynix.test_config_flow" name="test_the_search_path_has_one_order_of_precedence[local-rpc]" time="0.241" /><testcase classname="tests.nanopynix.test_engine_parity_semantics" name="test_engines_agree_on_success[local-to_python_string]" time="0.267" /><testcase classname="tests.nanopynix.test_engine_parity_semantics" name="test_engines_agree_on_failure[local-type_error]" time="0.263" /><testcase classname="tests.nanopynix.test_eval_statistics" name="test_the_counters_switch_fills_the_numeric_fields[local-rpc]" time="0.484" /><testcase classname="tests.nanopynix.test_eval_statistics" name="test_the_count_calls_setting_fills_the_three_tables[local-rpc]" time="0.498" /><testcase classname="tests.nanopynix.test_eval_statistics" name="test_the_report_holds_the_fields_that_nix_prints[local-rpc]" time="0.294" /><testcase classname="tests.nanopynix.test_exception_translation" name="test_specific_types_still_win_over_the_catch_all[local-builtins.throw &quot;boom&quot;]" time="0.011" /><testcase classname="tests.nanopynix.test_exception_translation" name="test_rpc_dispatches_identically_to_inproc[local-builtins.throw &quot;boom&quot;]" time="0.262" /><testcase classname="tests.nanopynix.test_hostile_inputs" name="test_a_settings_value_nix_rejects_names_the_setting[local-cores-too-large]" time="0.220" /><testcase classname="tests.nanopynix.test_scalar_accessor_semantics" name="test_inproc_navigation_accessors_are_strict[local-&quot;s&quot;]" time="0.013" /><testcase classname="tests.nanopynix.test_scalar_accessor_semantics" name="test_rpc_navigation_accessors_are_strict[local-&quot;s&quot;]" time="0.252" /><testcase classname="tests.nanopynix.test_scalar_accessor_semantics" name="test_inproc_as_accessors_are_strict[local-42]" time="0.015" /><testcase classname="tests.nanopynix.test_scalar_accessor_semantics" name="test_rpc_as_accessors_are_strict_the_same_way[local-42]" time="0.266" /><testcase classname="tests.nanopynix.test_scalar_accessor_semantics" name="test_inproc_apply_tostring_is_nix_tostring[local-42]" time="0.016" /><testcase classname="tests.nanopynix.test_scalar_accessor_semantics" name="test_rpc_apply_tostring_is_nix_tostring[local-42]" time="0.267" /><testcase classname="tests.nanopynix.test_scalar_accessor_semantics" name="test_apply_tostring_rejects_what_nix_rejects[local-x: x]" time="0.242" /><testcase classname="tests.nanopynix.test_scalar_accessor_semantics" name="test_apply_reaches_any_builtin[local-builtins.typeOf]" time="0.015" /><testcase classname="tests.nanopynix.test_scalar_accessor_semantics" name="test_inproc_deep_conversion_follows_nix_tojson[local-{ __toString = self: &quot;custom&quot;; }]" time="0.007" /><testcase classname="tests.nanopynix.test_scalar_accessor_semantics" name="test_inproc_deep_conversion_rejects_a_function[local-{ f = x: x; }]" time="0.010" /><testcase classname="tests.nanopynix.test_store_engine_parity_semantics" name="test_engines_agree_on_success[local-query_missing^out]" time="0.473" /><testcase classname="tests.nanopynix.test_store_engine_parity_semantics" name="test_engines_agree_on_failure[local-parse_store_path_'x']" time="0.459" /><testcase classname="tests.nanopynix.test_store_engine_parity_semantics" name="test_engines_agree_across_a_whole_input_row[local-parse_store_path]" time="0.490" /><testcase classname="tests.nanopynix.test_store_engine_parity_semantics" name="test_every_row_tells_its_inputs_apart[local-parse_store_path]" time="0.232" /><testcase classname="tests.pynix.test_lsp" name="test_bare_attrpath_completion_falls_back_to_the_options_tree[local-config2.nix]" time="0.524" /><testcase classname="tests.pynix.test_lsp" name="test_pkgs_completion_lists_real_nixpkgs_attributes[local-config2.nix]" time="0.747" /><testcase classname="tests.pynix.test_lsp_scenarios" name="test_hover_inside_a_tfref_string_resolves_the_cross_resource_reference[wire-local]" time="2.065" /><testcase classname="tests.pynix.test_lsp_scenarios" name="test_hover_on_the_resource_type_segment_of_a_tfref_string_summarizes_the_type[wire-local]" time="2.151" /><testcase classname="tests.pynix.test_lsp_scenarios" name="test_hover_on_a_resource_type_name_summarizes_its_attributes[wire-local]" time="2.015" /><testcase classname="tests.pynix.test_lsp_scenarios" name="test_select_delete_and_retype_inside_a_tfref_string_updates_completion[wire-local]" time="2.310" /><testcase classname="tests.pynix.test_lsp_scenarios" name="test_clearing_and_retyping_a_whole_line_still_completes[wire-local]" time="2.446" /><testcase classname="tests.pynix.test_lsp_scenarios" name="test_bare_top_level_prefix_completes_block_type_keywords[wire-local]" time="2.218" /><testcase classname="tests.pynix.test_lsp_scenarios" name="test_resource_type_completion_lists_the_full_provider_catalog[wire-local]" time="2.322" /><testcase classname="tests.pynix.test_lsp_scenarios" name="test_hover_on_a_core_meta_argument_resolves_via_the_tofu_core_schema[wire-local]" time="2.166" /><testcase classname="tests.pynix.test_lsp_scenarios" name="test_completion_after_a_partial_core_meta_argument_name[wire-local]" time="2.120" /><testcase classname="tests.pynix.test_lsp_scenarios" name="test_hover_on_a_resource_instance_name_also_summarizes_its_type[wire-local]" time="2.090" /><testcase classname="tests.pynix.test_lsp_scenarios" name="test_hover_on_a_module_arg_resolves_via_terranixs_own_module_system[wire-local]" time="2.041" /><testcase classname="tests.pynix.test_lsp_scenarios" name="test_unknown_attribute_reports_tf001_unless_suppressed_on_its_own_line[wire-local]" time="1.907" /><testcase classname="tests.pynix.test_lsp_scenarios" name="test_resource_type_completion_still_works_inside_an_explicit_config_wrapper[wire-local]" time="2.125" /><testcase classname="tests.pynix.test_lsp_scenarios" name="test_hover_on_a_module_arg_resolves_for_easykubenix_files[wire-local]" time="0.715" /><testcase classname="tests.pynix.test_lsp_scenarios" name="test_hover_on_a_real_easykubenix_option_description[wire-local]" time="0.735" /><testcase classname="tests.pynix.test_lsp_scenarios" name="test_hover_on_a_module_arg_still_works_inside_an_explicit_config_wrapper[wire-local]" time="0.750" /><testcase classname="tests.pynix.test_lsp_scenarios" name="test_completion_right_after_the_top_level_kubernetes_dot_lists_real_options[wire-local]" time="0.702" /><testcase classname="tests.pynix.test_lsp_scenarios" name="test_completion_right_after_the_objects_dot_lists_declared_namespace_names[wire-local]" time="0.752" /><testcase classname="tests.pynix.test_lsp_scenarios" name="test_completion_right_after_the_namespace_dot_lists_known_kind_names[wire-local]" time="0.785" /><testcase classname="tests.pynix.test_lsp_scenarios" name="test_completion_right_after_the_kind_dot_does_not_crash_with_no_name_source[wire-local]" time="0.759" /><testcase classname="tests.pynix.test_lsp_scenarios" name="test_completion_right_after_the_instance_name_dot_lists_top_level_object_fields[wire-local]" time="0.898" /><testcase classname="tests.pynix.test_lsp_scenarios" name="test_completion_right_after_the_spec_dot_lists_deployment_spec_fields[wire-local]" time="0.912" /><testcase classname="tests.pynix.test_lsp_scenarios" name="test_completion_right_after_the_template_dot_lists_pod_template_spec_fields[wire-local]" time="1.992" /><testcase classname="tests.pynix.test_lsp_scenarios" name="test_completion_right_after_the_second_spec_dot_lists_pod_spec_fields[wire-local]" time="0.900" /><testcase classname="tests.pynix.test_lsp_scenarios" name="test_hover_on_a_kind_name_summarizes_it_via_the_openapi_schema[wire-local]" time="0.954" /><testcase classname="tests.pynix.test_lsp_scenarios" name="test_hover_on_a_field_inside_a_kubernetes_object_body_resolves_via_the_openapi_schema[wire-local]" time="0.857" /><testcase classname="tests.pynix.test_lsp_scenarios" name="test_completion_inside_a_kubernetes_object_body_lists_openapi_schema_fields[wire-local]" time="0.951" /><testcase classname="tests.pynix.test_lsp_scenarios" name="test_hover_on_a_field_written_in_nested_attrset_style_still_resolves_via_the_openapi_schema[wire-local]" time="0.950" /><testcase classname="tests.pynix.test_lsp_scenarios" name="test_completion_on_a_bare_key_in_nested_attrset_style_recovers_the_kind_context[wire-local]" time="1.042" /><testcase classname="tests.pynix.test_lsp_scenarios" name="test_renaming_a_let_binding_updates_every_reference_but_not_a_shadowed_inner_one[wire-local]" time="0.427" /><testcase classname="tests.pynix.test_lsp_scenarios" name="test_renaming_a_formal_updates_a_sibling_defaults_reference_too[wire-local]" time="0.496" /><testcase classname="tests.pynix.test_lsp_scenarios" name="test_document_highlight_and_references_count_every_span_in_the_shadowing_aware_scope[wire-local]" time="0.412" /><testcase classname="tests.pynix.test_lsp_scenarios" name="test_prepare_rename_refuses_on_a_nixos_option_reference[wire-local]" time="0.609" /><testcase classname="tests.pynix.test_lsp_scenarios" name="test_go_to_definition_on_an_import_path_literal_jumps_to_the_imported_file[wire-local]" time="0.619" /><testcase classname="tests.pynix.test_lsp_scenarios" name="test_go_to_definition_on_a_nixos_option_reference_lands_on_its_declaration[wire-local]" time="0.660" /><testcase classname="tests.pynix.test_lsp_scenarios" name="test_go_to_definition_on_a_composed_package_attribute_gracefully_finds_nothing[wire-local]" time="0.710" /><testcase classname="tests.nanopynix.bindings.test_expr.TestThreadConfinement" name="test_every_accessor_refuses_a_foreign_thread[local-to_python]" time="0.007" /><testcase classname="tests.nanopynix.bindings.test_python_store_path_info.TestEveryOperationDelegates" name="test_the_answer_is_the_underlying_store_s_answer[local-ensure_path]" time="0.002" /><testcase classname="tests.nanopynix.bindings.test_store_empty_path" name="test_empty_path_raises_instead_of_aborting[local-add_to_store]" time="0.008" /><testcase classname="tests.nanopynix.bindings.test_store_empty_path" name="test_other_malformed_paths_keep_their_original_error_type[local-garbage-BadStorePathError]" time="0.005" /><testcase classname="tests.nanopynix.bindings.test_value_accessor_types" name="test_accessor_on_the_wrong_type_raises_instead_of_crashing[local-&quot;text&quot;]" time="0.010" /><testcase classname="tests.nanopynix.bindings.test_value_accessor_types" name="test_accessor_on_the_right_type_still_works[local-string]" time="0.009" /><testcase classname="tests.nanopynix.primops.test_primop_error_parity" name="test_all_three_primop_paths_render_the_same[local-parityCallerClass-CallerOwnError: unexpected failure]" time="0.904" /><testcase classname="tests.nanopynix.test_config_flow" name="test_rpc_configure_refuses_a_construction_time_setting[local-restrict_eval-True]" time="0.256" /><testcase classname="tests.nanopynix.test_config_flow" name="test_one_evaluator_object_reaches_both_registries[local-fetch_settings-inproc]" time="0.031" /><testcase classname="tests.nanopynix.test_engine_parity_semantics" name="test_engines_agree_on_success[local-to_python_bool]" time="0.239" /><testcase classname="tests.nanopynix.test_engine_parity_semantics" name="test_engines_agree_on_failure[local-throw]" time="0.254" /><testcase classname="tests.nanopynix.test_exception_translation" name="test_specific_types_still_win_over_the_catch_all[local-nope]" time="0.010" /><testcase classname="tests.nanopynix.test_exception_translation" name="test_rpc_dispatches_identically_to_inproc[local-nope]" time="0.271" /><testcase classname="tests.nanopynix.test_scalar_accessor_semantics" name="test_inproc_navigation_accessors_are_strict[local-null]" time="0.010" /><testcase classname="tests.nanopynix.test_scalar_accessor_semantics" name="test_rpc_navigation_accessors_are_strict[local-null]" time="0.295" /><testcase classname="tests.nanopynix.test_scalar_accessor_semantics" name="test_inproc_as_accessors_are_strict[local-42.0]" time="0.012" /><testcase classname="tests.nanopynix.test_scalar_accessor_semantics" name="test_rpc_as_accessors_are_strict_the_same_way[local-42.0]" time="0.275" /><testcase classname="tests.nanopynix.test_scalar_accessor_semantics" name="test_inproc_apply_tostring_is_nix_tostring[local--42]" time="0.009" /><testcase classname="tests.nanopynix.test_scalar_accessor_semantics" name="test_rpc_apply_tostring_is_nix_tostring[local--42]" time="0.276" /><testcase classname="tests.nanopynix.test_scalar_accessor_semantics" name="test_apply_reaches_any_builtin[local-builtins.toJSON]" time="0.010" /><testcase classname="tests.nanopynix.test_scalar_accessor_semantics" name="test_inproc_deep_conversion_follows_nix_tojson[local-{ __toString = self: &quot;custom&quot;; outPath = &quot;/foo&quot;; }]" time="0.008" /><testcase classname="tests.nanopynix.test_store_engine_parity_semantics" name="test_engines_agree_on_success[local-query_missing^out,dev]" time="0.487" /><testcase classname="tests.nanopynix.test_store_engine_parity_semantics" name="test_engines_agree_on_failure[local-parse_store_path_'garbage']" time="0.505" /><testcase classname="tests.nanopynix.test_store_engine_parity_semantics" name="test_engines_agree_across_a_whole_input_row[local-query_path_info]" time="0.539" /><testcase classname="tests.nanopynix.test_store_engine_parity_semantics" name="test_every_row_tells_its_inputs_apart[local-query_path_info]" time="0.251" /><testcase classname="tests.nanopynix.bindings.test_expr.TestThreadConfinement" name="test_every_accessor_refuses_a_foreign_thread[local-force]" time="0.004" /><testcase classname="tests.nanopynix.bindings.test_python_store_path_info.TestEveryOperationDelegates" name="test_the_answer_is_the_underlying_store_s_answer[local-is_valid_path_uncached]" time="0.002" /><testcase classname="tests.nanopynix.bindings.test_store_empty_path" name="test_empty_path_raises_instead_of_aborting[local-build_paths_with_results]" time="0.008" /><testcase classname="tests.nanopynix.bindings.test_value_accessor_types" name="test_accessor_on_the_wrong_type_raises_instead_of_crashing[local-true]" time="0.013" /><testcase classname="tests.nanopynix.bindings.test_value_accessor_types" name="test_accessor_on_the_right_type_still_works[local-true]" time="0.011" /><testcase classname="tests.nanopynix.test_config_flow" name="test_rpc_configure_refuses_a_construction_time_setting[local-eval_system-x86_64-linux]" time="0.230" /><testcase classname="tests.nanopynix.test_config_flow" name="test_one_evaluator_object_reaches_both_registries[local-fetch_settings-rpc]" time="0.287" /><testcase classname="tests.nanopynix.test_engine_parity_semantics" name="test_engines_agree_on_success[local-to_python_null]" time="0.328" /><testcase classname="tests.nanopynix.test_engine_parity_semantics" name="test_engines_agree_on_failure[local-parse_error]" time="0.252" /><testcase classname="tests.nanopynix.test_exception_translation" name="test_specific_types_still_win_over_the_catch_all[local-assert false; 1]" time="0.015" /><testcase classname="tests.nanopynix.test_exception_translation" name="test_rpc_dispatches_identically_to_inproc[local-assert false; 1]" time="0.247" /><testcase classname="tests.nanopynix.test_scalar_accessor_semantics" name="test_inproc_navigation_accessors_are_strict[local-x: x]" time="0.010" /><testcase classname="tests.nanopynix.test_scalar_accessor_semantics" name="test_rpc_navigation_accessors_are_strict[local-x: x]" time="0.257" /><testcase classname="tests.nanopynix.test_scalar_accessor_semantics" name="test_inproc_as_accessors_are_strict[local-true]" time="0.010" /><testcase classname="tests.nanopynix.test_scalar_accessor_semantics" name="test_rpc_as_accessors_are_strict_the_same_way[local-true]" time="0.266" /><testcase classname="tests.nanopynix.test_scalar_accessor_semantics" name="test_inproc_apply_tostring_is_nix_tostring[local-42.5]" time="0.011" /><testcase classname="tests.nanopynix.test_scalar_accessor_semantics" name="test_rpc_apply_tostring_is_nix_tostring[local-42.5]" time="0.254" /><testcase classname="tests.nanopynix.test_scalar_accessor_semantics" name="test_apply_reaches_any_builtin[local-xs: builtins.elemAt xs 1]" time="0.010" /><testcase classname="tests.nanopynix.test_scalar_accessor_semantics" name="test_inproc_deep_conversion_follows_nix_tojson[local-{ outPath = &quot;/foo&quot;; a = 1; }]" time="0.011" /><testcase classname="tests.nanopynix.test_store_engine_parity_semantics" name="test_engines_agree_on_success[local-query_missing^*]" time="0.452" /><testcase classname="tests.nanopynix.test_store_engine_parity_semantics" name="test_engines_agree_on_failure[local-parse_store_path_'/etc/passwd']" time="0.449" /><testcase classname="tests.nanopynix.test_store_engine_parity_semantics" name="test_engines_agree_across_a_whole_input_row[local-read_derivation]" time="0.470" /><testcase classname="tests.nanopynix.test_store_engine_parity_semantics" name="test_every_row_tells_its_inputs_apart[local-read_derivation]" time="0.250" /><testcase classname="tests.nanopynix.bindings.test_expr.TestEvaluatorThreadRegistration" name="test_a_thread_registers_and_unregisters" time="0.001" /><testcase classname="tests.nanopynix.bindings.test_expr.TestEvaluatorThreadRegistration" name="test_the_pair_works_again_on_the_next_thread" time="0.002" /><testcase classname="tests.nanopynix.bindings.test_expr.TestEvaluatorThreadRegistration" name="test_registering_twice_on_one_thread_is_refused" time="0.001" /><testcase classname="tests.nanopynix.bindings.test_expr.TestEvaluatorThreadRegistration" name="test_unregistering_without_registering_is_refused" time="0.001" /><testcase classname="tests.nanopynix.bindings.test_fetchers.TestInputFromURL" name="test_github_url" time="0.002" /><testcase classname="tests.nanopynix.bindings.test_fetchers.TestInputFromURL" name="test_github_url_with_ref" time="0.001" /><testcase classname="tests.nanopynix.bindings.test_fetchers.TestInputFromURL" name="test_to_string" time="0.001" /><testcase classname="tests.nanopynix.bindings.test_fetchers.TestInputFromURL" name="test_to_url_string" time="0.001" /><testcase classname="tests.nanopynix.bindings.test_fetchers.TestInputFromURL" name="test_repr" time="0.001" /><testcase classname="tests.nanopynix.bindings.test_fetchers.TestInputFromURL" name="test_invalid_url_raises" time="0.001" /><testcase classname="tests.nanopynix.bindings.test_fetchers.TestInputFromAttrs" name="test_basic_attrs" time="0.001" /><testcase classname="tests.nanopynix.bindings.test_fetchers.TestInputFromAttrs" name="test_to_attrs_roundtrip" time="0.001" /><testcase classname="tests.nanopynix.bindings.test_fetchers.TestInputFromAttrs" name="test_empty_attrs_raises" time="0.001" /><testcase classname="tests.nanopynix.bindings.test_flake.TestParseFlakeRef" name="test_github_ref" time="0.001" /><testcase classname="tests.nanopynix.bindings.test_flake.TestParseFlakeRef" name="test_indirect_ref" time="0.001" /><testcase classname="tests.nanopynix.bindings.test_flake.TestParseFlakeRef" name="test_repr" time="0.001" /><testcase classname="tests.nanopynix.bindings.test_is_pseudo_url" name="test_pseudo_url[channel:nixos-unstable]" time="0.001" /><testcase classname="tests.nanopynix.bindings.test_is_pseudo_url" name="test_pseudo_url[http://example.com/x.tar.gz]" time="0.001" /><testcase classname="tests.nanopynix.bindings.test_is_pseudo_url" name="test_pseudo_url[https://example.com/x.tar.gz]" time="0.001" /><testcase classname="tests.nanopynix.bindings.test_is_pseudo_url" name="test_pseudo_url[file:///tmp/x.tar.gz]" time="0.001" /><testcase classname="tests.nanopynix.bindings.test_is_pseudo_url" name="test_pseudo_url[channel://example.com/x]" time="0.001" /><testcase classname="tests.nanopynix.bindings.test_is_pseudo_url" name="test_pseudo_url[git://example.com/x]" time="0.001" /><testcase classname="tests.nanopynix.bindings.test_is_pseudo_url" name="test_pseudo_url[s3://bucket/x.tar.gz]" time="0.001" /><testcase classname="tests.nanopynix.bindings.test_is_pseudo_url" name="test_pseudo_url[ssh://example.com/x]" time="0.001" /><testcase classname="tests.nanopynix.bindings.test_is_pseudo_url" name="test_not_a_pseudo_url[github:NixOS/nixpkgs]" time="0.001" /><testcase classname="tests.nanopynix.bindings.test_is_pseudo_url" name="test_not_a_pseudo_url[gitlab:owner/repo]" time="0.001" /><testcase classname="tests.nanopynix.bindings.test_is_pseudo_url" name="test_not_a_pseudo_url[git+https://example.com/x]" time="0.001" /><testcase classname="tests.nanopynix.bindings.test_is_pseudo_url" name="test_not_a_pseudo_url[git+ssh://example.com/x]" time="0.001" /><testcase classname="tests.nanopynix.bindings.test_is_pseudo_url" name="test_not_a_pseudo_url[path:/tmp/tree]" time="0.001" /><testcase classname="tests.nanopynix.bindings.test_is_pseudo_url" name="test_not_a_pseudo_url[flake:nixpkgs]" time="0.001" /><testcase classname="tests.nanopynix.bindings.test_is_pseudo_url" name="test_not_a_pseudo_url[nixpkgs]" time="0.001" /><testcase classname="tests.nanopynix.bindings.test_is_pseudo_url" name="test_not_a_pseudo_url[nixpkgs/nixos-25.05]" time="0.001" /><testcase classname="tests.nanopynix.bindings.test_is_pseudo_url" name="test_not_a_pseudo_url[./default.nix]" time="0.001" /><testcase classname="tests.nanopynix.bindings.test_is_pseudo_url" name="test_not_a_pseudo_url[/etc/nixos/configuration.nix]" time="0.001" /><testcase classname="tests.nanopynix.bindings.test_is_pseudo_url" name="test_not_a_pseudo_url[&lt;nixpkgs&gt;]" time="0.001" /><testcase classname="tests.nanopynix.bindings.test_is_pseudo_url" name="test_not_a_pseudo_url[]" time="0.001" /><testcase classname="tests.nanopynix.bindings.test_is_pseudo_url" name="test_not_a_pseudo_url[ftp://example.com/x.tar.gz]" time="0.001" /><testcase classname="tests.nanopynix.bindings.test_l1_store_bindings.TestStorePath" name="test_parse_valid" time="0.001" /><testcase classname="tests.nanopynix.bindings.test_l1_store_bindings.TestStorePath" name="test_to_string" time="0.000" /><testcase classname="tests.nanopynix.bindings.test_l1_store_bindings.TestStorePath" name="test_str_repr" time="0.000" /><testcase classname="tests.nanopynix.bindings.test_l1_store_bindings.TestStorePath" name="test_is_derivation" time="0.001" /><testcase classname="tests.nanopynix.bindings.test_l1_store_bindings.TestStorePath" name="test_equality" time="0.000" /><testcase classname="tests.nanopynix.bindings.test_l1_store_bindings.TestStorePath" name="test_hashable" time="0.000" /><testcase classname="tests.nanopynix.bindings.test_l1_store_bindings.TestStorePathModelDoesNotDriftFromNix" name="test_name[00000000000000000000000000000000-hello-2.12.1]" time="0.001" /><testcase classname="tests.nanopynix.bindings.test_l1_store_bindings.TestStorePathModelDoesNotDriftFromNix" name="test_name[11111111111111111111111111111111-hello.drv]" time="0.001" /><testcase classname="tests.nanopynix.bindings.test_l1_store_bindings.TestStorePathModelDoesNotDriftFromNix" name="test_name[22222222222222222222222222222222-foo.drv.bar]" time="0.001" /><testcase classname="tests.nanopynix.bindings.test_l1_store_bindings.TestStorePathModelDoesNotDriftFromNix" name="test_name[33333333333333333333333333333333-lib.so.1]" time="0.001" /><testcase classname="tests.nanopynix.bindings.test_l1_store_bindings.TestStorePathModelDoesNotDriftFromNix" name="test_name[44444444444444444444444444444444-a]" time="0.001" /><testcase classname="tests.nanopynix.bindings.test_l1_store_bindings.TestStorePathModelDoesNotDriftFromNix" name="test_hash_part[00000000000000000000000000000000-hello-2.12.1]" time="0.001" /><testcase classname="tests.nanopynix.bindings.test_l1_store_bindings.TestStorePathModelDoesNotDriftFromNix" name="test_hash_part[11111111111111111111111111111111-hello.drv]" time="0.001" /><testcase classname="tests.nanopynix.bindings.test_l1_store_bindings.TestStorePathModelDoesNotDriftFromNix" name="test_hash_part[22222222222222222222222222222222-foo.drv.bar]" time="0.001" /><testcase classname="tests.nanopynix.bindings.test_l1_store_bindings.TestStorePathModelDoesNotDriftFromNix" name="test_hash_part[33333333333333333333333333333333-lib.so.1]" time="0.001" /><testcase classname="tests.nanopynix.bindings.test_l1_store_bindings.TestStorePathModelDoesNotDriftFromNix" name="test_hash_part[44444444444444444444444444444444-a]" time="0.001" /><testcase classname="tests.nanopynix.bindings.test_l1_store_bindings.TestStorePathModelDoesNotDriftFromNix" name="test_is_derivation[00000000000000000000000000000000-hello-2.12.1]" time="0.001" /><testcase classname="tests.nanopynix.bindings.test_l1_store_bindings.TestStorePathModelDoesNotDriftFromNix" name="test_is_derivation[11111111111111111111111111111111-hello.drv]" time="0.001" /><testcase classname="tests.nanopynix.bindings.test_l1_store_bindings.TestStorePathModelDoesNotDriftFromNix" name="test_is_derivation[22222222222222222222222222222222-foo.drv.bar]" time="0.001" /><testcase classname="tests.nanopynix.bindings.test_l1_store_bindings.TestStorePathModelDoesNotDriftFromNix" name="test_is_derivation[33333333333333333333333333333333-lib.so.1]" time="0.002" /><testcase classname="tests.nanopynix.bindings.test_l1_store_bindings.TestStorePathModelDoesNotDriftFromNix" name="test_is_derivation[44444444444444444444444444444444-a]" time="0.001" /><testcase classname="tests.nanopynix.bindings.test_l1_store_bindings.TestStorePathModelDoesNotDriftFromNix" name="test_the_accessors_agree_through_a_full_path_too[00000000000000000000000000000000-hello-2.12.1]" time="0.001" /><testcase classname="tests.nanopynix.bindings.test_l1_store_bindings.TestStorePathModelDoesNotDriftFromNix" name="test_the_accessors_agree_through_a_full_path_too[11111111111111111111111111111111-hello.drv]" time="0.001" /><testcase classname="tests.nanopynix.bindings.test_l1_store_bindings.TestStorePathModelDoesNotDriftFromNix" name="test_the_accessors_agree_through_a_full_path_too[22222222222222222222222222222222-foo.drv.bar]" time="0.001" /><testcase classname="tests.nanopynix.bindings.test_l1_store_bindings.TestStorePathModelDoesNotDriftFromNix" name="test_the_accessors_agree_through_a_full_path_too[33333333333333333333333333333333-lib.so.1]" time="0.001" /><testcase classname="tests.nanopynix.bindings.test_l1_store_bindings.TestStorePathModelDoesNotDriftFromNix" name="test_the_accessors_agree_through_a_full_path_too[44444444444444444444444444444444-a]" time="0.001" /><testcase classname="tests.nanopynix.bindings.test_l1_store_bindings.TestStore" name="test_find_roots" time="0.001"><skipped type="pytest.skip" message="findRoots/collectGarbage crash on nonnumeric temproots filenames; https://github.com/NixOS/nix/issues/16138; unsupported on Nix 2.34">/nix/store/0bq4f419773h3pfbcyffxp9jwqmhmg9g-nanopynix-source/tests/nanopynix/bindings/test_l1_store_bindings.py:228: findRoots/collectGarbage crash on nonnumeric temproots filenames; https://github.com/NixOS/nix/issues/16138; unsupported on Nix 2.34</skipped></testcase><testcase classname="tests.nanopynix.bindings.test_l1_store_bindings.TestStore" name="test_collect_garbage_return_dead_does_not_delete" time="0.000"><skipped type="pytest.skip" message="findRoots/collectGarbage crash on nonnumeric temproots filenames; https://github.com/NixOS/nix/issues/16138; unsupported on Nix 2.34">/nix/store/0bq4f419773h3pfbcyffxp9jwqmhmg9g-nanopynix-source/tests/nanopynix/bindings/test_l1_store_bindings.py:237: findRoots/collectGarbage crash on nonnumeric temproots filenames; https://github.com/NixOS/nix/issues/16138; unsupported on Nix 2.34</skipped></testcase><testcase classname="tests.nanopynix.bindings.test_l1_store_bindings.TestStore" name="test_optimise_store_empty_local_store" time="0.024" /><testcase classname="tests.nanopynix.bindings.test_l1_store_bindings.TestStore" name="test_verify_store_empty_local_store" time="0.014" /><testcase classname="tests.nanopynix.bindings.test_l1_store_bindings.TestOpenStore" name="test_open_store_daemon" time="0.001" /><testcase classname="tests.nanopynix.bindings.test_l1_store_bindings.TestOpenStore" name="test_open_store_uri_local" time="0.016" /><testcase classname="tests.nanopynix.bindings.test_l1_store_bindings.TestOpenStore" name="test_open_store_uri_with_params" time="0.020" /><testcase classname="tests.nanopynix.bindings.test_l1_store_bindings.TestOpenStore" name="test_open_store_uri_local_initializes_store_layout" time="0.021" /><testcase classname="tests.nanopynix.bindings.test_nix_path" name="test_parse_nix_path_empty" time="0.002" /><testcase classname="tests.nanopynix.bindings.test_nix_path" name="test_parse_nix_path_simple" time="0.002" /><testcase classname="tests.nanopynix.bindings.test_nix_path" name="test_parse_nix_path_explicit_value_without_env" time="0.002" /><testcase classname="tests.nanopynix.bindings.test_nix_path" name="test_parse_nix_path_url_style" time="0.001" /><testcase classname="tests.nanopynix.bindings.test_python_store_path_info" name="test_the_store_config_outlives_the_constructor" time="0.002" /><testcase classname="tests.nanopynix.bindings.test_python_store_path_info" name="test_query_path_info_reports_what_the_python_store_returned" time="0.001" /><testcase classname="tests.nanopynix.bindings.test_python_store_path_info" name="test_fields_the_reader_never_looked_at[deriver]" time="0.001" /><testcase classname="tests.nanopynix.bindings.test_python_store_path_info" name="test_fields_the_reader_never_looked_at[ultimate]" time="0.001" /><testcase classname="tests.nanopynix.bindings.test_python_store_path_info" name="test_fields_the_reader_never_looked_at[sigs]" time="0.001" /><testcase classname="tests.nanopynix.bindings.test_python_store_path_info" name="test_absent_optionals_may_be_spelled_none" time="0.001" /><testcase classname="tests.nanopynix.bindings.test_python_store_path_info" name="test_references_and_deriver_accept_base_names" time="0.001" /><testcase classname="tests.nanopynix.bindings.test_python_store_path_info" name="test_a_python_store_that_raises_surfaces_its_own_error" time="0.001" /><testcase classname="tests.nanopynix.bindings.test_python_store_path_info" name="test_returning_none_still_means_not_valid" time="0.001" /><testcase classname="tests.nanopynix.bindings.test_python_store_path_info" name="test_query_path_from_hash_part_reaches_the_python_store[full-path]" time="0.001" /><testcase classname="tests.nanopynix.bindings.test_python_store_path_info" name="test_query_path_from_hash_part_reaches_the_python_store[base-name]" time="0.001" /><testcase classname="tests.nanopynix.bindings.test_python_store_path_info.TestStoreImplIsRequired" name="test_a_duck_typed_store_is_rejected_with_a_useful_message" time="0.001" /><testcase classname="tests.nanopynix.bindings.test_python_store_path_info.TestStoreImplIsRequired" name="test_only_overridden_methods_are_recorded" time="0.001" /><testcase classname="tests.nanopynix.bindings.test_python_store_path_info.TestStoreImplIsRequired" name="test_an_unimplemented_method_is_not_dispatched_to" time="0.001" /><testcase classname="tests.nanopynix.bindings.test_python_store_path_info.TestQueriesNoLongerAnswerForThePythonStore" name="test_substitutable_paths_does_not_claim_everything_is_substitutable" time="0.002" /><testcase classname="tests.nanopynix.bindings.test_python_store_path_info.TestQueriesNoLongerAnswerForThePythonStore" name="test_all_valid_paths_reports_unsupported_rather_than_an_empty_store" time="0.001" /><testcase classname="tests.nanopynix.bindings.test_python_store_path_info.TestQueriesNoLongerAnswerForThePythonStore" name="test_referrers_reports_unsupported_rather_than_no_referrers" time="0.001" /><testcase classname="tests.nanopynix.bindings.test_python_store_path_info.TestQueriesNoLongerAnswerForThePythonStore" name="test_derivation_outputs_asks_the_store_rather_than_answering" time="0.001" /><testcase classname="tests.nanopynix.bindings.test_python_store_path_info.TestTheWholeDispatchableInterface" name="test_the_two_sides_agree_on_what_is_dispatchable" time="0.000" /><testcase classname="tests.nanopynix.bindings.test_python_store_path_info.TestTheWholeDispatchableInterface" name="test_every_dispatchable_name_is_a_method_on_store_impl" time="0.001" /><testcase classname="tests.nanopynix.bindings.test_python_store_path_info.TestTheWholeDispatchableInterface" name="test_store_impl_declares_no_method_that_is_never_dispatched" time="0.001" /><testcase classname="tests.nanopynix.bindings.test_python_store_path_info.TestTheWholeDispatchableInterface" name="test_the_invocation_table_covers_the_interface" time="0.001" /><testcase classname="tests.nanopynix.bindings.test_python_store_path_info.TestTheWholeDispatchableInterface" name="test_calling_each_operation_reaches_the_python_store" time="0.001" /><testcase classname="tests.nanopynix.bindings.test_python_store_path_info.TestTheWholeDispatchableInterface" name="test_answers_come_back_from_the_python_store" time="0.001" /><testcase classname="tests.nanopynix.bindings.test_python_store_path_info.TestTheWholeDispatchableInterface" name="test_the_closure_the_python_store_computed_is_the_one_returned" time="0.001" /><testcase classname="tests.nanopynix.bindings.test_python_store_path_info.TestTheWholeDispatchableInterface" name="test_query_missing_round_trips_a_whole_reply" time="0.001" /><testcase classname="tests.nanopynix.bindings.test_python_store_path_info.TestTheWholeDispatchableInterface" name="test_a_partial_query_missing_reply_keeps_nix_s_defaults" time="0.001" /><testcase classname="tests.nanopynix.bindings.test_python_store_path_info.TestTheWholeDispatchableInterface" name="test_any_iterable_is_an_acceptable_answer" time="0.001" /><testcase classname="tests.nanopynix.bindings.test_python_store_path_info.TestTheWholeDispatchableInterface" name="test_a_raise_from_any_operation_reaches_the_caller" time="0.001" /><testcase classname="tests.nanopynix.bindings.test_python_store_path_info.TestReadDerivationIsServedByNixSOwnParser" name="test_the_reply_is_parsed_rather_than_copied" time="0.001" /><testcase classname="tests.nanopynix.bindings.test_python_store_path_info.TestReadDerivationIsServedByNixSOwnParser" name="test_a_malformed_reply_fails_naming_the_path" time="0.002" /><testcase classname="tests.nanopynix.bindings.test_python_store_path_info.TestReadDerivationIsServedByNixSOwnParser" name="test_a_store_that_does_not_implement_it_still_cannot_serve_one" time="0.001" /><testcase classname="tests.nanopynix.bindings.test_python_store_path_info.TestEveryOperationDelegates" name="test_the_delegation_table_covers_the_interface" time="0.001" /><testcase classname="tests.nanopynix.bindings.test_python_store_path_info.TestEveryOperationDelegates" name="test_the_answer_is_the_underlying_store_s_answer[local-query_all_valid_paths]" time="0.002" /><testcase classname="tests.nanopynix.bindings.test_store_empty_path" name="test_empty_path_raises_instead_of_aborting[local-compute_fs_closure]" time="0.006" /><testcase classname="tests.nanopynix.bindings.test_value_accessor_types" name="test_accessor_on_the_wrong_type_raises_instead_of_crashing[local-{ a = 1; }]" time="0.010" /><testcase classname="tests.nanopynix.bindings.test_value_accessor_types" name="test_accessor_on_the_right_type_still_works[local-false]" time="0.008" /><testcase classname="tests.nanopynix.test_config_flow" name="test_rpc_configure_refuses_a_construction_time_setting[local-trace_function_calls-True]" time="0.237" /><testcase classname="tests.nanopynix.test_engine_parity_semantics" name="test_engines_agree_on_success[local-to_python_list]" time="0.266" /><testcase classname="tests.nanopynix.test_engine_parity_semantics" name="test_engines_agree_on_failure[local-missing_attr_in_nix]" time="0.269" /><testcase classname="tests.nanopynix.test_exception_translation" name="test_specific_types_still_win_over_the_catch_all[local-let in in]" time="0.013" /><testcase classname="tests.nanopynix.test_exception_translation" name="test_rpc_dispatches_identically_to_inproc[local-let in in]" time="0.299" /><testcase classname="tests.nanopynix.test_scalar_accessor_semantics" name="test_inproc_navigation_accessors_are_strict[local-{ a = 1; }]" time="0.014" /><testcase classname="tests.nanopynix.test_scalar_accessor_semantics" name="test_rpc_navigation_accessors_are_strict[local-{ a = 1; }]" time="0.248" /><testcase classname="tests.nanopynix.test_scalar_accessor_semantics" name="test_inproc_as_accessors_are_strict[local-null]" time="0.009" /><testcase classname="tests.nanopynix.test_scalar_accessor_semantics" name="test_rpc_as_accessors_are_strict_the_same_way[local-null]" time="0.228" /><testcase classname="tests.nanopynix.test_scalar_accessor_semantics" name="test_inproc_apply_tostring_is_nix_tostring[local-true]" time="0.010" /><testcase classname="tests.nanopynix.test_scalar_accessor_semantics" name="test_rpc_apply_tostring_is_nix_tostring[local-true]" time="0.236" /><testcase classname="tests.nanopynix.test_scalar_accessor_semantics" name="test_apply_reaches_any_builtin[local-builtins.attrNames]" time="0.011" /><testcase classname="tests.nanopynix.test_scalar_accessor_semantics" name="test_inproc_deep_conversion_follows_nix_tojson[local-{ type = &quot;derivation&quot;; a = 1; }]" time="0.008" /><testcase classname="tests.nanopynix.test_store_engine_parity_semantics" name="test_engines_agree_on_success[local-build_paths_with_results_no_selector]" time="0.498" /><testcase classname="tests.nanopynix.test_store_engine_parity_semantics" name="test_engines_agree_on_failure[local-is_valid_path_'empty']" time="0.444" /><testcase classname="tests.nanopynix.test_store_engine_parity_semantics" name="test_engines_agree_across_a_whole_input_row[local-compute_fs_closure]" time="0.452" /><testcase classname="tests.nanopynix.test_store_engine_parity_semantics" name="test_every_row_tells_its_inputs_apart[local-compute_fs_closure]" time="0.241" /><testcase classname="tests.nanopynix.bindings.test_python_store_path_info.TestEveryOperationDelegates" name="test_the_answer_is_the_underlying_store_s_answer[local-query_derivation_outputs]" time="0.003" /><testcase classname="tests.nanopynix.bindings.test_store_empty_path" name="test_empty_path_raises_instead_of_aborting[local-compute_store_path]" time="0.006" /><testcase classname="tests.nanopynix.bindings.test_value_accessor_types" name="test_accessor_on_the_wrong_type_raises_instead_of_crashing[local-[ 1 2 ]]" time="0.010" /><testcase classname="tests.nanopynix.test_engine_parity_semantics" name="test_engines_agree_on_success[local-to_python_attrs]" time="0.256" /><testcase classname="tests.nanopynix.test_engine_parity_semantics" name="test_engines_agree_on_failure[local-infinite_recursion]" time="0.239" /><testcase classname="tests.nanopynix.test_exception_translation" name="test_specific_types_still_win_over_the_catch_all[local-let x = x + 1; in x]" time="0.011" /><testcase classname="tests.nanopynix.test_exception_translation" name="test_rpc_dispatches_identically_to_inproc[local-let x = x + 1; in x]" time="0.237" /><testcase classname="tests.nanopynix.test_scalar_accessor_semantics" name="test_inproc_navigation_accessors_are_strict[local-[ 1 2 ]]" time="0.010" /><testcase classname="tests.nanopynix.test_scalar_accessor_semantics" name="test_rpc_navigation_accessors_are_strict[local-[ 1 2 ]]" time="0.275" /><testcase classname="tests.nanopynix.test_scalar_accessor_semantics" name="test_inproc_apply_tostring_is_nix_tostring[local-false]" time="0.010" /><testcase classname="tests.nanopynix.test_scalar_accessor_semantics" name="test_rpc_apply_tostring_is_nix_tostring[local-false]" time="0.266" /><testcase classname="tests.nanopynix.test_scalar_accessor_semantics" name="test_apply_reaches_any_builtin[local-builtins.stringLength]" time="0.009" /><testcase classname="tests.nanopynix.test_store_engine_parity_semantics" name="test_engines_agree_on_success[local-build_paths_with_results^out]" time="0.491" /><testcase classname="tests.nanopynix.test_store_engine_parity_semantics" name="test_engines_agree_on_failure[local-is_valid_path_'x']" time="0.453" /><testcase classname="tests.nanopynix.test_store_engine_parity_semantics" name="test_engines_agree_across_a_whole_input_row[local-query_referrers]" time="0.476" /><testcase classname="tests.nanopynix.test_store_engine_parity_semantics" name="test_every_row_tells_its_inputs_apart[local-query_referrers]" time="0.228" /><testcase classname="tests.nanopynix.bindings.test_python_store_path_info.TestEveryOperationDelegates" name="test_the_answer_is_the_underlying_store_s_answer[local-query_missing]" time="0.001" /><testcase classname="tests.nanopynix.bindings.test_store_empty_path" name="test_empty_path_raises_instead_of_aborting[local-copy_closure]" time="0.005" /><testcase classname="tests.nanopynix.bindings.test_value_accessor_types" name="test_accessor_on_the_wrong_type_raises_instead_of_crashing[local-x: x]" time="0.010" /><testcase classname="tests.nanopynix.test_engine_parity_semantics" name="test_engines_agree_on_success[local-to_python_nested]" time="0.246" /><testcase classname="tests.nanopynix.test_engine_parity_semantics" name="test_engines_agree_on_failure[local-runaway_recursion]" time="0.350" /><testcase classname="tests.nanopynix.test_scalar_accessor_semantics" name="test_inproc_apply_tostring_is_nix_tostring[local-null]" time="0.009" /><testcase classname="tests.nanopynix.test_scalar_accessor_semantics" name="test_rpc_apply_tostring_is_nix_tostring[local-null]" time="0.286" /><testcase classname="tests.nanopynix.test_store_engine_parity_semantics" name="test_engines_agree_on_success[local-build_paths_with_results^out,dev]" time="0.438" /><testcase classname="tests.nanopynix.test_store_engine_parity_semantics" name="test_engines_agree_on_failure[local-is_valid_path_'garbage']" time="0.457" /><testcase classname="tests.nanopynix.test_store_engine_parity_semantics" name="test_engines_agree_across_a_whole_input_row[local-query_valid_derivers]" time="0.475" /><testcase classname="tests.nanopynix.test_store_engine_parity_semantics" name="test_every_row_tells_its_inputs_apart[local-query_valid_derivers]" time="0.260" /><testcase classname="tests.nanopynix.bindings.test_python_store_path_info.TestEveryOperationDelegates" name="test_the_answer_is_the_underlying_store_s_answer[local-query_path_from_hash_part]" time="0.001" /><testcase classname="tests.nanopynix.bindings.test_store_empty_path" name="test_empty_path_raises_instead_of_aborting[local-dump_db]" time="0.008" /><testcase classname="tests.nanopynix.bindings.test_value_accessor_types" name="test_accessor_on_the_wrong_type_raises_instead_of_crashing[local-null]" time="0.014" /><testcase classname="tests.nanopynix.test_engine_parity_semantics" name="test_engines_agree_on_success[local-as_int]" time="0.240" /><testcase classname="tests.nanopynix.test_engine_parity_semantics" name="test_engines_agree_on_failure[local-attr_missing_forced]" time="0.244" /><testcase classname="tests.nanopynix.test_scalar_accessor_semantics" name="test_inproc_apply_tostring_is_nix_tostring[local-[ 1 2 ]]" time="0.009" /><testcase classname="tests.nanopynix.test_scalar_accessor_semantics" name="test_rpc_apply_tostring_is_nix_tostring[local-[ 1 2 ]]" time="0.231" /><testcase classname="tests.nanopynix.test_store_engine_parity_semantics" name="test_engines_agree_on_success[local-build_paths_with_results^*]" time="0.468" /><testcase classname="tests.nanopynix.test_store_engine_parity_semantics" name="test_engines_agree_on_failure[local-is_valid_path_'/etc/passwd']" time="0.498" /><testcase classname="tests.nanopynix.test_store_engine_parity_semantics" name="test_engines_agree_across_a_whole_input_row[local-query_derivation_outputs]" time="0.486" /><testcase classname="tests.nanopynix.test_store_engine_parity_semantics" name="test_every_row_tells_its_inputs_apart[local-query_derivation_outputs]" time="0.259" /><testcase classname="tests.nanopynix.bindings.test_python_store_path_info.TestEveryOperationDelegates" name="test_the_answer_is_the_underlying_store_s_answer[local-query_path_info]" time="0.001" /><testcase classname="tests.nanopynix.bindings.test_store_empty_path" name="test_empty_path_raises_instead_of_aborting[local-ensure_path]" time="0.005" /><testcase classname="tests.nanopynix.test_engine_parity_semantics" name="test_engines_agree_on_success[local-as_float]" time="0.240" /><testcase classname="tests.nanopynix.test_engine_parity_semantics" name="test_engines_agree_on_failure[local-list_index_out_of_range_forced]" time="0.249" /><testcase classname="tests.nanopynix.test_scalar_accessor_semantics" name="test_inproc_apply_tostring_is_nix_tostring[local-[ &quot;a&quot; &quot;b&quot; ]]" time="0.010" /><testcase classname="tests.nanopynix.test_scalar_accessor_semantics" name="test_rpc_apply_tostring_is_nix_tostring[local-[ &quot;a&quot; &quot;b&quot; ]]" time="0.268" /><testcase classname="tests.nanopynix.test_store_engine_parity_semantics" name="test_engines_agree_on_success[local-is_valid_path_absolute]" time="0.454" /><testcase classname="tests.nanopynix.test_store_engine_parity_semantics" name="test_engines_agree_on_failure[local-query_path_info_absent]" time="0.467" /><testcase classname="tests.nanopynix.test_store_engine_parity_semantics" name="test_engines_agree_across_a_whole_input_row[local-query_substitutable_paths]" time="0.497" /><testcase classname="tests.nanopynix.test_store_engine_parity_semantics" name="test_every_row_tells_its_inputs_apart[local-query_substitutable_paths]" time="0.244" /><testcase classname="tests.nanopynix.bindings.test_python_store_path_info.TestEveryOperationDelegates" name="test_the_answer_is_the_underlying_store_s_answer[local-query_referrers]" time="0.002" /><testcase classname="tests.nanopynix.bindings.test_store_empty_path" name="test_empty_path_raises_instead_of_aborting[local-follow_links_to_store_path]" time="0.007" /><testcase classname="tests.nanopynix.test_engine_parity_semantics" name="test_engines_agree_on_success[local-as_bool]" time="0.238" /><testcase classname="tests.nanopynix.test_engine_parity_semantics" name="test_engines_agree_on_failure[local-as_int_on_string]" time="0.244" /><testcase classname="tests.nanopynix.test_scalar_accessor_semantics" name="test_inproc_apply_tostring_is_nix_tostring[local-{ __toString = self: &quot;custom&quot;; }]" time="0.011" /><testcase classname="tests.nanopynix.test_scalar_accessor_semantics" name="test_rpc_apply_tostring_is_nix_tostring[local-{ __toString = self: &quot;custom&quot;; }]" time="0.233" /><testcase classname="tests.nanopynix.test_store_engine_parity_semantics" name="test_engines_agree_on_success[local-is_valid_path_relative]" time="0.456" /><testcase classname="tests.nanopynix.test_store_engine_parity_semantics" name="test_engines_agree_on_failure[local-read_derivation_absent]" time="0.457" /><testcase classname="tests.nanopynix.test_store_engine_parity_semantics" name="test_engines_agree_across_a_whole_input_row[local-get_build_log]" time="0.478" /><testcase classname="tests.nanopynix.test_store_engine_parity_semantics" name="test_every_row_tells_its_inputs_apart[local-get_build_log]" time="0.248" /><testcase classname="tests.nanopynix.bindings.test_python_store_path_info.TestEveryOperationDelegates" name="test_the_answer_is_the_underlying_store_s_answer[local-query_substitutable_paths]" time="0.270" /><testcase classname="tests.nanopynix.bindings.test_store_empty_path" name="test_empty_path_raises_instead_of_aborting[local-get_build_log]" time="0.015" /><testcase classname="tests.nanopynix.test_engine_parity_semantics" name="test_engines_agree_on_success[local-as_string]" time="0.278" /><testcase classname="tests.nanopynix.test_engine_parity_semantics" name="test_engines_agree_on_failure[local-as_string_on_int]" time="0.236" /><testcase classname="tests.nanopynix.test_scalar_accessor_semantics" name="test_inproc_apply_tostring_is_nix_tostring[local-{ outPath = &quot;/nix/store/xxx&quot;; }]" time="0.010" /><testcase classname="tests.nanopynix.test_scalar_accessor_semantics" name="test_rpc_apply_tostring_is_nix_tostring[local-{ outPath = &quot;/nix/store/xxx&quot;; }]" time="0.238" /><testcase classname="tests.nanopynix.test_store_engine_parity_semantics" name="test_engines_agree_on_success[local-parse_store_path_absolute]" time="0.451" /><testcase classname="tests.nanopynix.test_store_engine_parity_semantics" name="test_engines_agree_on_failure[local-compute_fs_closure_absent]" time="0.442" /><testcase classname="tests.nanopynix.test_store_engine_parity_semantics" name="test_engines_agree_across_a_whole_input_row[local-add_temp_root]" time="0.474" /><testcase classname="tests.nanopynix.test_store_engine_parity_semantics" name="test_every_row_tells_its_inputs_apart[local-add_temp_root]" time="0.225" /><testcase classname="tests.nanopynix.bindings.test_python_store_path_info.TestEveryOperationDelegates" name="test_the_answer_is_the_underlying_store_s_answer[local-query_valid_derivers]" time="0.001" /><testcase classname="tests.nanopynix.bindings.test_store_empty_path" name="test_empty_path_raises_instead_of_aborting[local-is_valid_path]" time="0.008" /><testcase classname="tests.nanopynix.test_engine_parity_semantics" name="test_engines_agree_on_success[local-as_float_widens_an_int]" time="0.254" /><testcase classname="tests.nanopynix.test_engine_parity_semantics" name="test_engines_agree_on_failure[local-as_bool_on_null]" time="0.238" /><testcase classname="tests.nanopynix.test_store_engine_parity_semantics" name="test_engines_agree_on_success[local-parse_store_path_relative]" time="0.452" /><testcase classname="tests.nanopynix.test_store_engine_parity_semantics" name="test_engines_agree_across_a_whole_input_row[local-follow_links_to_store_path]" time="0.490" /><testcase classname="tests.nanopynix.test_store_engine_parity_semantics" name="test_every_row_tells_its_inputs_apart[local-follow_links_to_store_path]" time="0.268" /><testcase classname="tests.nanopynix.bindings.test_python_store_path_info.TestEveryOperationDelegates" name="test_the_answer_is_the_underlying_store_s_answer[local-read_derivation]" time="0.001" /><testcase classname="tests.nanopynix.bindings.test_store_empty_path" name="test_empty_path_raises_instead_of_aborting[local-parse_store_path]" time="0.005" /><testcase classname="tests.nanopynix.test_engine_parity_semantics" name="test_engines_agree_on_success[local-attr_names]" time="0.272" /><testcase classname="tests.nanopynix.test_engine_parity_semantics" name="test_engines_agree_on_failure[local-to_python_of_a_function]" time="0.249" /><testcase classname="tests.nanopynix.bindings.test_python_store_path_info.TestEveryOperationDelegates" name="test_the_answer_is_the_underlying_store_s_answer[local-verify_store]" time="0.002" /><testcase classname="tests.nanopynix.bindings.test_store_empty_path" name="test_empty_path_raises_instead_of_aborting[local-query_derivation_outputs]" time="0.006" /><testcase classname="tests.nanopynix.test_engine_parity_semantics" name="test_engines_agree_on_success[local-has_attr_present]" time="0.260" /><testcase classname="tests.nanopynix.test_engine_parity_semantics" name="test_engines_agree_on_failure[local-to_python_of_an_attrset_holding_a_function]" time="0.242" /><testcase classname="tests.nanopynix.bindings.test_store_backend_registration.TestRegisterStore" name="test_register_and_open" time="0.002" /><testcase classname="tests.nanopynix.bindings.test_store_backend_registration.TestRegisterStore" name="test_register_duplicate_name_raises" time="0.001" /><testcase classname="tests.nanopynix.bindings.test_store_backend_registration.TestRegisterStore" name="test_multiple_schemes" time="0.001" /><testcase classname="tests.nanopynix.bindings.test_store_backend_registration.TestRegisterStore" name="test_is_valid_path_false" time="0.001" /><testcase classname="tests.nanopynix.bindings.test_store_backend_registration.TestRegisterStore" name="test_is_valid_path_from_python_store" time="0.001" /><testcase classname="tests.nanopynix.bindings.test_store_empty_path" name="test_empty_path_raises_instead_of_aborting[local-query_missing]" time="0.006" /><testcase classname="tests.nanopynix.test_engine_parity_semantics" name="test_engines_agree_on_success[local-has_attr_absent]" time="0.250" /><testcase classname="tests.nanopynix.test_engine_parity_semantics" name="test_engines_agree_on_failure[local-apply_a_non_function]" time="0.245" /><testcase classname="tests.nanopynix.bindings.test_store_empty_path" name="test_empty_path_raises_instead_of_aborting[local-query_path_info]" time="0.006" /><testcase classname="tests.nanopynix.test_engine_parity_semantics" name="test_engines_agree_on_success[local-list_length]" time="0.283" /><testcase classname="tests.nanopynix.test_engine_parity_semantics" name="test_engines_agree_on_failure[local-call_with_no_arguments]" time="0.270" /><testcase classname="tests.nanopynix.bindings.test_store_empty_path" name="test_empty_path_raises_instead_of_aborting[local-query_referrers]" time="0.008" /><testcase classname="tests.nanopynix.test_engine_parity_semantics" name="test_engines_agree_on_success[local-attr_then_as_int]" time="0.254" /><testcase classname="tests.nanopynix.test_engine_parity_semantics" name="test_engines_agree_on_failure[local-call_a_non_function]" time="0.278" /><testcase classname="tests.nanopynix.bindings.test_store_empty_path" name="test_empty_path_raises_instead_of_aborting[local-query_substitutable_paths]" time="0.008" /><testcase classname="tests.nanopynix.test_engine_parity_semantics" name="test_engines_agree_on_success[local-list_get_then_as_int]" time="0.255" /><testcase classname="tests.nanopynix.test_engine_parity_semantics" name="test_engines_agree_on_failure[local-call_too_many_arguments]" time="0.262" /><testcase classname="tests.nanopynix.bindings.test_store_empty_path" name="test_empty_path_raises_instead_of_aborting[local-query_valid_derivers]" time="0.007" /><testcase classname="tests.nanopynix.test_engine_parity_semantics" name="test_engines_agree_on_success[local-type_of_attrs]" time="0.274" /><testcase classname="tests.nanopynix.test_engine_parity_semantics" name="test_engines_agree_on_failure[local-select_after_release]" time="0.245" /><testcase classname="tests.nanopynix.bindings.test_store_empty_path" name="test_empty_path_raises_instead_of_aborting[local-read_derivation]" time="0.006" /><testcase classname="tests.nanopynix.test_engine_parity_semantics" name="test_engines_agree_on_success[local-type_of_list]" time="0.245" /><testcase classname="tests.nanopynix.test_engine_parity_semantics" name="test_engines_agree_on_failure[local-force_after_release]" time="0.274" /><testcase classname="tests.nanopynix.bindings.test_store_empty_path" name="test_empty_path_raises_instead_of_aborting[local-write_dev_shell_derivation]" time="0.006" /><testcase classname="tests.nanopynix.test_engine_parity_semantics" name="test_engines_agree_on_success[local-type_of_function]" time="0.228" /><testcase classname="tests.nanopynix.test_engine_parity_semantics" name="test_engines_agree_on_failure[local-attr_names_on_an_int]" time="0.264" /><testcase classname="tests.nanopynix.bindings.test_store_empty_path" name="test_the_call_table_covers_every_path_taking_method" time="0.002" /><testcase classname="tests.nanopynix.bindings.test_store_path_accessor_drift.TestPythonAccessorsMatchNix" name="test_hash_part_agrees[aaaaaaaaaaaaaaaaaaaaaaaaaaaaaaaa-hello]" time="0.001" /><testcase classname="tests.nanopynix.bindings.test_store_path_accessor_drift.TestPythonAccessorsMatchNix" name="test_hash_part_agrees[aaaaaaaaaaaaaaaaaaaaaaaaaaaaaaaa-hello-2.12.1]" time="0.001" /><testcase classname="tests.nanopynix.bindings.test_store_path_accessor_drift.TestPythonAccessorsMatchNix" name="test_hash_part_agrees[aaaaaaaaaaaaaaaaaaaaaaaaaaaaaaaa-hello-2.12.1.drv]" time="0.001" /><testcase classname="tests.nanopynix.bindings.test_store_path_accessor_drift.TestPythonAccessorsMatchNix" name="test_hash_part_agrees[aaaaaaaaaaaaaaaaaaaaaaaaaaaaaaaa-lib.so.1.2]" time="0.001" /><testcase classname="tests.nanopynix.bindings.test_store_path_accessor_drift.TestPythonAccessorsMatchNix" name="test_hash_part_agrees[aaaaaaaaaaaaaaaaaaaaaaaaaaaaaaaa-x.drv.drv]" time="0.001" /><testcase classname="tests.nanopynix.bindings.test_store_path_accessor_drift.TestPythonAccessorsMatchNix" name="test_hash_part_agrees[aaaaaaaaaaaaaaaaaaaaaaaaaaaaaaaa-x.drv-1]" time="0.001" /><testcase classname="tests.nanopynix.bindings.test_store_path_accessor_drift.TestPythonAccessorsMatchNix" name="test_hash_part_agrees[aaaaaaaaaaaaaaaaaaaaaaaaaaaaaaaa-name.with.dots.drv]" time="0.001" /><testcase classname="tests.nanopynix.bindings.test_store_path_accessor_drift.TestPythonAccessorsMatchNix" name="test_name_agrees[aaaaaaaaaaaaaaaaaaaaaaaaaaaaaaaa-hello]" time="0.001" /><testcase classname="tests.nanopynix.bindings.test_store_path_accessor_drift.TestPythonAccessorsMatchNix" name="test_name_agrees[aaaaaaaaaaaaaaaaaaaaaaaaaaaaaaaa-hello-2.12.1]" time="0.001" /><testcase classname="tests.nanopynix.bindings.test_store_path_accessor_drift.TestPythonAccessorsMatchNix" name="test_name_agrees[aaaaaaaaaaaaaaaaaaaaaaaaaaaaaaaa-hello-2.12.1.drv]" time="0.001" /><testcase classname="tests.nanopynix.bindings.test_store_path_accessor_drift.TestPythonAccessorsMatchNix" name="test_name_agrees[aaaaaaaaaaaaaaaaaaaaaaaaaaaaaaaa-lib.so.1.2]" time="0.001" /><testcase classname="tests.nanopynix.bindings.test_store_path_accessor_drift.TestPythonAccessorsMatchNix" name="test_name_agrees[aaaaaaaaaaaaaaaaaaaaaaaaaaaaaaaa-x.drv.drv]" time="0.001" /><testcase classname="tests.nanopynix.bindings.test_store_path_accessor_drift.TestPythonAccessorsMatchNix" name="test_name_agrees[aaaaaaaaaaaaaaaaaaaaaaaaaaaaaaaa-x.drv-1]" time="0.001" /><testcase classname="tests.nanopynix.bindings.test_store_path_accessor_drift.TestPythonAccessorsMatchNix" name="test_name_agrees[aaaaaaaaaaaaaaaaaaaaaaaaaaaaaaaa-name.with.dots.drv]" time="0.001" /><testcase classname="tests.nanopynix.bindings.test_store_path_accessor_drift.TestPythonAccessorsMatchNix" name="test_is_derivation_agrees[aaaaaaaaaaaaaaaaaaaaaaaaaaaaaaaa-hello]" time="0.001" /><testcase classname="tests.nanopynix.bindings.test_store_path_accessor_drift.TestPythonAccessorsMatchNix" name="test_is_derivation_agrees[aaaaaaaaaaaaaaaaaaaaaaaaaaaaaaaa-hello-2.12.1]" time="0.001" /><testcase classname="tests.nanopynix.bindings.test_store_path_accessor_drift.TestPythonAccessorsMatchNix" name="test_is_derivation_agrees[aaaaaaaaaaaaaaaaaaaaaaaaaaaaaaaa-hello-2.12.1.drv]" time="0.001" /><testcase classname="tests.nanopynix.bindings.test_store_path_accessor_drift.TestPythonAccessorsMatchNix" name="test_is_derivation_agrees[aaaaaaaaaaaaaaaaaaaaaaaaaaaaaaaa-lib.so.1.2]" time="0.001" /><testcase classname="tests.nanopynix.bindings.test_store_path_accessor_drift.TestPythonAccessorsMatchNix" name="test_is_derivation_agrees[aaaaaaaaaaaaaaaaaaaaaaaaaaaaaaaa-x.drv.drv]" time="0.001" /><testcase classname="tests.nanopynix.bindings.test_store_path_accessor_drift.TestPythonAccessorsMatchNix" name="test_is_derivation_agrees[aaaaaaaaaaaaaaaaaaaaaaaaaaaaaaaa-x.drv-1]" time="0.001" /><testcase classname="tests.nanopynix.bindings.test_store_path_accessor_drift.TestPythonAccessorsMatchNix" name="test_is_derivation_agrees[aaaaaaaaaaaaaaaaaaaaaaaaaaaaaaaa-name.with.dots.drv]" time="0.001" /><testcase classname="tests.nanopynix.bindings.test_store_path_accessor_drift.TestPythonAccessorsMatchNix" name="test_the_store_directory_does_not_reach_the_accessors[aaaaaaaaaaaaaaaaaaaaaaaaaaaaaaaa-hello]" time="0.001" /><testcase classname="tests.nanopynix.bindings.test_store_path_accessor_drift.TestPythonAccessorsMatchNix" name="test_the_store_directory_does_not_reach_the_accessors[aaaaaaaaaaaaaaaaaaaaaaaaaaaaaaaa-hello-2.12.1]" time="0.001" /><testcase classname="tests.nanopynix.bindings.test_store_path_accessor_drift.TestPythonAccessorsMatchNix" name="test_the_store_directory_does_not_reach_the_accessors[aaaaaaaaaaaaaaaaaaaaaaaaaaaaaaaa-hello-2.12.1.drv]" time="0.001" /><testcase classname="tests.nanopynix.bindings.test_store_path_accessor_drift.TestPythonAccessorsMatchNix" name="test_the_store_directory_does_not_reach_the_accessors[aaaaaaaaaaaaaaaaaaaaaaaaaaaaaaaa-lib.so.1.2]" time="0.001" /><testcase classname="tests.nanopynix.bindings.test_store_path_accessor_drift.TestPythonAccessorsMatchNix" name="test_the_store_directory_does_not_reach_the_accessors[aaaaaaaaaaaaaaaaaaaaaaaaaaaaaaaa-x.drv.drv]" time="0.001" /><testcase classname="tests.nanopynix.bindings.test_store_path_accessor_drift.TestPythonAccessorsMatchNix" name="test_the_store_directory_does_not_reach_the_accessors[aaaaaaaaaaaaaaaaaaaaaaaaaaaaaaaa-x.drv-1]" time="0.001" /><testcase classname="tests.nanopynix.bindings.test_store_path_accessor_drift.TestPythonAccessorsMatchNix" name="test_the_store_directory_does_not_reach_the_accessors[aaaaaaaaaaaaaaaaaaaaaaaaaaaaaaaa-name.with.dots.drv]" time="0.001" /><testcase classname="tests.nanopynix.bindings.test_store_path_accessor_drift" name="test_the_comparison_would_notice_a_divergence" time="0.001" /><testcase classname="tests.nanopynix.bindings.test_util.TestInitLibstore" name="test_init_without_config" time="0.001" /><testcase classname="tests.nanopynix.bindings.test_util.TestInitLibstore" name="test_init_with_config" time="0.001" /><testcase classname="tests.nanopynix.bindings.test_util.TestSettings" name="test_get_setting_keep_going" time="0.001" /><testcase classname="tests.nanopynix.bindings.test_util.TestSettings" name="test_get_setting_nonexistent" time="0.001" /><testcase classname="tests.nanopynix.bindings.test_util.TestSettings" name="test_set_and_get_max_jobs" time="0.001" /><testcase classname="tests.nanopynix.bindings.test_util.TestSettings" name="test_set_setting_unknown_raises" time="0.001" /><testcase classname="tests.nanopynix.bindings.test_util.TestSettings" name="test_list_settings_includes_known" time="0.001" /><testcase classname="tests.nanopynix.bindings.test_util.TestSettings" name="test_list_settings_metadata_includes_known" time="0.002" /><testcase classname="tests.nanopynix.bindings.test_util.TestSettings" name="test_settings_model_matches_registered_nix_settings" time="0.002" /><testcase classname="tests.nanopynix.bindings.test_util.TestSettings" name="test_optional_settings_models_match_their_surfaces" time="0.003" /><testcase classname="tests.nanopynix.bindings.test_util.TestExperimentalFeatures" name="test_enable_flakes" time="0.001" /><testcase classname="tests.nanopynix.bindings.test_util.TestExperimentalFeatures" name="test_enable_unknown_raises" time="0.001" /><testcase classname="tests.nanopynix.bindings.test_util.TestExperimentalFeatures" name="test_enable_nix_command" time="0.000" /><testcase classname="tests.nanopynix.bindings.test_util_bindings" name="test_build_info_reports_compile_time_compatibility" time="0.001" /><testcase classname="tests.nanopynix.bindings.test_util_bindings" name="test_build_info_is_available_from_nanopynix" time="0.001" /><testcase classname="tests.nanopynix.bindings.test_util_bindings" name="test_unsupported_primop_registration_fails_early" time="0.001"><skipped type="pytest.skip" message="linked Nix supports dynamic primop registration">/nix/store/0bq4f419773h3pfbcyffxp9jwqmhmg9g-nanopynix-source/tests/nanopynix/bindings/test_util_bindings.py:43: linked Nix supports dynamic primop registration</skipped></testcase><testcase classname="tests.nanopynix.bindings.test_util_bindings.TestCurrentSystem" name="test_current_system_is_non_empty" time="0.001" /><testcase classname="tests.nanopynix.bindings.test_util_bindings.TestCurrentSystem" name="test_current_system_uses_system_setting" time="0.001" /><testcase classname="tests.nanopynix.bindings.test_util_bindings.TestFilterAnsiEscapes" name="test_strips_the_colours_that_nix_writes" time="0.001" /><testcase classname="tests.nanopynix.bindings.test_util_bindings.TestFilterAnsiEscapes" name="test_strips_an_osc_8_hyperlink" time="0.001" /><testcase classname="tests.nanopynix.bindings.test_util_bindings.TestFilterAnsiEscapes" name="test_strips_a_24_bit_colour" time="0.000" /><testcase classname="tests.nanopynix.bindings.test_util_bindings.TestFilterAnsiEscapes" name="test_strips_a_sequence_that_does_not_end_in_m" time="0.001" /><testcase classname="tests.nanopynix.bindings.test_util_bindings.TestFilterAnsiEscapes" name="test_keeps_a_colour_when_filter_all_is_false" time="0.000" /><testcase classname="tests.nanopynix.bindings.test_util_bindings.TestFilterAnsiEscapes" name="test_expands_a_tab_and_drops_a_carriage_return_and_a_bell" time="0.001" /><testcase classname="tests.nanopynix.bindings.test_util_bindings.TestFilterAnsiEscapes" name="test_keeps_the_other_control_characters" time="0.001" /><testcase classname="tests.nanopynix.bindings.test_util_bindings.TestFilterAnsiEscapes" name="test_width_truncates_and_none_does_not" time="0.001" /><testcase classname="tests.nanopynix.bindings.test_util_bindings.TestFilterAnsiEscapes" name="test_a_negative_width_is_refused" time="0.001" /><testcase classname="tests.nanopynix.bindings.test_util_bindings.TestFilterAnsiEscapes" name="test_needs_no_initialisation" time="0.001" /><testcase classname="tests.nanopynix.bindings.test_util_bindings.TestUrlUtilities" name="test_percent_encode_default" time="0.001" /><testcase classname="tests.nanopynix.bindings.test_util_bindings.TestUrlUtilities" name="test_percent_encode_keep" time="0.000" /><testcase classname="tests.nanopynix.bindings.test_util_bindings.TestUrlUtilities" name="test_percent_decode" time="0.001" /><testcase classname="tests.nanopynix.bindings.test_util_bindings.TestUrlUtilities" name="test_fix_git_url_scp" time="0.001" /><testcase classname="tests.nanopynix.bindings.test_util_bindings.TestUrlUtilities" name="test_fix_git_url_git_plus" time="0.001" /><testcase classname="tests.nanopynix.bindings.test_util_bindings.TestUrlUtilities" name="test_fix_git_url_already_ok" time="0.000" /><testcase classname="tests.nanopynix.bindings.test_util_bindings.TestUrlUtilities" name="test_is_valid_scheme_name" time="0.001" /><testcase classname="tests.nanopynix.bindings.test_util_bindings.TestHashUtilities" name="test_parse_hash_algo" time="0.001" /><testcase classname="tests.nanopynix.bindings.test_util_bindings.TestHashUtilities" name="test_parse_hash_algo_opt" time="0.001" /><testcase classname="tests.nanopynix.bindings.test_util_bindings.TestHashUtilities" name="test_parse_hash_algo_invalid" time="0.001" /><testcase classname="tests.nanopynix.bindings.test_util_bindings.TestHashUtilities" name="test_print_hash_algo" time="0.000" /><testcase classname="tests.nanopynix.bindings.test_util_bindings.TestHashUtilities" name="test_parse_hash_format" time="0.000" /><testcase classname="tests.nanopynix.bindings.test_util_bindings.TestHashUtilities" name="test_parse_hash_format_invalid" time="0.001" /><testcase classname="tests.nanopynix.bindings.test_util_bindings.TestHashUtilities" name="test_print_hash_format" time="0.001" /><testcase classname="tests.nanopynix.bindings.test_util_bindings.TestHashUtilities" name="test_parse_hash_any_sri" time="0.001" /><testcase classname="tests.nanopynix.bindings.test_util_bindings.TestHashUtilities" name="test_parse_hash_any_hex" time="0.001" /><testcase classname="tests.nanopynix.bindings.test_util_bindings.TestHashUtilities" name="test_parse_hash_any_with_algo" time="0.001" /><testcase classname="tests.nanopynix.bindings.test_util_bindings.TestStoreUtilities" name="test_compare_versions_greater" time="0.001" /><testcase classname="tests.nanopynix.bindings.test_util_bindings.TestStoreUtilities" name="test_compare_versions_less" time="0.001" /><testcase classname="tests.nanopynix.bindings.test_util_bindings.TestStoreUtilities" name="test_compare_versions_equal" time="0.001" /><testcase classname="tests.nanopynix.bindings.test_util_bindings.TestStoreUtilities" name="test_compare_versions_numeric_segments" time="0.001" /><testcase classname="tests.nanopynix.bindings.test_util_bindings.TestStoreUtilities" name="test_check_name_valid" time="0.000" /><testcase classname="tests.nanopynix.bindings.test_util_bindings.TestStoreUtilities" name="test_check_name_dot" time="0.001" /><testcase classname="tests.nanopynix.bindings.test_util_bindings.TestStoreUtilities" name="test_check_name_empty" time="0.001" /><testcase classname="tests.nanopynix.bindings.test_util_bindings.TestParseStoreReference" name="test_auto" time="0.001" /><testcase classname="tests.nanopynix.bindings.test_util_bindings.TestParseStoreReference" name="test_daemon_shorthand" time="0.001" /><testcase classname="tests.nanopynix.bindings.test_util_bindings.TestParseStoreReference" name="test_unix_socket_is_not_collapsed_to_daemon" time="0.001" /><testcase classname="tests.nanopynix.bindings.test_util_bindings.TestParseStoreReference" name="test_local_with_params" time="0.001" /><testcase classname="tests.nanopynix.bindings.test_util_bindings.TestParseStoreReference" name="test_bare_path" time="0.001" /><testcase classname="tests.nanopynix.bindings.test_util_bindings.TestRenderStoreReference" name="test_round_trips_daemon" time="0.001" /><testcase classname="tests.nanopynix.bindings.test_util_bindings.TestRenderStoreReference" name="test_round_trips_unix_socket_with_params" time="0.000" /><testcase classname="tests.nanopynix.bindings.test_util_bindings.TestRenderStoreReference" name="test_without_params_drops_query_string" time="0.001" /><testcase classname="tests.nanopynix.bindings.test_util_bindings.TestRenderStoreReference" name="test_round_trips_auto" time="0.001" /><testcase classname="tests.nanopynix.core.test_codec" name="test_scalar_to_python_covers_every_kind[scalar0-hi]" time="0.001" /><testcase classname="tests.nanopynix.core.test_codec" name="test_scalar_to_python_covers_every_kind[scalar1-42]" time="0.001" /><testcase classname="tests.nanopynix.core.test_codec" name="test_scalar_to_python_covers_every_kind[scalar2-1.5]" time="0.001" /><testcase classname="tests.nanopynix.core.test_codec" name="test_scalar_to_python_covers_every_kind[scalar3-True]" time="0.001" /><testcase classname="tests.nanopynix.core.test_codec" name="test_scalar_to_python_covers_every_kind[scalar4-None]" time="0.001" /><testcase classname="tests.nanopynix.core.test_codec" name="test_scalar_to_python_none_input" time="0.001" /><testcase classname="tests.nanopynix.core.test_codec" name="test_python_to_scalar_covers_every_type[None-null_value-expected0]" time="0.001" /><testcase classname="tests.nanopynix.core.test_codec" name="test_python_to_scalar_covers_every_type[True-bool_value-True]" time="0.001" /><testcase classname="tests.nanopynix.core.test_codec" name="test_python_to_scalar_covers_every_type[42-int_value-42]" time="0.001" /><testcase classname="tests.nanopynix.core.test_codec" name="test_python_to_scalar_covers_every_type[1.5-float_value-1.5]" time="0.001" /><testcase classname="tests.nanopynix.core.test_codec" name="test_python_to_scalar_covers_every_type[hi-string_value-hi]" time="0.001" /><testcase classname="tests.nanopynix.core.test_codec" name="test_python_to_scalar_rejects_unsupported_type_by_default" time="0.001" /><testcase classname="tests.nanopynix.core.test_codec" name="test_python_to_scalar_stringifies_unsupported_type_when_requested" time="0.001" /><testcase classname="tests.nanopynix.core.test_codec" name="test_deep_value_scalar_roundtrip" time="0.001" /><testcase classname="tests.nanopynix.core.test_codec" name="test_deep_value_list_roundtrip" time="0.001" /><testcase classname="tests.nanopynix.core.test_codec" name="test_deep_value_attrs_roundtrip" time="0.001" /><testcase classname="tests.nanopynix.core.test_codec" name="test_deep_value_to_python_none_input" time="0.000" /><testcase classname="tests.nanopynix.core.test_codec" name="test_deep_value_to_python_rejects_remote_value" time="0.001" /><testcase classname="tests.nanopynix.core.test_codec" name="test_python_to_deep_value_nested_dict_rejects_unsupported_leaf" time="0.001" /><testcase classname="tests.nanopynix.core.test_codec" name="test_deep_value_empty_list_and_dict" time="0.000" /><testcase classname="tests.nanopynix.core.test_codec" name="test_deep_attrs_and_list_constructed_directly" time="0.001" /><testcase classname="tests.nanopynix.core.test_extract" name="test_store_path_wrapper_basic" time="0.001" /><testcase classname="tests.nanopynix.core.test_extract" name="test_store_path_wrapper_single_dash_name" time="0.001" /><testcase classname="tests.nanopynix.core.test_extract" name="test_store_path_wrapper_multiple_dashes" time="0.001" /><testcase classname="tests.nanopynix.core.test_extract" name="test_store_path_wrapper_accepts_unvalidated_basename" time="0.001" /><testcase classname="tests.nanopynix.core.test_extract" name="test_store_path_wrapper_accepts_empty_basename" time="0.000" /><testcase classname="tests.nanopynix.core.test_extract" name="test_build_result_fields" time="0.001" /><testcase classname="tests.nanopynix.core.test_extract" name="test_input_attrs_from_url" time="0.001" /><testcase classname="tests.nanopynix.core.test_extract" name="test_flake_ref_attrs" time="0.001" /><testcase classname="tests.nanopynix.core.test_extract" name="test_flake_ref_attrs_vs_input_attrs" time="0.001" /><testcase classname="tests.nanopynix.core.test_extract" name="test_attrs_value_bool_and_int_and_string_branches" time="0.001" /><testcase classname="tests.nanopynix.core.test_extract" name="test_attrs_map_converts_a_plain_dict" time="0.001" /><testcase classname="tests.nanopynix.core.test_extract" name="test_locked_node_carries_both_references" time="0.001" /><testcase classname="tests.nanopynix.core.test_extract" name="test_locked_node_keeps_is_flake_false" time="0.000" /><testcase classname="tests.nanopynix.core.test_nix_executor_unit" name="test_rejects_a_non_positive_max_workers" time="0.001" /><testcase classname="tests.nanopynix.core.test_nix_executor_unit" name="test_thread_initializer_runs_on_the_worker_thread" time="0.001" /><testcase classname="tests.nanopynix.core.test_nix_executor_unit" name="test_run_rejects_new_work_after_begin_close" time="0.001" /><testcase classname="tests.nanopynix.core.test_nix_executor_unit" name="test_run_sync_rejects_new_work_after_begin_close" time="0.001" /><testcase classname="tests.nanopynix.core.test_nix_executor_unit" name="test_begin_close_with_force_cancels_pending_work" time="0.002" /><testcase classname="tests.nanopynix.core.test_nix_executor_unit" name="test_resume_allows_accepting_work_again" time="0.001" /><testcase classname="tests.nanopynix.core.test_nix_executor_unit" name="test_drain_returns_immediately_with_no_pending_work" time="0.001" /><testcase classname="tests.nanopynix.core.test_nix_executor_unit" name="test_drain_raises_timeout_error_when_work_outlasts_the_deadline" time="0.012" /><testcase classname="tests.nanopynix.core.test_nix_executor_unit" name="test_drain_waits_for_pending_work_to_finish" time="0.052" /><testcase classname="tests.nanopynix.core.test_nix_executor_unit" name="test_shutdown_is_idempotent" time="0.001" /><testcase classname="tests.nanopynix.core.test_nix_executor_unit" name="test_a_cancelled_call_that_stops_in_time_leaves_the_executor_healthy" time="0.402" /><testcase classname="tests.nanopynix.core.test_nix_executor_unit" name="test_a_cancelled_call_that_will_not_stop_poisons_the_executor" time="0.303" /><testcase classname="tests.nanopynix.core.test_nix_executor_unit" name="test_a_poisoned_executor_refuses_every_later_call" time="0.303" /><testcase classname="tests.nanopynix.core.test_nix_executor_unit" name="test_a_poisoned_executor_never_resumes" time="0.305" /><testcase classname="tests.nanopynix.core.test_nix_executor_unit" name="test_drain_returns_at_once_on_a_poisoned_executor" time="0.303" /><testcase classname="tests.nanopynix.core.test_nix_executor_unit" name="test_a_poisoned_shutdown_returns_while_the_thread_is_still_busy" time="0.353" /><testcase classname="tests.nanopynix.inproc.test_inproc" name="test_inproc_session_nix_conf_must_be_a_path" time="0.002" /><testcase classname="tests.nanopynix.inproc.test_inproc" name="test_inproc_session_nix_conf_must_exist" time="0.002" /><testcase classname="tests.nanopynix.inproc.test_inproc" name="test_inproc_session_nix_conf_accepts_existing_path" time="0.002" /><testcase classname="tests.nanopynix.inproc.test_inproc" name="test_normalize_nix_path_str_and_list_variants" time="0.001" /><testcase classname="tests.nanopynix.inproc.test_inproc" name="test_inproc_session_run_before_open_raises" time="0.002" /><testcase classname="tests.nanopynix.inproc.test_inproc_multithreaded" name="test_inproc_store_pool_runs_work_on_two_threads" time="0.010" /><testcase classname="tests.nanopynix.inproc.test_inproc_multithreaded" name="test_inproc_evaluators_are_parallel_and_share_a_store" time="0.016" /><testcase classname="tests.nanopynix.inproc.test_inproc_multithreaded" name="test_inproc_parallel_evaluation_stress" time="0.249" /><testcase classname="tests.nanopynix.inproc.test_inproc_multithreaded" name="test_inproc_parallel_values_navigate_force_and_release" time="0.319" /><testcase classname="tests.nanopynix.inproc.test_inproc_multithreaded" name="test_inproc_evaluator_keeps_one_thread_for_its_entire_lifetime" time="0.008" /><testcase classname="tests.nanopynix.inproc.test_inproc_multithreaded" name="test_inproc_a_value_reads_from_a_second_event_loop" time="0.010" /><testcase classname="tests.nanopynix.inproc.test_inproc_multithreaded" name="test_inproc_store_metadata_and_closure_queries_run_concurrently" time="0.400" /><testcase classname="tests.nanopynix.inproc.test_inproc_multithreaded" name="test_inproc_logs_keep_operation_ids_isolated_between_store_threads" time="0.003" /><testcase classname="tests.nanopynix.inproc.test_inproc_multithreaded" name="test_inproc_close_wait_false_preserves_running_store_work" time="0.003" /><testcase classname="tests.nanopynix.inproc.test_inproc_multithreaded" name="test_inproc_forced_store_close_invalidates_dependent_evaluator" time="0.006" /><testcase classname="tests.nanopynix.inproc.test_inproc_multithreaded" name="test_inproc_independent_builds_overlap_without_cpu_pressure" time="4.156" /><testcase classname="tests.nanopynix.inproc.test_inproc_multithreaded" name="test_inproc_one_evaluator_extracts_and_builds_fifty_derivations" time="6.986" /><testcase classname="tests.nanopynix.inproc.test_inproc_multithreaded" name="test_inproc_parallel_batch_builds_use_multiple_store_workers" time="5.684" /><testcase classname="tests.nanopynix.inproc.test_inproc_multithreaded" name="test_inproc_mixed_evaluation_build_and_store_workloads" time="4.350" /><testcase classname="tests.nanopynix.inproc.test_inproc_multithreaded" name="test_inproc_session_close_drains_open_evaluators" time="0.007" /><testcase classname="tests.nanopynix.inproc.test_inproc_process_env" name="test_a_closed_session_leaves_the_variable_unset_if_it_was_unset" time="1.479" /><testcase classname="tests.nanopynix.inproc.test_inproc_process_env" name="test_a_closed_session_puts_back_the_value_it_found" time="1.280" /><testcase classname="tests.nanopynix.inproc.test_inproc_process_env" name="test_a_session_sets_every_name_it_was_given_and_puts_each_one_back" time="1.280" /><testcase classname="tests.nanopynix.primops.test_ipaddress_primops" name="test_the_callables_are_reachable_through_as_dict" time="0.298" /><testcase classname="tests.nanopynix.primops.test_ipaddress_primops" name="test_parse_address_v4" time="0.242" /><testcase classname="tests.nanopynix.primops.test_ipaddress_primops" name="test_parse_address_v6" time="0.226" /><testcase classname="tests.nanopynix.primops.test_ipaddress_primops" name="test_parse_network_v4" time="0.248" /><testcase classname="tests.nanopynix.primops.test_ipaddress_primops" name="test_parse_network_v6" time="0.244" /><testcase classname="tests.nanopynix.primops.test_ipaddress_primops" name="test_parse_interface" time="0.244" /><testcase classname="tests.nanopynix.primops.test_ipaddress_primops" name="test_network_address" time="0.227" /><testcase classname="tests.nanopynix.primops.test_ipaddress_primops" name="test_network_address_negative" time="0.220" /><testcase classname="tests.nanopynix.primops.test_ipaddress_primops" name="test_network_subnet" time="0.243" /><testcase classname="tests.nanopynix.primops.test_ipaddress_primops" name="test_network_subnet_ipv6" time="0.762" /><testcase classname="tests.nanopynix.primops.test_ipaddress_primops" name="test_loopback_address" time="0.250" /><testcase classname="tests.nanopynix.primops.test_ipaddress_primops" name="test_multicast_address" time="0.218" /><testcase classname="tests.nanopynix.primops.test_jsonschema_primops" name="test_valid_value_passes_through_unchanged" time="0.314" /><testcase classname="tests.nanopynix.primops.test_jsonschema_primops" name="test_invalid_value_raises_with_violation_details" time="0.314" /><testcase classname="tests.nanopynix.primops.test_jsonschema_primops" name="test_malformed_schema_raises_descriptive_error" time="0.305" /><testcase classname="tests.nanopynix.primops.test_primop_error" name="test_primop_error_message_is_shown_bare_and_multiline" time="0.318" /><testcase classname="tests.nanopynix.primops.test_primop_error" name="test_unexpected_exception_keeps_its_type_name_prefix" time="0.339" /><testcase classname="tests.nanopynix.primops.test_primop_error_parity" name="test_encode_mirrors_the_cpp_rule" time="0.002" /><testcase classname="tests.nanopynix.primops.test_primop_error_parity" name="test_decode_leaves_an_unmarked_message_alone" time="0.001" /><testcase classname="tests.nanopynix.primops.test_yaml_unit" name="test_from_yaml_parses_hex_integers_as_yaml12" time="0.002" /><testcase classname="tests.nanopynix.primops.test_yaml_unit" name="test_from_yaml_rejects_a_document_that_is_not_json_compatible" time="0.002" /><testcase classname="tests.nanopynix.primops.test_yaml_unit" name="test_from_yaml11_reports_a_parse_error" time="0.002" /><testcase classname="tests.nanopynix.primops.test_yaml_unit" name="test_from_yaml_stream_reports_a_parse_error" time="0.001" /><testcase classname="tests.nanopynix.primops.test_yaml_unit" name="test_from_yaml11_stream_reports_a_parse_error" time="0.001" /><testcase classname="tests.nanopynix.primops.test_yaml_unit" name="test_to_yaml_wraps_a_render_failure" time="0.001" /><testcase classname="tests.nanopynix.primops.test_yaml_unit" name="test_parse_error_message_falls_back_to_str_without_a_problem_attribute" time="0.001" /><testcase classname="tests.nanopynix.primops.test_yaml_unit" name="test_parse_error_message_uses_the_problem_without_a_mark" time="0.001" /><testcase classname="tests.nanopynix.rpc.client.test_manager_unit" name="test_manager_service_base_log_is_unimplemented" time="0.001" /><testcase classname="tests.nanopynix.rpc.client.test_manager_unit" name="test_manager_primop_service_base_call_is_unimplemented" time="0.001" /><testcase classname="tests.nanopynix.rpc.client.test_manager_unit" name="test_manager_service_handler_log_invokes_callback_and_acks" time="0.001" /><testcase classname="tests.nanopynix.rpc.client.test_manager_unit" name="test_manager_service_base_rpc_log_roundtrips_through_stream" time="0.001" /><testcase classname="tests.nanopynix.rpc.client.test_manager_unit" name="test_manager_service_base_rpc_log_rejects_missing_message" time="0.001" /><testcase classname="tests.nanopynix.rpc.client.test_manager_unit" name="test_manager_primop_service_rpc_call_rejects_missing_message" time="0.001" /><testcase classname="tests.nanopynix.rpc.client.test_manager_unit" name="test_manager_primop_service_handler_call_not_found" time="0.001" /><testcase classname="tests.nanopynix.rpc.client.test_manager_unit" name="test_manager_primop_service_handler_encodes_a_caller_exception" time="0.001" /><testcase classname="tests.nanopynix.rpc.client.test_manager_unit" name="test_manager_primop_service_handler_register_all_and_awaits_coroutine" time="0.002" /><testcase classname="tests.nanopynix.rpc.client.test_session_unit.TestEvalSessionLifecycle" name="test_enter_opens_eval_state_on_worker_client" time="0.006" /><testcase classname="tests.nanopynix.rpc.client.test_session_unit.TestEvalSessionLifecycle" name="test_open_close_manual_lifecycle" time="0.007" /><testcase classname="tests.nanopynix.rpc.client.test_session_unit.TestEvalSessionLifecycle" name="test_exit_closes_eval_state" time="0.006" /><testcase classname="tests.nanopynix.rpc.client.test_session_unit.TestEvalSessionLifecycle" name="test_exit_deactivates_after_close_eval_error" time="0.007" /><testcase classname="tests.nanopynix.rpc.client.test_session_unit.TestEvalSessionLifecycle" name="test_file_before_enter_raises" time="0.005" /><testcase classname="tests.nanopynix.rpc.client.test_session_unit.TestEvalSessionLifecycle" name="test_string_before_enter_raises" time="0.005" /><testcase classname="tests.nanopynix.rpc.client.test_session_unit.TestEvalSessionLifecycle" name="test_file_after_enter" time="0.006" /><testcase classname="tests.nanopynix.rpc.client.test_session_unit.TestEvalSessionLifecycle" name="test_string_after_enter" time="0.006" /><testcase classname="tests.nanopynix.rpc.client.test_session_unit.TestEvalSessionLifecycle" name="test_open_eval_carries_the_build_store_handle" time="0.012" /><testcase classname="tests.nanopynix.rpc.client.test_session_unit.TestEvalSessionLifecycle" name="test_open_eval_sends_zero_when_no_build_store" time="0.011" /><testcase classname="tests.nanopynix.rpc.client.test_session_unit.TestEvalSessionLifecycle" name="test_eval_proxy_serializes_concurrent_operations" time="0.006" /><testcase classname="tests.nanopynix.rpc.client.test_session_unit.TestEvalSessionLifecycle" name="test_timeout_override" time="0.006" /><testcase classname="tests.nanopynix.rpc.client.test_session_unit.TestEvalSessionLifecycle" name="test_timeout_falls_back_to_session_default" time="0.006" /><testcase classname="tests.nanopynix.rpc.client.test_session_unit.TestReplSession" name="test_open_starts_repl_scope_and_line_returns_expression_value" time="0.006" /><testcase classname="tests.nanopynix.rpc.client.test_session_unit.TestReplSession" name="test_line_returns_none_for_binding" time="0.006" /><testcase classname="tests.nanopynix.rpc.client.test_session_unit.TestSessionEvalFacade" name="test_eval_uses_explicit_store_handle" time="0.008" /><testcase classname="tests.nanopynix.rpc.client.test_session_unit.TestSessionEvalFacade" name="test_eval_rejects_foreign_store" time="0.015" /><testcase classname="tests.nanopynix.rpc.client.test_session_unit.TestSessionEvalFacade" name="test_eval_rejects_closed_store" time="0.008" /><testcase classname="tests.nanopynix.rpc.client.test_session_unit.TestValueProxyLifecycle" name="test_handle_and_type_are_cached" time="0.005" /><testcase classname="tests.nanopynix.rpc.client.test_session_unit.TestValueProxyLifecycle" name="test_as_int_delegates_to_worker" time="0.006" /><testcase classname="tests.nanopynix.rpc.client.test_session_unit.TestValueProxyLifecycle" name="test_call_json_arg_uses_explicit_wire_arg" time="0.005" /><testcase classname="tests.nanopynix.rpc.client.test_session_unit.TestValueProxyLifecycle" name="test_call_does_not_pre_check_the_type_client_side" time="0.006" /><testcase classname="tests.nanopynix.rpc.client.test_session_unit.TestValueProxyLifecycle" name="test_call_value_proxy_arg_uses_remote_handle" time="0.007" /><testcase classname="tests.nanopynix.rpc.client.test_session_unit.TestValueProxyLifecycle" name="test_call_nested_value_proxy_arg_uses_remote_handle" time="0.011" /><testcase classname="tests.nanopynix.rpc.client.test_session_unit.TestValueProxyLifecycle" name="test_call_foreign_value_proxy_raises_typed_error" time="0.005" /><testcase classname="tests.nanopynix.rpc.client.test_session_unit.TestValueProxyLifecycle" name="test_call_nested_foreign_value_proxy_raises_typed_error" time="0.005" /><testcase classname="tests.nanopynix.rpc.client.test_session_unit.TestValueProxyLifecycle" name="test_attr_returns_new_proxy" time="0.006" /><testcase classname="tests.nanopynix.rpc.client.test_session_unit.TestValueProxyLifecycle" name="test_list_get_returns_new_proxy" time="0.005" /><testcase classname="tests.nanopynix.rpc.client.test_session_unit.TestValueProxyLifecycle" name="test_list_get_accepts_negative_index" time="0.005" /><testcase classname="tests.nanopynix.rpc.client.test_session_unit.TestValueProxyLifecycle" name="test_list_length" time="0.006" /><testcase classname="tests.nanopynix.rpc.client.test_session_unit.TestValueProxyLifecycle" name="test_attr_names" time="0.005" /><testcase classname="tests.nanopynix.rpc.client.test_session_unit.TestValueProxyLifecycle" name="test_has_attr" time="0.011" /><testcase classname="tests.nanopynix.rpc.client.test_session_unit.TestValueProxyLifecycle" name="test_build_uses_cascading_build_by_default" time="0.005" /><testcase classname="tests.nanopynix.rpc.client.test_session_unit.TestValueProxyLifecycle" name="test_build_mode_uses_cascading_build" time="0.005" /><testcase classname="tests.nanopynix.rpc.client.test_session_unit.TestValueProxyLifecycle" name="test_build_store_overrides_build_store_not_eval_store" time="0.010" /><testcase classname="tests.nanopynix.rpc.client.test_session_unit.TestValueProxyLifecycle" name="test_build_rejects_foreign_build_store" time="0.009" /><testcase classname="tests.nanopynix.rpc.client.test_session_unit.TestValueProxyLifecycle" name="test_get_type_delegates_to_worker_for_thunk" time="0.005" /><testcase classname="tests.nanopynix.rpc.client.test_session_unit.TestValueProxyLifecycle" name="test_get_type_uses_cached_concrete_type" time="0.005" /><testcase classname="tests.nanopynix.rpc.client.test_session_unit.TestValueProxyLifecycle" name="test_release" time="0.011" /><testcase classname="tests.nanopynix.rpc.client.test_session_unit.TestValueProxyLifecycle" name="test_raises_after_session_close" time="0.006" /><testcase classname="tests.nanopynix.rpc.client.test_session_unit.TestValueProxyLifecycle" name="test_release_then_read_raises_typed_error" time="0.005" /><testcase classname="tests.nanopynix.rpc.client.test_session_unit.TestValueProxyLifecycle" name="test_unresolved_as_dict_children_die_with_their_parent" time="0.005" /><testcase classname="tests.nanopynix.rpc.client.test_session_unit.TestValueProxyLifecycle" name="test_finalizer_defers_release_until_a_safe_rpc_boundary" time="0.349" /><testcase classname="tests.nanopynix.rpc.client.test_session_unit.TestValueProxyLifecycle" name="test_value_proxy_rejects_copying" time="0.005" /><testcase classname="tests.nanopynix.rpc.client.test_session_unit.TestValueProxyLifecycle" name="test_check_active_only_when_owner_has_flag" time="0.006" /><testcase classname="tests.nanopynix.rpc.client.test_session_unit.TestValueProxyLifecycle" name="test_handle_still_accessible_after_close" time="0.005" /><testcase classname="tests.nanopynix.rpc.client.test_session_unit.TestLazyChildProxy" name="test_attrs_getitem_read_calls_attr" time="0.007" /><testcase classname="tests.nanopynix.rpc.client.test_session_unit.TestLazyChildProxy" name="test_list_getitem_read_calls_list_get" time="0.006" /><testcase classname="tests.nanopynix.rpc.client.test_session_unit.TestLazyChildProxy" name="test_no_rpc_until_the_child_is_read" time="0.005" /><testcase classname="tests.nanopynix.rpc.client.test_session_unit.TestLazyChildProxy" name="test_child_proxy_to_python" time="0.006" /><testcase classname="tests.nanopynix.rpc.client.test_session_unit.TestLazyChildProxy" name="test_child_proxy_inactive_raises" time="0.014" /><testcase classname="tests.nanopynix.rpc.client.test_session_unit.TestLazyChildProxy" name="test_child_proxy_timeout_override" time="0.006" /><testcase classname="tests.nanopynix.rpc.client.test_session_unit.TestWorkerOomScore" name="test_write_oom_score_adj_clamps_value" time="0.002" /><testcase classname="tests.nanopynix.rpc.client.test_session_unit.TestWorkerOomScore" name="test_worker_start_sets_base_oom_score" time="0.001" /><testcase classname="tests.nanopynix.rpc.client.test_session_unit.TestLogStreamRequestId" name="test_worker_request_id_mapped_correctly" time="0.002" /><testcase classname="tests.nanopynix.rpc.client.test_session_unit.TestLogStreamRequestId" name="test_teardown_marker_ends_the_stream" time="0.002" /><testcase classname="tests.nanopynix.rpc.client.test_session_unit.TestLogCapture" name="test_capture_records_typed_events" time="0.001" /><testcase classname="tests.nanopynix.rpc.client.test_session_unit.TestLogCapture" name="test_capture_unsubscribes_on_exit" time="0.001" /><testcase classname="tests.nanopynix.rpc.client.test_stdio_worker" name="test_the_console_script_serves_a_worker" time="1.752" /><testcase classname="tests.nanopynix.rpc.client.test_stdio_worker" name="test_the_console_script_is_installed_beside_this_interpreter" time="1.614" /><testcase classname="tests.nanopynix.rpc.client.test_store_unit.TestIdentity" name="test_get_uri" time="0.007" /><testcase classname="tests.nanopynix.rpc.client.test_store_unit.TestIdentity" name="test_get_uri_with_params" time="0.007" /><testcase classname="tests.nanopynix.rpc.client.test_store_unit.TestIdentity" name="test_get_store_dir" time="0.005" /><testcase classname="tests.nanopynix.rpc.client.test_store_unit.TestIdentity" name="test_get_build_log" time="0.006" /><testcase classname="tests.nanopynix.rpc.client.test_store_unit.TestIdentity" name="test_add_to_store_injects_store_handle" time="0.006" /><testcase classname="tests.nanopynix.rpc.client.test_store_unit.TestIdentity" name="test_compute_store_path_injects_store_handle" time="0.008" /><testcase classname="tests.nanopynix.rpc.client.test_store_unit.TestPublicStore" name="test_uri_unwraps_response" time="0.017" /><testcase classname="tests.nanopynix.rpc.client.test_store_unit.TestPublicStore" name="test_uri_with_params_unwraps_response" time="0.006" /><testcase classname="tests.nanopynix.rpc.client.test_store_unit.TestPublicStore" name="test_store_dir_unwraps_response" time="0.007" /><testcase classname="tests.nanopynix.rpc.client.test_store_unit.TestPublicStore" name="test_parse_store_path_returns_model" time="0.008" /><testcase classname="tests.nanopynix.rpc.client.test_store_unit.TestPublicStore" name="test_is_valid_path_unwraps_response" time="0.006" /><testcase classname="tests.nanopynix.rpc.client.test_store_unit.TestPublicStore" name="test_rpc_exposes_generated_surface" time="0.006" /><testcase classname="tests.nanopynix.rpc.client.test_store_unit.TestPublicStore" name="test_query_missing_sends_request" time="0.009" /><testcase classname="tests.nanopynix.rpc.client.test_store_unit.TestPublicStore" name="test_build_paths_with_results_sends_derived_paths" time="0.008" /><testcase classname="tests.nanopynix.rpc.client.test_store_unit.TestPublicStore" name="test_build_paths_with_results_keeps_a_written_selector" time="0.017" /><testcase classname="tests.nanopynix.rpc.client.test_store_unit.TestPublicStore" name="test_read_derivation_sends_request" time="0.006" /><testcase classname="tests.nanopynix.rpc.client.test_store_unit.TestPublicStore" name="test_collect_garbage_sends_request" time="0.006" /><testcase classname="tests.nanopynix.rpc.client.test_store_unit.TestPublicStore" name="test_collect_garbage_with_options" time="0.007" /><testcase classname="tests.nanopynix.rpc.client.test_store_unit.TestStorePathCoercion" name="test_parse_store_path_returns_proto" time="0.007" /><testcase classname="tests.nanopynix.rpc.client.test_store_unit.TestStorePathCoercion" name="test_is_valid_path_accepts_str" time="0.008" /><testcase classname="tests.nanopynix.rpc.client.test_store_unit.TestStorePathCoercion" name="test_is_valid_path_accepts_storepath" time="0.005" /><testcase classname="tests.nanopynix.rpc.client.test_store_unit.TestStorePathCoercion" name="test_follow_links_returns_storepath" time="0.016" /><testcase classname="tests.nanopynix.rpc.client.test_store_unit.TestPathInfo" name="test_query_path_info_str" time="0.006" /><testcase classname="tests.nanopynix.rpc.client.test_store_unit.TestPathInfo" name="test_query_path_info_storepath" time="0.006" /><testcase classname="tests.nanopynix.rpc.client.test_store_unit.TestPathInfo" name="test_query_path_from_hash_part_found" time="0.006" /><testcase classname="tests.nanopynix.rpc.client.test_store_unit.TestPathInfo" name="test_query_path_from_hash_part_not_found" time="0.006" /><testcase classname="tests.nanopynix.rpc.client.test_store_unit.TestClosures" name="test_compute_fs_closure" time="0.006" /><testcase classname="tests.nanopynix.rpc.client.test_store_unit.TestClosures" name="test_query_missing_coerces_list" time="0.007" /><testcase classname="tests.nanopynix.rpc.client.test_store_unit.TestDerivations" name="test_query_derivation_outputs_str" time="0.006" /><testcase classname="tests.nanopynix.rpc.client.test_store_unit.TestDerivations" name="test_query_valid_derivers_storepath" time="0.017" /><testcase classname="tests.nanopynix.rpc.client.test_store_unit.TestBulk" name="test_query_all_valid_paths" time="0.005" /><testcase classname="tests.nanopynix.rpc.client.test_store_unit.TestBulk" name="test_query_referrers" time="0.006" /><testcase classname="tests.nanopynix.rpc.client.test_store_unit.TestBulk" name="test_query_substitutable_paths_coerces_list" time="0.006" /><testcase classname="tests.nanopynix.rpc.client.test_store_unit.TestBuild" name="test_build_paths_with_results" time="0.008" /><testcase classname="tests.nanopynix.rpc.client.test_store_unit.TestBuild" name="test_read_derivation" time="0.006" /><testcase classname="tests.nanopynix.rpc.client.test_store_unit.TestGC" name="test_add_temp_root" time="0.006" /><testcase classname="tests.nanopynix.rpc.client.test_store_unit.TestGC" name="test_find_roots" time="0.014" /><testcase classname="tests.nanopynix.rpc.client.test_store_unit.TestGC" name="test_collect_garbage_dry_run" time="0.005" /><testcase classname="tests.nanopynix.rpc.client.test_store_unit.TestGC" name="test_add_perm_root" time="0.006" /><testcase classname="tests.nanopynix.rpc.client.test_store_unit.TestGC" name="test_add_indirect_root" time="0.007" /><testcase classname="tests.nanopynix.rpc.client.test_store_unit.TestGC" name="test_ensure_path" time="0.005" /><testcase classname="tests.nanopynix.rpc.client.test_store_unit.TestGC" name="test_optimise_store" time="0.005" /><testcase classname="tests.nanopynix.rpc.client.test_store_unit.TestGC" name="test_verify_store" time="0.005" /><testcase classname="tests.nanopynix.rpc.client.test_store_unit" name="test_public_store_is_distinct_from_rpc_transport" time="0.001" /><testcase classname="tests.nanopynix.rpc.client.test_workerpool" name="test_single_worker_basics" time="0.202" /><testcase classname="tests.nanopynix.rpc.client.test_workerpool" name="test_two_workers_sequential" time="0.207" /><testcase classname="tests.nanopynix.rpc.client.test_workerpool" name="test_store_operation_runs_while_eval_session_is_open" time="0.222" /><testcase classname="tests.nanopynix.rpc.client.test_workerpool" name="test_session_allows_concurrent_eval_states" time="0.222" /><testcase classname="tests.nanopynix.rpc.client.test_workerpool" name="test_concurrent_log_stream" time="0.704" /><testcase classname="tests.nanopynix.rpc.client.test_workerpool" name="test_error_propagation" time="0.242" /><testcase classname="tests.nanopynix.rpc.client.test_workerpool" name="test_idle_timeout_resets_with_activity" time="0.209" /><testcase classname="tests.nanopynix.rpc.client.test_workerpool" name="test_a_cancelled_close_still_stops_the_worker_process" time="2.150" /><testcase classname="tests.nanopynix.rpc.client.test_workerpool" name="test_a_normal_close_lets_the_worker_end_itself" time="0.153" /><testcase classname="tests.nanopynix.rpc.client.test_workerpool" name="test_close_reports_its_own_deadline_and_still_stops_the_worker" time="0.188" /><testcase classname="tests.nanopynix.rpc.client.test_workerpool" name="test_one_failing_evaluator_does_not_abandon_the_rest_of_the_close" time="0.187" /><testcase classname="tests.nanopynix.rpc.client.test_workerpool" name="test_close_reports_every_failure_it_collected" time="0.185" /><testcase classname="tests.nanopynix.rpc.client.test_workerpool" name="test_an_orderly_close_reports_nothing" time="0.253" /><testcase classname="tests.nanopynix.rpc.client.test_workerpool" name="test_closing_twice_does_not_report_our_own_terminate" time="0.198" /><testcase classname="tests.nanopynix.rpc.client.test_workerpool" name="test_a_terminal_interrupt_does_not_kill_the_worker" time="0.226" /><testcase classname="tests.nanopynix.rpc.client.test_workerpool" name="test_a_worker_tears_itself_down_when_the_client_never_asks" time="2.208" /><testcase classname="tests.nanopynix.rpc.client.test_workerpool" name="test_the_pool_hands_the_worker_teardown_to_the_transport" time="0.002" /><testcase classname="tests.nanopynix.rpc.client.test_workerpool" name="test_a_worker_that_exits_names_its_status" time="0.001" /><testcase classname="tests.nanopynix.rpc.client.test_workerpool" name="test_an_exit_during_teardown_stays_what_the_transport_said" time="0.001" /><testcase classname="tests.nanopynix.rpc.test_error_identity" name="test_a_name_the_allowlist_does_not_hold_degrades_to_the_old_behaviour[unknown]" time="0.001" /><testcase classname="tests.nanopynix.rpc.test_error_identity" name="test_a_name_the_allowlist_does_not_hold_degrades_to_the_old_behaviour[dotted]" time="0.001" /><testcase classname="tests.nanopynix.rpc.test_error_identity" name="test_a_name_the_allowlist_does_not_hold_degrades_to_the_old_behaviour[unknown-nix-type]" time="0.001" /><testcase classname="tests.nanopynix.rpc.test_error_identity" name="test_a_name_the_allowlist_does_not_hold_degrades_to_the_old_behaviour[empty]" time="0.001" /><testcase classname="tests.nanopynix.rpc.test_status_details" name="test_conversion_is_lossless_for_a_real_error_info" time="0.001" /><testcase classname="tests.nanopynix.rpc.test_status_details" name="test_conversion_returns_none_when_there_is_nothing_to_send" time="0.001" /><testcase classname="tests.nanopynix.rpc.test_status_details" name="test_raw_is_carried_beside_info_not_inside_it" time="0.001" /><testcase classname="tests.nanopynix.rpc.test_status_details" name="test_out_of_int32_status_degrades_to_zero_rather_than_raising" time="0.001" /><testcase classname="tests.nanopynix.rpc.test_status_details" name="test_unknown_verbosity_survives_rather_than_being_clamped" time="0.001" /><testcase classname="tests.nanopynix.rpc.test_status_details" name="test_malformed_info_fields_degrade_individually[pos=None]" time="0.001" /><testcase classname="tests.nanopynix.rpc.test_status_details" name="test_malformed_info_fields_degrade_individually[pos=not a dict]" time="0.001" /><testcase classname="tests.nanopynix.rpc.test_status_details" name="test_malformed_info_fields_degrade_individually[msg=None]" time="0.001" /><testcase classname="tests.nanopynix.rpc.test_status_details" name="test_malformed_info_fields_degrade_individually[traces=not a list]" time="0.001" /><testcase classname="tests.nanopynix.rpc.test_status_details" name="test_malformed_info_fields_degrade_individually[traces=[None, 42, {'hin]" time="0.001" /><testcase classname="tests.nanopynix.rpc.test_status_details" name="test_malformed_info_fields_degrade_individually[suggestions=None]" time="0.001" /><testcase classname="tests.nanopynix.rpc.test_status_details" name="test_malformed_info_fields_degrade_individually[level=not an int]" time="0.001" /><testcase classname="tests.nanopynix.rpc.test_status_details" name="test_malformed_info_fields_degrade_individually[is_from_expr=truthy]" time="0.001" /><testcase classname="tests.nanopynix.rpc.test_status_details" name="test_pos_absent_round_trips_as_none_not_as_an_empty_message" time="0.001" /><testcase classname="tests.nanopynix.rpc.test_status_details" name="test_a_small_payload_is_not_trimmed" time="0.001" /><testcase classname="tests.nanopynix.rpc.test_status_details" name="test_raw_is_dropped_before_any_trace_frame" time="0.003" /><testcase classname="tests.nanopynix.rpc.test_status_details" name="test_traces_are_trimmed_from_the_tail_when_info_alone_is_oversize" time="0.015" /><testcase classname="tests.nanopynix.rpc.test_status_details" name="test_a_thousand_frame_trace_still_fits_and_still_says_it_was_cut" time="0.068" /><testcase classname="tests.nanopynix.rpc.test_status_details" name="test_the_identity_survives_a_trim_that_empties_the_nix_detail" time="0.016" /><testcase classname="tests.nanopynix.rpc.test_status_details" name="test_an_untrimmable_payload_keeps_the_identity_and_drops_the_rest" time="0.001" /><testcase classname="tests.nanopynix.rpc.test_status_details" name="test_an_unshrinkable_detail_costs_the_nix_info_and_not_the_identity" time="0.001" /><testcase classname="tests.nanopynix.rpc.test_status_details" name="test_details_for_exception_reads_a_translated_nix_error" time="0.001" /><testcase classname="tests.nanopynix.rpc.test_status_details" name="test_details_for_exception_reads_binding_style_attributes" time="0.001" /><testcase classname="tests.nanopynix.rpc.test_status_details" name="test_details_for_exception_ignores_wrong_typed_attributes[None-None]" time="0.001" /><testcase classname="tests.nanopynix.rpc.test_status_details" name="test_details_for_exception_ignores_wrong_typed_attributes[raw_attr1-info_attr1]" time="0.001" /><testcase classname="tests.nanopynix.rpc.test_status_details" name="test_details_for_exception_ignores_wrong_typed_attributes[-None]" time="0.001" /><testcase classname="tests.nanopynix.rpc.test_status_details" name="test_details_for_exception_ignores_wrong_typed_attributes[bytes-info_attr3]" time="0.001" /><testcase classname="tests.nanopynix.rpc.test_status_details" name="test_a_binding_exception_is_named_in_the_nix_vocabulary" time="0.001" /><testcase classname="tests.nanopynix.rpc.test_status_details" name="test_everything_else_is_named_in_the_python_vocabulary[SettingNotLiveError]" time="0.001" /><testcase classname="tests.nanopynix.rpc.test_status_details" name="test_everything_else_is_named_in_the_python_vocabulary[EvalError]" time="0.001" /><testcase classname="tests.nanopynix.rpc.test_status_details" name="test_everything_else_is_named_in_the_python_vocabulary[RuntimeError]" time="0.001" /><testcase classname="tests.nanopynix.rpc.test_status_details" name="test_everything_else_is_named_in_the_python_vocabulary[KeyError]" time="0.001" /><testcase classname="tests.nanopynix.rpc.test_status_details" name="test_an_identity_is_always_sent_even_with_no_nix_detail" time="0.000" /><testcase classname="tests.nanopynix.rpc.test_status_details" name="test_both_details_ride_the_same_trailer" time="0.001" /><testcase classname="tests.nanopynix.rpc.test_status_details" name="test_the_status_code_names_the_family[SettingNotLiveError-FAILED_PRECONDITION]" time="0.001" /><testcase classname="tests.nanopynix.rpc.test_status_details" name="test_the_status_code_names_the_family[UnresolvedValueError-FAILED_PRECONDITION]" time="0.001" /><testcase classname="tests.nanopynix.rpc.test_status_details" name="test_the_status_code_names_the_family[ValueError-INVALID_ARGUMENT]" time="0.001" /><testcase classname="tests.nanopynix.rpc.test_status_details" name="test_the_status_code_names_the_family[TypeError-INVALID_ARGUMENT]" time="0.001" /><testcase classname="tests.nanopynix.rpc.test_status_details" name="test_the_status_code_names_the_family[KeyError-INVALID_ARGUMENT]" time="0.001" /><testcase classname="tests.nanopynix.rpc.test_status_details" name="test_the_status_code_names_the_family[IndexError-INVALID_ARGUMENT]" time="0.001" /><testcase classname="tests.nanopynix.rpc.test_status_details" name="test_the_status_code_names_the_family[RuntimeError-UNKNOWN]" time="0.001" /><testcase classname="tests.nanopynix.rpc.test_status_details" name="test_the_status_code_names_the_family[TimeoutError-UNKNOWN]" time="0.001" /><testcase classname="tests.nanopynix.rpc.test_status_details" name="test_the_status_code_names_the_family[EvalError-UNKNOWN]" time="0.001" /><testcase classname="tests.nanopynix.rpc.test_status_details" name="test_a_nix_answer_is_not_a_bad_argument[MissingAttributeError]" time="0.001" /><testcase classname="tests.nanopynix.rpc.test_status_details" name="test_a_nix_answer_is_not_a_bad_argument[ListIndexError]" time="0.001" /><testcase classname="tests.nanopynix.rpc.test_status_details" name="test_unpack_degrades_to_no_detail_rather_than_raising[None]" time="0.001" /><testcase classname="tests.nanopynix.rpc.test_status_details" name="test_unpack_degrades_to_no_detail_rather_than_raising[details1]" time="0.001" /><testcase classname="tests.nanopynix.rpc.test_status_details" name="test_unpack_degrades_to_no_detail_rather_than_raising[string]" time="0.001" /><testcase classname="tests.nanopynix.rpc.test_status_details" name="test_unpack_degrades_to_no_detail_rather_than_raising[42]" time="0.001" /><testcase classname="tests.nanopynix.rpc.test_status_details" name="test_unpack_degrades_to_no_detail_rather_than_raising[details4]" time="0.001" /><testcase classname="tests.nanopynix.rpc.test_status_details" name="test_unpack_degrades_to_no_detail_rather_than_raising[details5]" time="0.001" /><testcase classname="tests.nanopynix.rpc.test_status_details" name="test_unpack_degrades_to_no_detail_rather_than_raising[details6]" time="0.001" /><testcase classname="tests.nanopynix.rpc.test_status_details" name="test_codec_decode_returns_no_details_on_malformed_bytes[\xff\xff\xff\xff garbage]" time="0.001" /><testcase classname="tests.nanopynix.rpc.test_status_details" name="test_codec_decode_returns_no_details_on_malformed_bytes[\x08]" time="0.002" /><testcase classname="tests.nanopynix.rpc.test_status_details" name="test_codec_decode_returns_no_details_on_malformed_bytes[\x1a\xff]" time="0.002" /><testcase classname="tests.nanopynix.rpc.test_status_details" name="test_codec_decode_skips_detail_types_this_build_does_not_know" time="0.001" /><testcase classname="tests.nanopynix.rpc.test_status_details" name="test_codec_emits_a_standard_google_rpc_status" time="0.001" /><testcase classname="tests.nanopynix.rpc.test_status_details" name="test_codec_is_picklable_for_the_forkserver_worker" time="0.001" /><testcase classname="tests.nanopynix.rpc.test_status_details" name="test_log_level_names_match_nix_verbosity" time="0.001" /><testcase classname="tests.nanopynix.rpc.test_wire_round_trips" name="test_every_scalar_survives_the_wire_with_its_type['']" time="0.001" /><testcase classname="tests.nanopynix.rpc.test_wire_round_trips" name="test_every_scalar_survives_the_wire_with_its_type[0]" time="0.001" /><testcase classname="tests.nanopynix.rpc.test_wire_round_trips" name="test_every_scalar_survives_the_wire_with_its_type[False]" time="0.001" /><testcase classname="tests.nanopynix.rpc.test_wire_round_trips" name="test_every_scalar_survives_the_wire_with_its_type[0.0]" time="0.001" /><testcase classname="tests.nanopynix.rpc.test_wire_round_trips" name="test_every_scalar_survives_the_wire_with_its_type[None]" time="0.001" /><testcase classname="tests.nanopynix.rpc.test_wire_round_trips" name="test_every_scalar_survives_the_wire_with_its_type['hello']" time="0.001" /><testcase classname="tests.nanopynix.rpc.test_wire_round_trips" name="test_every_scalar_survives_the_wire_with_its_type[-7]" time="0.001" /><testcase classname="tests.nanopynix.rpc.test_wire_round_trips" name="test_every_scalar_survives_the_wire_with_its_type[True]" time="0.001" /><testcase classname="tests.nanopynix.rpc.test_wire_round_trips" name="test_every_scalar_survives_the_wire_with_its_type[1.5]" time="0.001" /><testcase classname="tests.nanopynix.rpc.test_wire_round_trips" name="test_the_scalar_converters_agree_with_each_other['']" time="0.001" /><testcase classname="tests.nanopynix.rpc.test_wire_round_trips" name="test_the_scalar_converters_agree_with_each_other[0]" time="0.001" /><testcase classname="tests.nanopynix.rpc.test_wire_round_trips" name="test_the_scalar_converters_agree_with_each_other[False]" time="0.001" /><testcase classname="tests.nanopynix.rpc.test_wire_round_trips" name="test_the_scalar_converters_agree_with_each_other[0.0]" time="0.001" /><testcase classname="tests.nanopynix.rpc.test_wire_round_trips" name="test_the_scalar_converters_agree_with_each_other[None]" time="0.001" /><testcase classname="tests.nanopynix.rpc.test_wire_round_trips" name="test_the_scalar_converters_agree_with_each_other['hello']" time="0.001" /><testcase classname="tests.nanopynix.rpc.test_wire_round_trips" name="test_the_scalar_converters_agree_with_each_other[-7]" time="0.001" /><testcase classname="tests.nanopynix.rpc.test_wire_round_trips" name="test_the_scalar_converters_agree_with_each_other[True]" time="0.001" /><testcase classname="tests.nanopynix.rpc.test_wire_round_trips" name="test_the_scalar_converters_agree_with_each_other[1.5]" time="0.001" /><testcase classname="tests.nanopynix.rpc.test_wire_round_trips" name="test_an_unsupported_type_raises_or_stringifies_as_asked" time="0.001" /><testcase classname="tests.nanopynix.rpc.test_wire_round_trips" name="test_a_nested_tree_survives_the_wire" time="0.002" /><testcase classname="tests.nanopynix.rpc.test_wire_round_trips" name="test_an_empty_container_is_not_confused_with_a_missing_one" time="0.001" /><testcase classname="tests.nanopynix.rpc.test_wire_round_trips" name="test_a_remote_handle_is_refused_rather_than_silently_dropped" time="0.001" /><testcase classname="tests.nanopynix.rpc.test_wire_round_trips" name="test_nesting_is_bounded_by_betterproto_and_not_by_the_codec" time="0.006" /><testcase classname="tests.nanopynix.rpc.test_wire_round_trips" name="test_a_call_arg_tree_survives_the_wire" time="0.001" /><testcase classname="tests.nanopynix.rpc.test_wire_round_trips" name="test_an_empty_call_arg_is_refused" time="0.001" /><testcase classname="tests.nanopynix.rpc.test_wire_round_trips" name="test_the_recursive_derivation_output_tree_survives_the_wire" time="0.001" /><testcase classname="tests.nanopynix.rpc.test_wire_round_trips" name="test_the_flat_result_messages_survive_the_wire" time="0.001" /><testcase classname="tests.nanopynix.rpc.test_worker_argv" name="test_the_plain_argv_names_the_package_and_this_interpreter" time="0.000" /><testcase classname="tests.nanopynix.rpc.test_worker_argv" name="test_a_namespace_survives_the_argument_vector" time="0.002" /><testcase classname="tests.nanopynix.rpc.test_worker_argv" name="test_no_namespace_gives_no_option" time="0.001" /><testcase classname="tests.nanopynix.rpc.test_worker_argv" name="test_the_default_field_is_carried_rather_than_reconstructed" time="0.001" /><testcase classname="tests.nanopynix.rpc.test_worker_argv" name="test_a_bad_namespace_ends_the_worker[unknown field]" time="0.001" /><testcase classname="tests.nanopynix.rpc.test_worker_argv" name="test_a_bad_namespace_ends_the_worker[missing field]" time="0.001" /><testcase classname="tests.nanopynix.rpc.test_worker_argv" name="test_a_bad_namespace_ends_the_worker[wrong type]" time="0.001" /><testcase classname="tests.nanopynix.rpc.test_worker_argv" name="test_a_bad_namespace_ends_the_worker[not json]" time="0.001" /><testcase classname="tests.nanopynix.rpc.test_worker_argv" name="test_a_bad_namespace_ends_the_worker[not an object]" time="0.001" /><testcase classname="tests.nanopynix.rpc.test_worker_argv" name="test_the_reason_names_the_field[unknown field]" time="0.001" /><testcase classname="tests.nanopynix.rpc.test_worker_argv" name="test_the_reason_names_the_field[missing field]" time="0.001" /><testcase classname="tests.nanopynix.rpc.test_worker_argv" name="test_the_reason_names_the_field[wrong type]" time="0.001" /><testcase classname="tests.nanopynix.rpc.test_worker_argv" name="test_the_reason_names_the_field[not json]" time="0.001" /><testcase classname="tests.nanopynix.rpc.test_worker_argv" name="test_the_reason_names_the_field[not an object]" time="0.001" /><testcase classname="tests.nanopynix.rpc.worker.test_proto_shape" name="test_proto_shape_normalizes_nested_containers" time="0.001" /><testcase classname="tests.nanopynix.rpc.worker.test_proto_shape" name="test_proto_shape_leaves_scalars_and_byte_strings_alone" time="0.001" /><testcase classname="tests.nanopynix.rpc.worker.test_service_surface" name="test_every_rpc_has_a_handler[store]" time="0.001" /><testcase classname="tests.nanopynix.rpc.worker.test_service_surface" name="test_every_rpc_has_a_handler[eval]" time="0.001" /><testcase classname="tests.nanopynix.rpc.worker.test_service_surface" name="test_every_rpc_has_a_handler[worker]" time="0.001" /><testcase classname="tests.nanopynix.rpc.worker.test_service_surface" name="test_the_handler_declares_no_methods_that_are_not_rpcs[store]" time="0.001" /><testcase classname="tests.nanopynix.rpc.worker.test_service_surface" name="test_the_handler_declares_no_methods_that_are_not_rpcs[eval]" time="0.001" /><testcase classname="tests.nanopynix.rpc.worker.test_service_surface" name="test_the_handler_declares_no_methods_that_are_not_rpcs[worker]" time="0.001" /><testcase classname="tests.nanopynix.rpc.worker.test_service_surface" name="test_the_rpc_set_is_not_empty[store]" time="0.001" /><testcase classname="tests.nanopynix.rpc.worker.test_service_surface" name="test_the_rpc_set_is_not_empty[eval]" time="0.001" /><testcase classname="tests.nanopynix.rpc.worker.test_service_surface" name="test_the_rpc_set_is_not_empty[worker]" time="0.001" /><testcase classname="tests.nanopynix.rpc.worker.test_service_surface" name="test_the_discovery_notices_a_handler_that_is_missing" time="0.000" /><testcase classname="tests.nanopynix.rpc.worker.test_service_surface" name="test_every_service_handler_is_covered" time="0.000" /><testcase classname="tests.nanopynix.rpc.worker.test_worker_eval_unit" name="test_worker_opens_auto_store_with_explicit_auto_uri" time="0.001" /><testcase classname="tests.nanopynix.rpc.worker.test_worker_eval_unit" name="test_worker_factory_sets_worker_title" time="0.002" /><testcase classname="tests.nanopynix.rpc.worker.test_worker_eval_unit" name="test_worker_title_lists_open_store_uris" time="0.001" /><testcase classname="tests.nanopynix.rpc.worker.test_worker_eval_unit" name="test_worker_initializes_nix_on_dedicated_thread" time="0.002" /><testcase classname="tests.nanopynix.rpc.worker.test_worker_eval_unit" name="test_open_eval_allows_concurrent_eval_states" time="0.003" /><testcase classname="tests.nanopynix.rpc.worker.test_worker_eval_unit" name="test_open_eval_forwards_the_build_store_handle" time="0.003" /><testcase classname="tests.nanopynix.rpc.worker.test_worker_eval_unit" name="test_releasing_remote_value_closes_local_value" time="0.001" /><testcase classname="tests.nanopynix.rpc.worker.test_worker_eval_unit" name="test_releasing_locked_flake_closes_local_resource" time="0.001" /><testcase classname="tests.nanopynix.rpc.worker.test_worker_store_unit" name="test_store_handler_runs_independent_calls_on_multiple_store_threads" time="0.002" /><testcase classname="tests.nanopynix.rpc.worker.test_worker_unit" name="test_import_callable_rejects_a_path_without_a_colon" time="0.001" /><testcase classname="tests.nanopynix.rpc.worker.test_worker_unit" name="test_import_callable_rejects_a_non_callable_target" time="0.001" /><testcase classname="tests.nanopynix.rpc.worker.test_worker_unit" name="test_import_callable_resolves_a_dotted_attribute_path" time="0.001" /><testcase classname="tests.nanopynix.rpc.worker.test_worker_unit" name="test_register_primops_requires_a_bridge_for_rpc_primops" time="0.001" /><testcase classname="tests.nanopynix.rpc.worker.test_worker_unit" name="test_install_worker_diagnostics_dumps_stats_on_signal" time="0.004" /><testcase classname="tests.nanopynix.rpc.worker.test_worker_unit" name="test_run_request_rejects_a_non_positive_request_id" time="0.001" /><testcase classname="tests.nanopynix.rpc.worker.test_worker_unit" name="test_log_without_a_collector_is_a_no_op" time="0.001" /><testcase classname="tests.nanopynix.rpc.worker.test_worker_unit" name="test_init_requires_an_executor" time="0.002" /><testcase classname="tests.nanopynix.rpc.worker.test_worker_unit" name="test_init_writes_nix_conf_and_skips_empty_settings_render" time="0.001" /><testcase classname="tests.nanopynix.rpc.worker.test_worker_unit" name="test_init_puts_the_environment_in_place_before_libstore_loads" time="0.001" /><testcase classname="tests.nanopynix.rpc.worker.test_worker_unit" name="test_init_reports_and_reraises_initialization_failures" time="0.004" /><testcase classname="tests.nanopynix.rpc.worker.test_worker_unit" name="test_open_store_requires_a_store_limiter" time="0.001" /><testcase classname="tests.nanopynix.rpc.worker.test_worker_unit" name="test_close_store_requires_an_executor" time="0.001" /><testcase classname="tests.nanopynix.rpc.worker.test_worker_unit" name="test_close_store_skips_title_update_for_a_handle_never_opened_via_open_store" time="0.001" /><testcase classname="tests.nanopynix.rpc.worker.test_worker_unit" name="test_get_verbosity_requires_an_executor" time="0.001" /><testcase classname="tests.nanopynix.rpc.worker.test_worker_unit" name="test_set_verbosity_requires_an_executor" time="0.001" /><testcase classname="tests.nanopynix.rpc.worker.test_worker_unit" name="test_subscribe_logs_returns_immediately_without_an_outbox" time="0.001" /><testcase classname="tests.nanopynix.rpc.worker.test_worker_unit" name="test_subscribe_logs_yields_nix_and_finalized_events" time="0.002" /><testcase classname="tests.nanopynix.rpc.worker.test_worker_unit" name="test_the_relay_announces_what_the_collector_dropped" time="0.002" /><testcase classname="tests.nanopynix.rpc.worker.test_worker_unit" name="test_the_relay_breaks_on_a_none_sentinel_from_the_stream" time="0.002" /><testcase classname="tests.nanopynix.rpc.worker.test_worker_unit" name="test_shutdown_requires_an_executor" time="0.001" /><testcase classname="tests.nanopynix.rpc.worker.test_worker_unit" name="test_shutdown_ends_the_subscribe_logs_stream" time="0.002" /><testcase classname="tests.nanopynix.rpc.worker.test_worker_unit" name="test_shutdown_tolerates_no_bridge_and_no_store_limiter" time="0.001" /><testcase classname="tests.nanopynix.rpc.worker.test_worker_unit" name="test_shutdown_worker_closes_an_evaluator_the_client_left_open" time="0.002" /><testcase classname="tests.nanopynix.test_beartype_instrumentation" name="test_the_pytest_process_is_instrumented" time="0.022" /><testcase classname="tests.nanopynix.test_beartype_instrumentation" name="test_subprocesses_inherit_the_startup_shim" time="0.001" /><testcase classname="tests.nanopynix.test_beartype_instrumentation" name="test_a_forkserver_child_is_instrumented_not_merely_flagged" time="0.204" /><testcase classname="tests.nanopynix.test_beartype_instrumentation.TestTheExemptionDecoratorDoesWhatItClaims" name="test_an_exempt_function_raises_its_own_error_not_beartypes" time="0.001" /><testcase classname="tests.nanopynix.test_beartype_instrumentation.TestTheExemptionDecoratorDoesWhatItClaims" name="test_an_unexempted_function_still_is" time="0.001" /><testcase classname="tests.nanopynix.test_beartype_instrumentation.TestTheExemptionDecoratorDoesWhatItClaims" name="test_it_sets_the_attribute_beartype_reads" time="0.001" /><testcase classname="tests.nanopynix.test_beartype_instrumentation" name="test_no_callable_is_silently_undecoratable_beyond_the_known_list" time="3.369" /><testcase classname="tests.nanopynix.test_beartype_instrumentation" name="test_the_probe_would_notice_if_it_stopped_working" time="0.001" /><testcase classname="tests.nanopynix.test_ci_workflows" name="test_renderer_is_present" time="0.005" /><testcase classname="tests.nanopynix.test_ci_workflows" name="test_ordering_ignores_the_order_it_receives" time="0.004" /><testcase classname="tests.nanopynix.test_ci_workflows" name="test_checked_in_workflows_are_current" time="0.660" /><testcase classname="tests.nanopynix.test_config_flow" name="test_the_model_names_exactly_the_construction_time_eval_settings" time="0.001" /><testcase classname="tests.nanopynix.test_config_flow" name="test_every_fetch_setting_is_live" time="0.000" /><testcase classname="tests.nanopynix.test_config_flow" name="test_the_evaluator_catch_all_inherits_both_scopes" time="0.001" /><testcase classname="tests.nanopynix.test_config_flow" name="test_the_worker_side_check_works_on_rendered_keys" time="0.001" /><testcase classname="tests.nanopynix.test_config_flow" name="test_the_message_names_every_offending_setting_at_once" time="0.001" /><testcase classname="tests.nanopynix.test_config_flow" name="test_a_default_is_never_sent_to_nix" time="0.001" /><testcase classname="tests.nanopynix.test_config_flow" name="test_the_four_settings_registries_are_disjoint" time="0.003" /><testcase classname="tests.nanopynix.test_engine_parity" name="test_engine_parity_ledger_is_exact" time="0.006" /><testcase classname="tests.nanopynix.test_engine_parity" name="test_derived_pairs_really_subclass_their_base" time="0.001" /><testcase classname="tests.nanopynix.test_engine_parity" name="test_harness_detects_a_member_present_on_only_one_side" time="0.001" /><testcase classname="tests.nanopynix.test_engine_parity" name="test_harness_detects_a_renamed_parameter" time="0.001" /><testcase classname="tests.nanopynix.test_engine_parity" name="test_harness_detects_reordered_parameters" time="0.001" /><testcase classname="tests.nanopynix.test_engine_parity" name="test_harness_detects_a_sync_async_split" time="0.001" /><testcase classname="tests.nanopynix.test_engine_parity" name="test_harness_normalises_a_trailing_timeout_away" time="0.001" /><testcase classname="tests.nanopynix.test_engine_parity_semantics" name="test_engines_agree_on_success[local-type_of_int]" time="0.266" /><testcase classname="tests.nanopynix.test_engine_parity_semantics" name="test_engines_agree_on_failure[local-list_length_on_an_attrset]" time="0.256" /><testcase classname="tests.nanopynix.test_engine_parity_semantics" name="test_engines_agree_on_success[local-as_dict_keys]" time="0.242" /><testcase classname="tests.nanopynix.test_engine_parity_semantics" name="test_engines_agree_on_failure[local-has_attr_on_a_list]" time="0.239" /><testcase classname="tests.nanopynix.test_engine_parity_semantics" name="test_engines_agree_on_success[local-as_dict_values]" time="0.243" /><testcase classname="tests.nanopynix.test_engine_parity_semantics" name="test_engines_agree_on_success[local-as_list_values]" time="0.271" /><testcase classname="tests.nanopynix.test_engine_parity_semantics" name="test_engines_agree_on_success[local-as_dict_empty]" time="0.246" /><testcase classname="tests.nanopynix.test_engine_parity_semantics" name="test_engines_agree_on_success[local-as_list_empty]" time="0.232" /><testcase classname="tests.nanopynix.test_engine_parity_semantics" name="test_engines_agree_on_success[local-as_dict_over_a_function_valued_attrset]" time="0.238" /><testcase classname="tests.nanopynix.test_engine_parity_semantics" name="test_engines_agree_on_success[local-apply_a_function_reached_through_as_dict]" time="0.241" /><testcase classname="tests.nanopynix.test_engine_parity_semantics" name="test_engines_agree_on_success[local-get_type_int]" time="0.260" /><testcase classname="tests.nanopynix.test_engine_parity_semantics" name="test_engines_agree_on_success[local-get_type_string]" time="0.254" /><testcase classname="tests.nanopynix.test_engine_parity_semantics" name="test_engines_agree_on_success[local-get_type_bool]" time="0.237" /><testcase classname="tests.nanopynix.test_engine_parity_semantics" name="test_engines_agree_on_success[local-get_type_null]" time="0.234" /><testcase classname="tests.nanopynix.test_engine_parity_semantics" name="test_engines_agree_on_success[local-get_type_attrs]" time="0.227" /><testcase classname="tests.nanopynix.test_engine_parity_semantics" name="test_engines_agree_on_success[local-get_type_list]" time="0.225" /><testcase classname="tests.nanopynix.test_engine_parity_semantics" name="test_engines_agree_on_success[local-get_type_function]" time="0.248" /><testcase classname="tests.nanopynix.test_engine_parity_semantics" name="test_engines_agree_on_success[local-attr_missing_is_deferred]" time="0.239" /><testcase classname="tests.nanopynix.test_engine_parity_semantics" name="test_engines_agree_on_success[local-list_index_out_of_range_is_deferred]" time="0.242" /><testcase classname="tests.nanopynix.test_engine_parity_semantics" name="test_engines_agree_on_success[local-chained_selection]" time="0.271" /><testcase classname="tests.nanopynix.test_engine_parity_semantics" name="test_engines_agree_on_success[local-call_one_argument]" time="0.259" /><testcase classname="tests.nanopynix.test_engine_parity_semantics" name="test_engines_agree_on_success[local-call_two_arguments]" time="0.265" /><testcase classname="tests.nanopynix.test_engine_parity_semantics" name="test_engines_agree_on_success[local-call_three_arguments]" time="0.257" /><testcase classname="tests.nanopynix.test_engine_parity_semantics" name="test_engines_agree_on_success[local-apply_tostring_int]" time="0.240" /><testcase classname="tests.nanopynix.test_engine_parity_semantics" name="test_engines_agree_on_success[local-apply_tostring_bool]" time="0.261" /><testcase classname="tests.nanopynix.test_engine_parity_semantics" name="test_a_differing_return_value_is_not_equal" time="0.001" /><testcase classname="tests.nanopynix.test_engine_parity_semantics" name="test_a_differing_exception_type_is_not_equal" time="0.001" /><testcase classname="tests.nanopynix.test_engine_parity_semantics" name="test_semantic_ledger_names_only_real_cases" time="0.001" /><testcase classname="tests.nanopynix.test_engine_parity_semantics" name="test_every_failure_case_is_asserted_to_actually_fail" time="0.001" /><testcase classname="tests.nanopynix.test_error_boundaries" name="test_inproc_raises_the_public_hierarchy_not_raw_bindings" time="0.002" /><testcase classname="tests.nanopynix.test_exception_translation" name="test_the_bound_classes_mirror_nix_own_hierarchy" time="0.001" /><testcase classname="tests.nanopynix.test_exception_translation" name="test_interrupted_is_not_folded_into_the_error_hierarchy" time="0.001" /><testcase classname="tests.nanopynix.test_exception_translation" name="test_the_two_absence_errors_agree_on_shape" time="0.001" /><testcase classname="tests.nanopynix.test_exceptions_classify" name="test_nix_error_repr" time="0.001" /><testcase classname="tests.nanopynix.test_exceptions_classify" name="test_nix_error_str" time="0.001" /><testcase classname="tests.nanopynix.test_exceptions_classify" name="test_nix_error_defaults" time="0.001" /><testcase classname="tests.nanopynix.test_exceptions_classify" name="test_nix_error_kwargs" time="0.001" /><testcase classname="tests.nanopynix.test_exceptions_classify" name="test_nix_error_ansi_helpers_preserve_raw_and_newlines" time="0.001" /><testcase classname="tests.nanopynix.test_exceptions_classify" name="test_hierarchy" time="0.001" /><testcase classname="tests.nanopynix.test_exceptions_classify" name="test_subclass_repr" time="0.001" /><testcase classname="tests.nanopynix.test_exceptions_classify" name="test_classify_undefined_variable" time="0.000" /><testcase classname="tests.nanopynix.test_exceptions_classify" name="test_classify_infinite_recursion" time="0.000" /><testcase classname="tests.nanopynix.test_exceptions_classify" name="test_classify_assertion_failed" time="0.000" /><testcase classname="tests.nanopynix.test_exceptions_classify" name="test_classify_restricted_path_absolute" time="0.000" /><testcase classname="tests.nanopynix.test_exceptions_classify" name="test_classify_restricted_path_uri" time="0.000" /><testcase classname="tests.nanopynix.test_exceptions_classify" name="test_classify_thrown_error" time="0.000" /><testcase classname="tests.nanopynix.test_exceptions_classify" name="test_classify_thrown_error_variant" time="0.001" /><testcase classname="tests.nanopynix.test_exceptions_classify" name="test_classify_type_error_expected" time="0.000" /><testcase classname="tests.nanopynix.test_exceptions_classify" name="test_classify_type_error_expected_an" time="0.000" /><testcase classname="tests.nanopynix.test_exceptions_classify" name="test_classify_type_error_cannot_coerce" time="0.000" /><testcase classname="tests.nanopynix.test_exceptions_classify" name="test_classify_type_error_cannot_add" time="0.000" /><testcase classname="tests.nanopynix.test_exceptions_classify" name="test_classify_type_error_cannot_compare" time="0.000" /><testcase classname="tests.nanopynix.test_exceptions_classify" name="test_classify_type_error_but_found" time="0.000" /><testcase classname="tests.nanopynix.test_exceptions_classify" name="test_classify_builtin_not_found" time="0.001" /><testcase classname="tests.nanopynix.test_exceptions_classify" name="test_classify_attribute_missing" time="0.000" /><testcase classname="tests.nanopynix.test_exceptions_classify" name="test_classify_missing_argument" time="0.000" /><testcase classname="tests.nanopynix.test_exceptions_classify" name="test_classify_integer_overflow" time="0.001" /><testcase classname="tests.nanopynix.test_exceptions_classify" name="test_classify_not_absolute_path" time="0.000" /><testcase classname="tests.nanopynix.test_exceptions_classify" name="test_classify_syntax_error" time="0.000" /><testcase classname="tests.nanopynix.test_exceptions_classify" name="test_classify_parse_error" time="0.000" /><testcase classname="tests.nanopynix.test_exceptions_classify" name="test_classify_unexpected_token" time="0.000" /><testcase classname="tests.nanopynix.test_exceptions_classify" name="test_classify_unexpected_eof" time="0.000" /><testcase classname="tests.nanopynix.test_exceptions_classify" name="test_classify_store_invalid_path" time="0.000" /><testcase classname="tests.nanopynix.test_exceptions_classify" name="test_classify_store_not_in_store" time="0.000" /><testcase classname="tests.nanopynix.test_exceptions_classify" name="test_classify_hash_mismatch" time="0.000" /><testcase classname="tests.nanopynix.test_exceptions_classify" name="test_classify_hash_mismatch_from_a_fetchurl_is_an_eval_error" time="0.001" /><testcase classname="tests.nanopynix.test_exceptions_classify" name="test_classify_bare_hash_mismatch_stays_neutral" time="0.000" /><testcase classname="tests.nanopynix.test_exceptions_classify" name="test_classify_does_not_exist" time="0.000" /><testcase classname="tests.nanopynix.test_exceptions_classify" name="test_classify_lacks_signature" time="0.000" /><testcase classname="tests.nanopynix.test_exceptions_classify" name="test_classify_not_valid_derivation" time="0.002" /><testcase classname="tests.nanopynix.test_exceptions_classify" name="test_classify_invalid_value" time="0.000" /><testcase classname="tests.nanopynix.test_exceptions_classify" name="test_classify_empty_path_setting" time="0.001" /><testcase classname="tests.nanopynix.test_exceptions_classify" name="test_classify_error_ignored" time="0.000" /><testcase classname="tests.nanopynix.test_exceptions_classify" name="test_classify_fallback" time="0.000" /><testcase classname="tests.nanopynix.test_exceptions_classify" name="test_classify_ansi_stripping" time="0.000" /><testcase classname="tests.nanopynix.test_exceptions_classify" name="test_from_response_classifies" time="0.001" /><testcase classname="tests.nanopynix.test_exceptions_classify" name="test_from_response_passes_raw_and_info" time="0.001" /><testcase classname="tests.nanopynix.test_exceptions_classify" name="test_from_response_fallback_keeps_type_name" time="0.001" /><testcase classname="tests.nanopynix.test_exceptions_classify" name="test_the_wire_allowlist_is_what_this_file_says_it_is" time="0.000" /><testcase classname="tests.nanopynix.test_exceptions_classify" name="test_the_allowlist_holds_only_classes_this_module_defines_and_the_named_builtins" time="0.001" /><testcase classname="tests.nanopynix.test_exceptions_classify" name="test_no_base_exception_can_be_named" time="0.000" /><testcase classname="tests.nanopynix.test_exceptions_classify" name="test_a_nix_type_is_resolved_exactly_as_the_prose_prefix_was" time="0.001" /><testcase classname="tests.nanopynix.test_exceptions_classify" name="test_a_plain_class_is_built_from_the_message_alone" time="0.000" /><testcase classname="tests.nanopynix.test_exceptions_classify" name="test_a_prefix_that_is_not_the_resolved_name_is_left_alone" time="0.001" /><testcase classname="tests.nanopynix.test_exceptions_classify" name="test_ordering_missing_argument_before_expected" time="0.001" /><testcase classname="tests.nanopynix.test_exceptions_classify" name="test_ordering_undefined_before_generic" time="0.000" /><testcase classname="tests.nanopynix.test_experimental_feature_ordering" name="test_init_entry_point_enables_the_default_experimental_features" time="1.090" /><testcase classname="tests.nanopynix.test_experimental_feature_ordering" name="test_a_store_opened_after_init_survives_enabling_ca_derivations" time="1.039" /><testcase classname="tests.nanopynix.test_fork_safety" name="test_a_guard_answers_for_the_process_that_built_it" time="0.001" /><testcase classname="tests.nanopynix.test_fork_safety" name="test_a_forked_evaluator_queues_and_hands_back_no_release" time="0.001" /><testcase classname="tests.nanopynix.test_fork_safety" name="test_auto_picks_the_start_method_from_the_fork[False-forkserver]" time="0.002" /><testcase classname="tests.nanopynix.test_fork_safety" name="test_auto_picks_the_start_method_from_the_fork[True-spawn]" time="0.001" /><testcase classname="tests.nanopynix.test_hostile_inputs" name="test_a_uri_nix_cannot_read_is_a_value_error[not-a-uri]" time="0.001" /><testcase classname="tests.nanopynix.test_hostile_inputs" name="test_a_uri_nix_cannot_read_is_a_value_error[space]" time="0.001" /><testcase classname="tests.nanopynix.test_hostile_inputs" name="test_a_uri_nix_cannot_read_is_a_value_error[bad-percent]" time="0.001" /><testcase classname="tests.nanopynix.test_hostile_inputs" name="test_a_uri_nix_cannot_read_is_a_value_error[unterminated-ipv6]" time="0.001" /><testcase classname="tests.nanopynix.test_hostile_inputs" name="test_a_uri_nix_cannot_read_is_a_value_error[relative-file]" time="0.001" /><testcase classname="tests.nanopynix.test_hostile_inputs" name="test_a_rendered_uri_nix_cannot_read_is_a_value_error" time="0.001" /><testcase classname="tests.nanopynix.test_hostile_inputs" name="test_every_bad_uri_reports_the_same_class" time="0.002" /><testcase classname="tests.nanopynix.test_hostile_inputs" name="test_the_empty_uri_is_auto_and_not_an_error" time="0.001" /><testcase classname="tests.nanopynix.test_hostile_inputs" name="test_a_settings_value_of_the_wrong_type_is_refused_before_nix_sees_it" time="0.001" /><testcase classname="tests.nanopynix.test_logging" name="test_log_stream_basic" time="0.001" /><testcase classname="tests.nanopynix.test_logging" name="test_log_stream_actions" time="0.001" /><testcase classname="tests.nanopynix.test_logging" name="test_log_stream_remove_logger_stops" time="0.001" /><testcase classname="tests.nanopynix.test_logging" name="test_log_stream_shutdown_clean" time="0.001" /><testcase classname="tests.nanopynix.test_logging" name="test_verbosity_filters_low_levels" time="0.001" /><testcase classname="tests.nanopynix.test_logging" name="test_request_id_in_events" time="0.001" /><testcase classname="tests.nanopynix.test_logging" name="test_sync_drain" time="0.001" /><testcase classname="tests.nanopynix.test_logging" name="test_drain_empty" time="0.001" /><testcase classname="tests.nanopynix.test_logging" name="test_a_consumer_that_never_drains_does_not_stop_nix" time="0.006" /><testcase classname="tests.nanopynix.test_logging" name="test_a_finalize_marker_takes_the_place_of_a_log_line" time="0.001" /><testcase classname="tests.nanopynix.test_logging" name="test_the_drop_report_is_rate_limited" time="0.002" /><testcase classname="tests.nanopynix.test_logging" name="test_take_dropped_reports_a_delta_and_resets" time="0.001" /><testcase classname="tests.nanopynix.test_logging" name="test_the_outbox_discards_the_oldest_log_line" time="0.001" /><testcase classname="tests.nanopynix.test_logging" name="test_the_outbox_keeps_every_control_event" time="0.001" /><testcase classname="tests.nanopynix.test_logging" name="test_the_outbox_is_bounded_even_with_no_log_lines_to_discard" time="0.001" /><testcase classname="tests.nanopynix.test_logging" name="test_a_capture_keeps_the_newest_events_and_says_it_truncated" time="0.001" /><testcase classname="tests.nanopynix.test_logging" name="test_a_capture_under_its_cap_is_not_truncated" time="0.001" /><testcase classname="tests.nanopynix.test_logging" name="test_a_capture_counts_what_was_lost_upstream" time="0.001" /><testcase classname="tests.nanopynix.test_logging" name="test_a_capture_reports_a_marker_that_never_arrives" time="0.052" /><testcase classname="tests.nanopynix.test_logging" name="test_waiting_for_one_named_request_raises_when_it_never_finalizes" time="0.102" /><testcase classname="tests.nanopynix.test_logging" name="test_a_marker_that_arrives_ends_the_wait" time="0.001" /><testcase classname="tests.nanopynix.test_logging" name="test_callback_bus_dispatches_to_all_subscribers" time="0.001" /><testcase classname="tests.nanopynix.test_logging" name="test_callback_bus_normalises_the_wire_event_to_the_model" time="0.001" /><testcase classname="tests.nanopynix.test_logging" name="test_callback_bus_passes_the_teardown_marker_through" time="0.001" /><testcase classname="tests.nanopynix.test_logging" name="test_callback_bus_drops_a_foreign_object_rather_than_calling_it_teardown" time="0.001" /><testcase classname="tests.nanopynix.test_logging" name="test_callback_bus_unsubscribe_stops_dispatch" time="0.001" /><testcase classname="tests.nanopynix.test_logging" name="test_callback_bus_raising_subscriber_does_not_block_others" time="0.002" /><testcase classname="tests.nanopynix.test_logging" name="test_callback_bus_same_callback_subscribed_twice_dispatches_twice" time="0.001" /><testcase classname="tests.nanopynix.test_logging" name="test_bus_log_stream_ends_on_the_teardown_marker" time="0.002" /><testcase classname="tests.nanopynix.test_logging" name="test_bus_log_stream_discards_the_oldest_when_the_caller_falls_behind" time="0.002" /><testcase classname="tests.nanopynix.test_logging" name="test_removing_the_logger_before_installing_one_is_accepted" time="0.001" /><testcase classname="tests.nanopynix.test_logging" name="test_the_logger_survives_a_detach_and_serves_the_next_session" time="0.001" /><testcase classname="tests.nanopynix.test_logging" name="test_a_detached_logger_delivers_nothing_to_the_old_callback" time="0.001" /><testcase classname="tests.nanopynix.test_models.TestStorePath" name="test_basic" time="0.001" /><testcase classname="tests.nanopynix.test_models.TestStorePath" name="test_is_derivation" time="0.001" /><testcase classname="tests.nanopynix.test_models.TestStorePath" name="test_construct_from_string" time="0.001" /><testcase classname="tests.nanopynix.test_models.TestPathInfo" name="test_full" time="0.001" /><testcase classname="tests.nanopynix.test_models.TestPathInfo" name="test_minimal" time="0.001" /><testcase classname="tests.nanopynix.test_models.TestPathInfo" name="test_from_dict_minimal" time="0.001" /><testcase classname="tests.nanopynix.test_models.TestBuildResult" name="test_success" time="0.001" /><testcase classname="tests.nanopynix.test_models.TestBuildResult" name="test_failure" time="0.001" /><testcase classname="tests.nanopynix.test_models.TestBuildResult" name="test_from_dict" time="0.001" /><testcase classname="tests.nanopynix.test_models.TestMissingInfo" name="test_defaults" time="0.001" /><testcase classname="tests.nanopynix.test_models.TestInput" name="test_github" time="0.001" /><testcase classname="tests.nanopynix.test_models.TestInput" name="test_indirect" time="0.001" /><testcase classname="tests.nanopynix.test_models.TestInput" name="test_empty_default" time="0.001" /><testcase classname="tests.nanopynix.test_models.TestFlakeRef" name="test_with_subdir" time="0.001" /><testcase classname="tests.nanopynix.test_models.TestFlakeRef" name="test_basic" time="0.001" /><testcase classname="tests.nanopynix.test_models.TestFlakeRef" name="test_default" time="0.000" /><testcase classname="tests.nanopynix.test_models.TestLockedNode" name="test_a_locked_node_carries_both_references" time="0.000" /><testcase classname="tests.nanopynix.test_models.TestLockedNode" name="test_a_node_that_is_not_a_flake" time="0.000" /><testcase classname="tests.nanopynix.test_models.TestLockedNode" name="test_defaults" time="0.000" /><testcase classname="tests.nanopynix.test_models.TestLockedFlake" name="test_full" time="0.001" /><testcase classname="tests.nanopynix.test_models.TestLockedFlake" name="test_defaults" time="0.001" /><testcase classname="tests.nanopynix.test_models.TestLogEvent" name="test_msg_event" time="0.001" /><testcase classname="tests.nanopynix.test_models.TestLogEvent" name="test_msg_event_ansi_helpers_preserve_raw_and_newlines" time="0.001" /><testcase classname="tests.nanopynix.test_models.TestLogEvent" name="test_an_error_event_carries_nixs_structured_detail" time="0.001" /><testcase classname="tests.nanopynix.test_models.TestLogEvent" name="test_the_message_of_an_error_is_the_text_and_not_the_payload" time="0.001" /><testcase classname="tests.nanopynix.test_models.TestLogEvent" name="test_only_an_error_action_has_a_payload" time="0.001" /><testcase classname="tests.nanopynix.test_models.TestLogEvent" name="test_without_ansi_reaches_inside_the_payload" time="0.001" /><testcase classname="tests.nanopynix.test_models.TestLogEvent" name="test_start_event" time="0.001" /><testcase classname="tests.nanopynix.test_models.TestLogEvent" name="test_defaults" time="0.001" /><testcase classname="tests.nanopynix.test_models.TestLogEvent" name="test_with_result_type" time="0.001" /><testcase classname="tests.nanopynix.test_models.TestResultType" name="test_values_match_nix" time="0.000" /><testcase classname="tests.nanopynix.test_models.TestResultType" name="test_is_int_enum" time="0.000" /><testcase classname="tests.nanopynix.test_models.TestStorePathEdge" name="test_is_derivation_drv_extension" time="0.001" /><testcase classname="tests.nanopynix.test_models.TestStorePathEdge" name="test_is_derivation_drv_in_middle" time="0.001" /><testcase classname="tests.nanopynix.test_models.TestStorePathEdge" name="test_is_derivation_no_drv" time="0.000" /><testcase classname="tests.nanopynix.test_models.TestDerivedPath" name="test_a_bare_path_has_no_selector" time="0.001" /><testcase classname="tests.nanopynix.test_models.TestDerivedPath" name="test_the_all_selector_survives_as_nix_spells_it" time="0.001" /><testcase classname="tests.nanopynix.test_models.TestDerivedPath" name="test_named_outputs_are_kept_in_the_order_written" time="0.001" /><testcase classname="tests.nanopynix.test_models.TestDerivedPath" name="test_drv_path_is_a_store_path" time="0.001" /><testcase classname="tests.nanopynix.test_models.TestDerivedPath" name="test_the_split_takes_the_last_separator" time="0.001" /><testcase classname="tests.nanopynix.test_models.TestDerivedPath" name="test_no_selector_is_distinguishable_from_an_empty_one" time="0.001" /><testcase classname="tests.nanopynix.test_models.TestDerivedPath" name="test_it_is_a_str_and_idempotent" time="0.001" /><testcase classname="tests.nanopynix.test_models.TestDerivedPath" name="test_for_build_selects_every_output_of_a_bare_drv" time="0.001" /><testcase classname="tests.nanopynix.test_models.TestDerivedPath" name="test_for_build_leaves_a_written_selector_alone" time="0.000" /><testcase classname="tests.nanopynix.test_models.TestDerivedPath" name="test_for_build_leaves_a_non_derivation_opaque" time="0.001" /><testcase classname="tests.nanopynix.test_models.TestDerivedPath" name="test_for_build_needs_no_store_directory" time="0.001" /><testcase classname="tests.nanopynix.test_models.TestDerivedPath" name="test_for_build_is_idempotent" time="0.001" /><testcase classname="tests.nanopynix.test_models" name="test_derivation_mutable_defaults_isolated" time="0.000" /><testcase classname="tests.nanopynix.test_models" name="test_derivation_from_dict" time="0.001" /><testcase classname="tests.nanopynix.test_namespace.TestOverlayNamespaceSpec" name="test_under_lays_the_four_directories_out" time="0.002" /><testcase classname="tests.nanopynix.test_namespace.TestOverlayNamespaceSpec" name="test_work_dir_is_not_inside_upper_dir" time="0.001" /><testcase classname="tests.nanopynix.test_namespace.TestOverlayNamespaceSpec" name="test_store_uri_names_every_layer" time="0.002" /><testcase classname="tests.nanopynix.test_namespace.TestOverlayNamespaceSpec" name="test_store_uri_escapes_a_path_that_would_break_the_query" time="0.002" /><testcase classname="tests.nanopynix.test_namespace.TestOverlayNamespaceSpec" name="test_required_settings_disable_the_build_users_group" time="0.001" /><testcase classname="tests.nanopynix.test_namespace.TestOverlayNamespaceSpec" name="test_the_spec_survives_a_round_trip_through_pickle" time="0.001" /><testcase classname="tests.nanopynix.test_namespace.TestEnterRefusesWhenItCannotWork" name="test_a_second_thread_is_refused" time="0.002" /><testcase classname="tests.nanopynix.test_namespace.TestSupportProbe" name="test_the_probe_answers_without_changing_this_process" time="0.343" /><testcase classname="tests.nanopynix.test_namespace.TestSupportProbe" name="test_an_unsupported_answer_carries_a_reason" time="0.001" /><testcase classname="tests.nanopynix.test_namespace.TestNamespacedWorker" name="test_the_overlay_store_is_at_the_canonical_location" time="0.902" /><testcase classname="tests.nanopynix.test_namespace.TestNamespacedWorker" name="test_the_session_enables_the_experimental_feature" time="0.601" /><testcase classname="tests.nanopynix.test_namespace.TestNamespacedWorker" name="test_a_stdio_worker_enters_the_namespace_too" time="2.159" /><testcase classname="tests.nanopynix.test_namespace.TestNamespacedWorker" name="test_a_build_lands_in_the_upper_layer_and_not_on_the_host" time="1.580" /><testcase classname="tests.nanopynix.test_namespace" name="test_the_feature_name_is_the_one_nix_expects" time="0.001" /><testcase classname="tests.nanopynix.test_process_title" name="test_manager_title_uses_current_project" time="0.001" /><testcase classname="tests.nanopynix.test_process_title" name="test_manager_title_selection_is_used_by_later_sessions" time="0.001" /><testcase classname="tests.nanopynix.test_process_title" name="test_worker_title_uses_nanopynix_and_two_word_slug" time="0.001" /><testcase classname="tests.nanopynix.test_process_title" name="test_the_slug_is_two_words_from_the_two_lists" time="0.001" /><testcase classname="tests.nanopynix.test_process_title" name="test_the_slug_lists_are_large_enough_to_tell_workers_apart" time="0.001" /><testcase classname="tests.nanopynix.test_process_title" name="test_session_sets_manager_title" time="0.002" /><testcase classname="tests.nanopynix.test_process_title" name="test_store_session_opens_store_with_its_uri" time="0.002" /><testcase classname="tests.nanopynix.test_protocols" name="test_protocol_static_conformance" time="0.001" /><testcase classname="tests.nanopynix.test_protocols" name="test_every_protocol_is_runtime_checkable" time="0.001" /><testcase classname="tests.nanopynix.test_protocols" name="test_both_engines_pass_the_runtime_conformance_check" time="0.001" /><testcase classname="tests.nanopynix.test_protocols" name="test_every_protocol_member_is_abstract" time="0.001" /><testcase classname="tests.nanopynix.test_protocols" name="test_every_protocol_declares_slots_in_its_own_body" time="0.001" /><testcase classname="tests.nanopynix.test_protocols" name="test_no_slotted_engine_class_gained_a_dict" time="0.001" /><testcase classname="tests.nanopynix.test_protocols" name="test_every_engine_class_inherits_its_protocol" time="0.000" /><testcase classname="tests.nanopynix.test_protocols" name="test_a_class_that_inherits_nothing_still_conforms" time="0.001" /><testcase classname="tests.nanopynix.test_protocols" name="test_no_engine_repeats_the_protocol_word_for_word" time="0.002" /><testcase classname="tests.nanopynix.test_protocols" name="test_protocols_declare_the_whole_shared_surface" time="0.001" /><testcase classname="tests.nanopynix.test_session_env" name="test_a_name_a_session_parameter_owns_is_refused[NIX_CONFIG-inproc]" time="0.001" /><testcase classname="tests.nanopynix.test_session_env" name="test_a_name_a_session_parameter_owns_is_refused[NIX_CONFIG-rpc]" time="0.001" /><testcase classname="tests.nanopynix.test_session_env" name="test_a_name_a_session_parameter_owns_is_refused[NIX_PATH-inproc]" time="0.001" /><testcase classname="tests.nanopynix.test_session_env" name="test_a_name_a_session_parameter_owns_is_refused[NIX_PATH-rpc]" time="0.001" /><testcase classname="tests.nanopynix.test_session_env" name="test_a_name_a_session_parameter_owns_is_refused[NIX_REMOTE-inproc]" time="0.001" /><testcase classname="tests.nanopynix.test_session_env" name="test_a_name_a_session_parameter_owns_is_refused[NIX_REMOTE-rpc]" time="0.001" /><testcase classname="tests.nanopynix.test_session_env" name="test_a_name_a_session_parameter_owns_is_refused[NIX_USER_CONF_FILES-inproc]" time="0.002" /><testcase classname="tests.nanopynix.test_session_env" name="test_a_name_a_session_parameter_owns_is_refused[NIX_USER_CONF_FILES-rpc]" time="0.001" /><testcase classname="tests.nanopynix.test_session_env" name="test_a_name_nix_reads_while_libstore_loads_is_refused[NIX_CONF_DIR-inproc]" time="0.001" /><testcase classname="tests.nanopynix.test_session_env" name="test_a_name_nix_reads_while_libstore_loads_is_refused[NIX_CONF_DIR-rpc]" time="0.001" /><testcase classname="tests.nanopynix.test_session_env" name="test_a_name_nix_reads_while_libstore_loads_is_refused[NIX_DAEMON_SOCKET_PATH-inproc]" time="0.001" /><testcase classname="tests.nanopynix.test_session_env" name="test_a_name_nix_reads_while_libstore_loads_is_refused[NIX_DAEMON_SOCKET_PATH-rpc]" time="0.001" /><testcase classname="tests.nanopynix.test_session_env" name="test_a_name_nix_reads_while_libstore_loads_is_refused[NIX_DATA_DIR-inproc]" time="0.001" /><testcase classname="tests.nanopynix.test_session_env" name="test_a_name_nix_reads_while_libstore_loads_is_refused[NIX_DATA_DIR-rpc]" time="0.001" /><testcase classname="tests.nanopynix.test_session_env" name="test_a_name_nix_reads_while_libstore_loads_is_refused[NIX_IGNORE_SYMLINK_STORE-inproc]" time="0.001" /><testcase classname="tests.nanopynix.test_session_env" name="test_a_name_nix_reads_while_libstore_loads_is_refused[NIX_IGNORE_SYMLINK_STORE-rpc]" time="0.001" /><testcase classname="tests.nanopynix.test_session_env" name="test_a_name_nix_reads_while_libstore_loads_is_refused[NIX_LOG_DIR-inproc]" time="0.001" /><testcase classname="tests.nanopynix.test_session_env" name="test_a_name_nix_reads_while_libstore_loads_is_refused[NIX_LOG_DIR-rpc]" time="0.001" /><testcase classname="tests.nanopynix.test_session_env" name="test_a_name_nix_reads_while_libstore_loads_is_refused[NIX_REMOTE_SYSTEMS-inproc]" time="0.001" /><testcase classname="tests.nanopynix.test_session_env" name="test_a_name_nix_reads_while_libstore_loads_is_refused[NIX_REMOTE_SYSTEMS-rpc]" time="0.001" /><testcase classname="tests.nanopynix.test_session_env" name="test_a_name_nix_reads_while_libstore_loads_is_refused[NIX_SSL_CERT_FILE-inproc]" time="0.001" /><testcase classname="tests.nanopynix.test_session_env" name="test_a_name_nix_reads_while_libstore_loads_is_refused[NIX_SSL_CERT_FILE-rpc]" time="0.001" /><testcase classname="tests.nanopynix.test_session_env" name="test_a_name_nix_reads_while_libstore_loads_is_refused[NIX_STATE_DIR-inproc]" time="0.001" /><testcase classname="tests.nanopynix.test_session_env" name="test_a_name_nix_reads_while_libstore_loads_is_refused[NIX_STATE_DIR-rpc]" time="0.001" /><testcase classname="tests.nanopynix.test_session_env" name="test_a_name_nix_reads_while_libstore_loads_is_refused[NIX_STORE-inproc]" time="0.001" /><testcase classname="tests.nanopynix.test_session_env" name="test_a_name_nix_reads_while_libstore_loads_is_refused[NIX_STORE-rpc]" time="0.001" /><testcase classname="tests.nanopynix.test_session_env" name="test_a_name_nix_reads_while_libstore_loads_is_refused[NIX_STORE_DIR-inproc]" time="0.001" /><testcase classname="tests.nanopynix.test_session_env" name="test_a_name_nix_reads_while_libstore_loads_is_refused[NIX_STORE_DIR-rpc]" time="0.001" /><testcase classname="tests.nanopynix.test_session_env" name="test_a_name_nix_reads_while_libstore_loads_is_refused[SSL_CERT_FILE-inproc]" time="0.001" /><testcase classname="tests.nanopynix.test_session_env" name="test_a_name_nix_reads_while_libstore_loads_is_refused[SSL_CERT_FILE-rpc]" time="0.001" /><testcase classname="tests.nanopynix.test_session_env" name="test_no_name_is_in_both_refusal_sets" time="0.001" /><testcase classname="tests.nanopynix.test_session_env" name="test_a_name_or_value_that_cannot_be_an_environment_variable_is_refused[empty-name-inproc]" time="0.001" /><testcase classname="tests.nanopynix.test_session_env" name="test_a_name_or_value_that_cannot_be_an_environment_variable_is_refused[empty-name-rpc]" time="0.001" /><testcase classname="tests.nanopynix.test_session_env" name="test_a_name_or_value_that_cannot_be_an_environment_variable_is_refused[equals-in-name-inproc]" time="0.001" /><testcase classname="tests.nanopynix.test_session_env" name="test_a_name_or_value_that_cannot_be_an_environment_variable_is_refused[equals-in-name-rpc]" time="0.001" /><testcase classname="tests.nanopynix.test_session_env" name="test_a_name_or_value_that_cannot_be_an_environment_variable_is_refused[nul-in-name-inproc]" time="0.001" /><testcase classname="tests.nanopynix.test_session_env" name="test_a_name_or_value_that_cannot_be_an_environment_variable_is_refused[nul-in-name-rpc]" time="0.001" /><testcase classname="tests.nanopynix.test_session_env" name="test_a_name_or_value_that_cannot_be_an_environment_variable_is_refused[nul-in-value-inproc]" time="0.001" /><testcase classname="tests.nanopynix.test_session_env" name="test_a_name_or_value_that_cannot_be_an_environment_variable_is_refused[nul-in-value-rpc]" time="0.001" /><testcase classname="tests.nanopynix.test_session_env" name="test_an_env_that_is_not_a_mapping_of_str_to_str_is_refused[a-string-inproc]" time="0.001" /><testcase classname="tests.nanopynix.test_session_env" name="test_an_env_that_is_not_a_mapping_of_str_to_str_is_refused[a-string-rpc]" time="0.001" /><testcase classname="tests.nanopynix.test_session_env" name="test_an_env_that_is_not_a_mapping_of_str_to_str_is_refused[a-non-string-value-inproc]" time="0.001" /><testcase classname="tests.nanopynix.test_session_env" name="test_an_env_that_is_not_a_mapping_of_str_to_str_is_refused[a-non-string-value-rpc]" time="0.001" /><testcase classname="tests.nanopynix.test_session_env" name="test_an_env_that_is_not_a_mapping_of_str_to_str_is_refused[a-non-string-name-inproc]" time="0.001" /><testcase classname="tests.nanopynix.test_session_env" name="test_an_env_that_is_not_a_mapping_of_str_to_str_is_refused[a-non-string-name-rpc]" time="0.001" /><testcase classname="tests.nanopynix.test_settings" name="test_nix_settings_render_python_field_names" time="0.001" /><testcase classname="tests.nanopynix.test_settings" name="test_nix_settings_renders_explicit_empty_string" time="0.001" /><testcase classname="tests.nanopynix.test_settings" name="test_nix_settings_accepts_nix_aliases" time="0.001" /><testcase classname="tests.nanopynix.test_settings" name="test_nix_settings_rejects_unknown_fields" time="0.001" /><testcase classname="tests.nanopynix.test_settings" name="test_nix_settings_file_path" time="0.002" /><testcase classname="tests.nanopynix.test_settings" name="test_nix_settings_env_reads_pynix_prefixed_values" time="0.012" /><testcase classname="tests.nanopynix.test_settings" name="test_nix_settings_env_reads_no_unprefixed_name" time="0.019" /><testcase classname="tests.nanopynix.test_settings" name="test_every_settings_model_reads_one_environment_name" time="0.003" /><testcase classname="tests.nanopynix.test_settings" name="test_nanopynix_settings_env_reads_runtime_values" time="0.001" /><testcase classname="tests.nanopynix.test_settings" name="test_nanopynix_settings_defaults_line_editors" time="0.001" /><testcase classname="tests.nanopynix.test_settings" name="test_nanopynix_settings_defaults_worker_preload" time="0.001" /><testcase classname="tests.nanopynix.test_settings" name="test_session_uses_nanopynix_rpc_timeout" time="0.001" /><testcase classname="tests.nanopynix.test_settings" name="test_session_forwards_worker_preload_to_its_worker[preload0]" time="0.001" /><testcase classname="tests.nanopynix.test_settings" name="test_session_forwards_worker_preload_to_its_worker[preload1]" time="0.001" /><testcase classname="tests.nanopynix.test_settings" name="test_settings_drift_reports_missing_and_extra" time="0.001" /><testcase classname="tests.nanopynix.test_settings" name="test_eval_settings_accepts_nix_aliases" time="0.001" /><testcase classname="tests.nanopynix.test_settings" name="test_fetch_settings_accepts_string_map" time="0.001" /><testcase classname="tests.nanopynix.test_settings" name="test_flake_settings_accepts_nix_aliases" time="0.001" /><testcase classname="tests.nanopynix.test_settings" name="test_optional_settings_drift_is_not_checked_by_default" time="0.002" /><testcase classname="tests.nanopynix.test_settings" name="test_for_scope_takes_one_scope_out_of_the_catch_all" time="0.001" /><testcase classname="tests.nanopynix.test_settings" name="test_the_global_scope_carries_no_setting_from_another_registry" time="0.001" /><testcase classname="tests.nanopynix.test_settings" name="test_for_scope_leaves_a_field_the_catch_all_did_not_set_unset" time="0.001" /><testcase classname="tests.nanopynix.test_settings" name="test_merge_defaults_fills_only_what_the_call_left_unset" time="0.001" /><testcase classname="tests.nanopynix.test_settings" name="test_merge_defaults_takes_the_defaults_whole_when_the_call_says_nothing" time="0.000" /><testcase classname="tests.nanopynix.test_settings" name="test_merge_defaults_does_not_mutate_either_side" time="0.000" /><testcase classname="tests.nanopynix.test_settings" name="test_default_experimental_features_are_the_ones_we_intend" time="0.000" /><testcase classname="tests.nanopynix.test_settings" name="test_session_defaults_to_the_default_experimental_features" time="0.001" /><testcase classname="tests.nanopynix.test_settings" name="test_session_config_options" time="0.002" /><testcase classname="tests.nanopynix.test_settings" name="test_session_rejects_missing_nix_conf" time="0.001" /><testcase classname="tests.nanopynix.test_settings" name="test_session_rejects_string_nix_conf" time="0.001" /><testcase classname="tests.nanopynix.test_settings" name="test_session_rejects_raw_settings_dict" time="0.000" /><testcase classname="tests.nanopynix.test_settings" name="test_from_file_reads_a_nix_conf_that_sets_a_list" time="0.001" /><testcase classname="tests.nanopynix.test_settings" name="test_a_rendered_list_loads_back_into_the_same_list" time="0.002" /><testcase classname="tests.nanopynix.test_settings" name="test_a_dict_setting_reads_back_from_its_key_value_pairs" time="0.001" /><testcase classname="tests.nanopynix.test_settings" name="test_a_dict_setting_refuses_an_item_that_is_not_a_pair" time="0.001" /><testcase classname="tests.nanopynix.test_settings" name="test_an_environment_variable_takes_either_spelling_of_a_list[nix-conf]" time="0.010" /><testcase classname="tests.nanopynix.test_settings" name="test_an_environment_variable_takes_either_spelling_of_a_list[json]" time="0.010" /><testcase classname="tests.nanopynix.test_settings" name="test_a_list_that_is_already_a_list_is_not_split_again" time="0.001" /><testcase classname="tests.nanopynix.test_store_engine_parity_semantics" name="test_the_selector_table_actually_exercises_selectors" time="0.001" /><testcase classname="tests.nanopynix.test_store_engine_parity_semantics" name="test_the_malformed_table_covers_the_paths_that_used_to_diverge" time="0.000" /><testcase classname="tests.nanopynix.test_store_engine_parity_semantics" name="test_both_case_tables_are_populated" time="0.000" /><testcase classname="tests.nanopynix.test_store_engine_parity_semantics" name="test_every_row_input_keeps_its_own_label" time="0.000" /><testcase classname="tests.nanopynix.test_store_engine_parity_semantics" name="test_case_names_are_unique" time="0.000" /><testcase classname="tests.nanopynix.test_store_metadata_fidelity" name="test_the_input_drvs_builder_recurses_and_keeps_every_output" time="0.000" /><testcase classname="tests.nanopynix.test_stores" name="test_every_model_round_trips_through_nixs_own_parser[Auto-0]" time="0.001" /><testcase classname="tests.nanopynix.test_stores" name="test_every_model_round_trips_through_nixs_own_parser[Auto-1]" time="0.001" /><testcase classname="tests.nanopynix.test_stores" name="test_every_model_round_trips_through_nixs_own_parser[Dummy-0]" time="0.001" /><testcase classname="tests.nanopynix.test_stores" name="test_every_model_round_trips_through_nixs_own_parser[Local-2]" time="0.001" /><testcase classname="tests.nanopynix.test_stores" name="test_every_model_round_trips_through_nixs_own_parser[Local-3]" time="0.001" /><testcase classname="tests.nanopynix.test_stores" name="test_every_model_round_trips_through_nixs_own_parser[LocalOverlay-4]" time="0.001" /><testcase classname="tests.nanopynix.test_stores" name="test_every_model_round_trips_through_nixs_own_parser[LocalOverlay-2]" time="0.001" /><testcase classname="tests.nanopynix.test_stores" name="test_every_model_round_trips_through_nixs_own_parser[Daemon-0]" time="0.001" /><testcase classname="tests.nanopynix.test_stores" name="test_every_model_round_trips_through_nixs_own_parser[Daemon-1]" time="0.001" /><testcase classname="tests.nanopynix.test_stores" name="test_every_model_round_trips_through_nixs_own_parser[Ssh-2]" time="0.001" /><testcase classname="tests.nanopynix.test_stores" name="test_every_model_round_trips_through_nixs_own_parser[SshNg-2]" time="0.001" /><testcase classname="tests.nanopynix.test_stores" name="test_every_model_round_trips_through_nixs_own_parser[MountedSshNg-2]" time="0.001" /><testcase classname="tests.nanopynix.test_stores" name="test_every_model_round_trips_through_nixs_own_parser[FileBinaryCache-1]" time="0.001" /><testcase classname="tests.nanopynix.test_stores" name="test_every_model_round_trips_through_nixs_own_parser[HttpBinaryCache-0]" time="0.001" /><testcase classname="tests.nanopynix.test_stores" name="test_every_model_round_trips_through_nixs_own_parser[HttpBinaryCache-1]" time="0.001" /><testcase classname="tests.nanopynix.test_stores" name="test_every_model_round_trips_through_nixs_own_parser[S3BinaryCache-3]" time="0.001" /><testcase classname="tests.nanopynix.test_stores" name="test_nix_parses_every_rendered_uri[Auto-0]" time="0.001" /><testcase classname="tests.nanopynix.test_stores" name="test_nix_parses_every_rendered_uri[Auto-1]" time="0.001" /><testcase classname="tests.nanopynix.test_stores" name="test_nix_parses_every_rendered_uri[Dummy-0]" time="0.001" /><testcase classname="tests.nanopynix.test_stores" name="test_nix_parses_every_rendered_uri[Local-2]" time="0.001" /><testcase classname="tests.nanopynix.test_stores" name="test_nix_parses_every_rendered_uri[Local-3]" time="0.001" /><testcase classname="tests.nanopynix.test_stores" name="test_nix_parses_every_rendered_uri[LocalOverlay-4]" time="0.001" /><testcase classname="tests.nanopynix.test_stores" name="test_nix_parses_every_rendered_uri[LocalOverlay-2]" time="0.001" /><testcase classname="tests.nanopynix.test_stores" name="test_nix_parses_every_rendered_uri[Daemon-0]" time="0.001" /><testcase classname="tests.nanopynix.test_stores" name="test_nix_parses_every_rendered_uri[Daemon-1]" time="0.001" /><testcase classname="tests.nanopynix.test_stores" name="test_nix_parses_every_rendered_uri[Ssh-2]" time="0.001" /><testcase classname="tests.nanopynix.test_stores" name="test_nix_parses_every_rendered_uri[SshNg-2]" time="0.001" /><testcase classname="tests.nanopynix.test_stores" name="test_nix_parses_every_rendered_uri[MountedSshNg-2]" time="0.001" /><testcase classname="tests.nanopynix.test_stores" name="test_nix_parses_every_rendered_uri[FileBinaryCache-1]" time="0.001" /><testcase classname="tests.nanopynix.test_stores" name="test_nix_parses_every_rendered_uri[HttpBinaryCache-0]" time="0.001" /><testcase classname="tests.nanopynix.test_stores" name="test_nix_parses_every_rendered_uri[HttpBinaryCache-1]" time="0.001" /><testcase classname="tests.nanopynix.test_stores" name="test_nix_parses_every_rendered_uri[S3BinaryCache-3]" time="0.001" /><testcase classname="tests.nanopynix.test_stores" name="test_a_setting_the_store_type_does_not_have_is_refused" time="0.001" /><testcase classname="tests.nanopynix.test_stores" name="test_an_unknown_scheme_names_the_schemes_that_exist" time="0.001" /><testcase classname="tests.nanopynix.test_stores" name="test_a_required_authority_cannot_be_omitted" time="0.001" /><testcase classname="tests.nanopynix.test_stores" name="test_store_dir_is_not_the_global_store_setting" time="0.001" /><testcase classname="tests.nanopynix.test_stores" name="test_a_list_setting_survives_the_trip_through_a_uri" time="0.001" /><testcase classname="tests.nanopynix.test_stores" name="test_a_nested_store_uri_survives_as_a_parameter_value" time="0.001" /><testcase classname="tests.nanopynix.test_stores" name="test_every_store_model_matches_nixs_registry" time="0.007" /><testcase classname="tests.nanopynix.test_stores" name="test_every_store_type_nix_ships_has_a_model" time="0.005" /><testcase classname="tests.nanopynix.test_stores" name="test_auto_has_no_registry_entry_and_says_so" time="0.001" /><testcase classname="tests.nanopynix.test_stores" name="test_a_setting_this_nix_lacks_raises_rather_than_rendering" time="0.001" /><testcase classname="tests.nanopynix.test_stores" name="test_the_gates_bound_a_field_from_both_sides" time="0.000" /><testcase classname="tests.nanopynix.test_stores" name="test_session_store_defaults_go_under_the_store_that_names_them" time="0.001" /><testcase classname="tests.nanopynix.test_stores" name="test_a_uri_string_is_never_rewritten" time="0.001" /><testcase classname="tests.nanopynix.test_stores" name="test_an_auto_that_became_the_daemon_is_reopened_with_a_pool" time="0.001" /><testcase classname="tests.nanopynix.test_stores" name="test_a_socket_that_is_not_the_default_one_survives_the_reopen" time="0.001" /><testcase classname="tests.nanopynix.test_stores" name="test_a_named_daemon_store_gets_the_pool_when_it_is_opened" time="0.001" /><testcase classname="tests.nanopynix.test_stores" name="test_a_store_that_is_left_alone[auto-local-a local store has no connections to pool]" time="0.001" /><testcase classname="tests.nanopynix.test_stores" name="test_a_store_that_is_left_alone[auto-dummy://-no other store type is what `auto` is about]" time="0.001" /><testcase classname="tests.nanopynix.test_stores" name="test_a_store_that_is_left_alone[auto-moon://gouda-a store type with no model says nothing about this rule]" time="0.001" /><testcase classname="tests.nanopynix.test_stores" name="test_a_store_that_is_left_alone[daemon-daemon-a caller who named the daemon gets the daemon they named]" time="0.001" /><testcase classname="tests.nanopynix.test_stores" name="test_a_store_that_is_left_alone[unix://?max-connections=2-daemon-a stated limit is the caller's own]" time="0.001" /><testcase classname="tests.nanopynix.test_stores" name="test_the_overlay_namespace_renders_through_the_store_model" time="0.003" /><testcase classname="tests.nanopynix.test_stores" name="test_a_model_opens_the_store_it_describes" time="0.016" /><testcase classname="tests.nanopynix.test_stores_properties" name="test_the_strategies_cover_every_supported_field" time="0.006" /><testcase classname="tests.nanopynix.test_stores_properties" name="test_the_uri_part_table_names_the_uri_part_fields" time="0.001" /><testcase classname="tests.nanopynix.test_stores_properties" name="test_a_model_survives_being_written_as_a_uri[Auto]" time="1.278" /><testcase classname="tests.nanopynix.test_stores_properties" name="test_a_model_survives_being_written_as_a_uri[Dummy]" time="0.681" /><testcase classname="tests.nanopynix.test_stores_properties" name="test_a_model_survives_being_written_as_a_uri[Local]" time="0.916" /><testcase classname="tests.nanopynix.test_stores_properties" name="test_a_model_survives_being_written_as_a_uri[LocalOverlay]" time="1.036" /><testcase classname="tests.nanopynix.test_stores_properties" name="test_a_model_survives_being_written_as_a_uri[Daemon]" time="0.939" /><testcase classname="tests.nanopynix.test_stores_properties" name="test_a_model_survives_being_written_as_a_uri[Ssh]" time="1.643" /><testcase classname="tests.nanopynix.test_stores_properties" name="test_a_model_survives_being_written_as_a_uri[SshNg]" time="1.093" /><testcase classname="tests.nanopynix.test_stores_properties" name="test_a_model_survives_being_written_as_a_uri[MountedSshNg]" time="1.276" /><testcase classname="tests.nanopynix.test_stores_properties" name="test_a_model_survives_being_written_as_a_uri[FileBinaryCache]" time="1.117" /><testcase classname="tests.nanopynix.test_stores_properties" name="test_a_model_survives_being_written_as_a_uri[HttpBinaryCache]" time="1.300" /><testcase classname="tests.nanopynix.test_stores_properties" name="test_a_model_survives_being_written_as_a_uri[S3BinaryCache]" time="1.576" /><testcase classname="tests.nanopynix.test_stores_properties" name="test_a_uri_is_stable_under_a_second_render[Auto]" time="0.598" /><testcase classname="tests.nanopynix.test_stores_properties" name="test_a_uri_is_stable_under_a_second_render[Dummy]" time="0.603" /><testcase classname="tests.nanopynix.test_stores_properties" name="test_a_uri_is_stable_under_a_second_render[Local]" time="1.339" /><testcase classname="tests.nanopynix.test_stores_properties" name="test_a_uri_is_stable_under_a_second_render[LocalOverlay]" time="0.954" /><testcase classname="tests.nanopynix.test_stores_properties" name="test_a_uri_is_stable_under_a_second_render[Daemon]" time="1.048" /><testcase classname="tests.nanopynix.test_stores_properties" name="test_a_uri_is_stable_under_a_second_render[Ssh]" time="1.109" /><testcase classname="tests.nanopynix.test_stores_properties" name="test_a_uri_is_stable_under_a_second_render[SshNg]" time="1.199" /><testcase classname="tests.nanopynix.test_stores_properties" name="test_a_uri_is_stable_under_a_second_render[MountedSshNg]" time="1.302" /><testcase classname="tests.nanopynix.test_stores_properties" name="test_a_uri_is_stable_under_a_second_render[FileBinaryCache]" time="1.024" /><testcase classname="tests.nanopynix.test_stores_properties" name="test_a_uri_is_stable_under_a_second_render[HttpBinaryCache]" time="1.751" /><testcase classname="tests.nanopynix.test_stores_properties" name="test_a_uri_is_stable_under_a_second_render[S3BinaryCache]" time="1.387" /><testcase classname="tests.nanopynix.test_stores_properties" name="test_a_list_setting_cannot_hold_whitespace" time="0.001" /><testcase classname="tests.nanopynix.test_stores_properties" name="test_an_empty_list_setting_is_not_written_at_all" time="0.001" /><testcase classname="tests.nanopynix.test_stores_properties" name="test_the_path_part_of_an_authority_is_escaped_like_a_parameter[ampersand]" time="0.001" /><testcase classname="tests.nanopynix.test_stores_properties" name="test_the_path_part_of_an_authority_is_escaped_like_a_parameter[question]" time="0.001" /><testcase classname="tests.nanopynix.test_stores_properties" name="test_the_path_part_of_an_authority_is_escaped_like_a_parameter[hash]" time="0.001" /><testcase classname="tests.nanopynix.test_stores_properties" name="test_the_path_part_of_an_authority_is_escaped_like_a_parameter[space]" time="0.001" /><testcase classname="tests.nanopynix.test_stores_properties" name="test_the_path_part_of_an_authority_is_escaped_like_a_parameter[percent]" time="0.001" /><testcase classname="tests.nanopynix.test_stores_properties" name="test_the_path_part_of_an_authority_is_escaped_like_a_parameter[encoded-ampersand]" time="0.001" /><testcase classname="tests.nanopynix.test_stores_properties" name="test_the_host_part_of_an_authority_is_escaped_on_every_version[ampersand]" time="0.001" /><testcase classname="tests.nanopynix.test_stores_properties" name="test_the_host_part_of_an_authority_is_escaped_on_every_version[question]" time="0.001" /><testcase classname="tests.nanopynix.test_stores_properties" name="test_the_host_part_of_an_authority_is_escaped_on_every_version[hash]" time="0.001" /><testcase classname="tests.nanopynix.test_stores_properties" name="test_the_host_part_of_an_authority_is_escaped_on_every_version[space]" time="0.001" /><testcase classname="tests.nanopynix.test_stores_properties" name="test_the_host_part_of_an_authority_is_escaped_on_every_version[percent]" time="0.001" /><testcase classname="tests.nanopynix.test_stores_properties" name="test_the_host_part_of_an_authority_is_escaped_on_every_version[encoded-ampersand]" time="0.001" /><testcase classname="tests.nanopynix.test_stores_properties" name="test_the_structural_characters_of_an_authority_are_left_alone[user]" time="0.001" /><testcase classname="tests.nanopynix.test_stores_properties" name="test_the_structural_characters_of_an_authority_are_left_alone[port]" time="0.001" /><testcase classname="tests.nanopynix.test_stores_properties" name="test_the_structural_characters_of_an_authority_are_left_alone[ipv6]" time="0.001" /><testcase classname="tests.nanopynix.test_stores_properties" name="test_the_structural_characters_of_an_authority_are_left_alone[user-and-port]" time="0.001" /><testcase classname="tests.nanopynix.test_stores_properties" name="test_nix_refuses_an_authority_that_is_not_authority_syntax[relative-path]" time="0.001" /><testcase classname="tests.nanopynix.test_stores_properties" name="test_nix_refuses_an_authority_that_is_not_authority_syntax[unterminated-ipv6]" time="0.001" /><testcase classname="tests.nanopynix.test_stores_properties" name="test_an_authority_that_is_only_a_separator_is_normalised_away" time="0.001" /><testcase classname="tests.nanopynix.test_stores_properties" name="test_naming_the_default_scheme_normalises_away" time="0.002" /><testcase classname="tests.nanopynix.test_verbosity" name="test_normalize_log_level_accepts_nix_names[0-ERROR0]" time="0.001" /><testcase classname="tests.nanopynix.test_verbosity" name="test_normalize_log_level_accepts_nix_names[0-ERROR1]" time="0.001" /><testcase classname="tests.nanopynix.test_verbosity" name="test_normalize_log_level_accepts_nix_names[ERROR-ERROR]" time="0.001" /><testcase classname="tests.nanopynix.test_verbosity" name="test_normalize_log_level_accepts_nix_names[error-ERROR]" time="0.001" /><testcase classname="tests.nanopynix.test_verbosity" name="test_normalize_log_level_accepts_nix_names[WARN-WARN]" time="0.001" /><testcase classname="tests.nanopynix.test_verbosity" name="test_normalize_log_level_accepts_nix_names[warn-WARN]" time="0.001" /><testcase classname="tests.nanopynix.test_verbosity" name="test_normalize_log_level_accepts_nix_names[NOTICE-NOTICE]" time="0.001" /><testcase classname="tests.nanopynix.test_verbosity" name="test_normalize_log_level_accepts_nix_names[notice-NOTICE]" time="0.001" /><testcase classname="tests.nanopynix.test_verbosity" name="test_normalize_log_level_accepts_nix_names[INFO-INFO]" time="0.001" /><testcase classname="tests.nanopynix.test_verbosity" name="test_normalize_log_level_accepts_nix_names[info-INFO]" time="0.001" /><testcase classname="tests.nanopynix.test_verbosity" name="test_normalize_log_level_accepts_nix_names[TALKATIVE-TALKATIVE]" time="0.001" /><testcase classname="tests.nanopynix.test_verbosity" name="test_normalize_log_level_accepts_nix_names[talkative-TALKATIVE]" time="0.001" /><testcase classname="tests.nanopynix.test_verbosity" name="test_normalize_log_level_accepts_nix_names[CHATTY-CHATTY]" time="0.001" /><testcase classname="tests.nanopynix.test_verbosity" name="test_normalize_log_level_accepts_nix_names[chatty-CHATTY]" time="0.001" /><testcase classname="tests.nanopynix.test_verbosity" name="test_normalize_log_level_accepts_nix_names[DEBUG-DEBUG]" time="0.001" /><testcase classname="tests.nanopynix.test_verbosity" name="test_normalize_log_level_accepts_nix_names[debug-DEBUG]" time="0.001" /><testcase classname="tests.nanopynix.test_verbosity" name="test_normalize_log_level_accepts_nix_names[VOMIT-VOMIT]" time="0.001" /><testcase classname="tests.nanopynix.test_verbosity" name="test_normalize_log_level_accepts_nix_names[vomit-VOMIT]" time="0.001" /><testcase classname="tests.nanopynix.test_verbosity" name="test_normalize_log_level_accepts_nix_names[lvlVomit-VOMIT]" time="0.002" /><testcase classname="tests.nanopynix.test_verbosity" name="test_normalize_log_level_rejects_invalid_values[-1]" time="0.001" /><testcase classname="tests.nanopynix.test_verbosity" name="test_normalize_log_level_rejects_invalid_values[8]" time="0.001" /><testcase classname="tests.nanopynix.test_verbosity" name="test_normalize_log_level_rejects_invalid_values[loud]" time="0.001" /><testcase classname="tests.nanopynix.test_verbosity" name="test_normalize_log_level_rejects_invalid_values[]" time="0.001" /><testcase classname="tests.nanopynix.test_verbosity" name="test_session_updates_live_worker_verbosity" time="0.186" /><testcase classname="tests.nanopynix_helpers.test_attr_path_search" name="test_parse_attr_path[-parts0]" time="0.001" /><testcase classname="tests.nanopynix_helpers.test_attr_path_search" name="test_parse_attr_path[a-parts1]" time="0.001" /><testcase classname="tests.nanopynix_helpers.test_attr_path_search" name="test_parse_attr_path[a.b.c-parts2]" time="0.001" /><testcase classname="tests.nanopynix_helpers.test_attr_path_search" name="test_parse_attr_path[a.-parts3]" time="0.001" /><testcase classname="tests.nanopynix_helpers.test_attr_path_search" name="test_parse_attr_path[a.&quot;b.c&quot;.d-parts4]" time="0.001" /><testcase classname="tests.nanopynix_helpers.test_attr_path_search" name="test_parse_attr_path[&quot;only&quot;-parts5]" time="0.001" /><testcase classname="tests.nanopynix_helpers.test_attr_path_search" name="test_parse_attr_path[a..b-parts6]" time="0.001" /><testcase classname="tests.nanopynix_helpers.test_attr_path_search" name="test_parse_attr_path[.a-parts7]" time="0.001" /><testcase classname="tests.nanopynix_helpers.test_attr_path_search" name="test_parse_attr_path_rejects_an_unclosed_quote" time="0.001" /><testcase classname="tests.nanopynix_helpers.test_attr_path_search" name="test_show_attr_paths[paths0-]" time="0.001" /><testcase classname="tests.nanopynix_helpers.test_attr_path_search" name="test_show_attr_paths[paths1-'a']" time="0.001" /><testcase classname="tests.nanopynix_helpers.test_attr_path_search" name="test_show_attr_paths[paths2-'a' or 'b']" time="0.001" /><testcase classname="tests.nanopynix_helpers.test_attr_path_search" name="test_show_attr_paths[paths3-'a', 'b' or 'c']" time="0.001" /><testcase classname="tests.nanopynix_helpers.test_attr_path_search" name="test_show_attr_paths[paths4-'a', 'b', 'c' or 'd']" time="0.001" /><testcase classname="tests.nanopynix_helpers.test_attr_path_search" name="test_no_fragment_gives_the_defaults" time="0.001" /><testcase classname="tests.nanopynix_helpers.test_attr_path_search" name="test_a_fragment_is_tried_under_each_prefix_and_then_bare" time="0.000" /><testcase classname="tests.nanopynix_helpers.test_attr_path_search" name="test_a_leading_dot_turns_every_prefix_off" time="0.000" /><testcase classname="tests.nanopynix_helpers.test_attr_path_search" name="test_a_leading_dot_keeps_the_rest_of_the_path" time="0.000" /><testcase classname="tests.nanopynix_helpers.test_attr_path_search" name="test_a_search_with_no_prefix_leaves_the_fragment_alone" time="0.000" /><testcase classname="tests.nanopynix_helpers.test_attr_path_search" name="test_an_empty_search_selects_nothing" time="0.001" /><testcase classname="tests.nanopynix_helpers.test_fod" name="test_extracts_only_the_exact_ansi_colored_nix_fod_shape" time="0.001" /><testcase classname="tests.nanopynix_helpers.test_fod" name="test_extracts_through_the_sequences_a_colour_pattern_misses" time="0.000" /><testcase classname="tests.nanopynix_helpers.test_fod" name="test_extract_unique_fod_hash_mismatch_rejects_multiple_events" time="0.001" /><testcase classname="tests.nanopynix_helpers.test_fod" name="test_replaces_one_plain_hash_literal" time="0.001" /><testcase classname="tests.nanopynix_helpers.test_fod" name="test_refuses_ambiguous_hash_literals" time="0.001" /><testcase classname="tests.nanopynix_helpers.test_fod" name="test_matches_run_command_output_hash_by_derivation_name" time="0.001" /><testcase classname="tests.nanopynix_helpers.test_fod" name="test_find_fod_hash_literal_prefers_an_exact_value_match_over_ambiguity" time="0.001" /><testcase classname="tests.nanopynix_helpers.test_fod" name="test_find_fod_hash_literal_raises_when_derivation_name_matches_nothing" time="0.001" /><testcase classname="tests.nanopynix_helpers.test_fod" name="test_find_fod_hash_literal_raises_when_no_candidates_exist" time="0.001" /><testcase classname="tests.nanopynix_helpers.test_fod" name="test_replace_fod_hash_rejects_a_computed_hash_with_unsafe_characters" time="0.001" /><testcase classname="tests.nanopynix_helpers.test_fod" name="test_find_fod_hash_literal_skips_a_non_runcommand_curried_call" time="0.001" /><testcase classname="tests.nanopynix_helpers.test_fod" name="test_find_fod_hash_literal_skips_inherit_statements_in_a_runcommand_binding_set" time="0.001" /><testcase classname="tests.nanopynix_helpers.test_fod" name="test_derivation_name_from_path_handles_missing_and_malformed_paths" time="0.001" /><testcase classname="tests.nanopynix_helpers.test_fod" name="test_evaluated_derivation_path_returns_none_without_a_type_attr" time="0.001" /><testcase classname="tests.nanopynix_helpers.test_fod" name="test_evaluated_derivation_path_returns_none_for_a_non_derivation_type" time="0.001" /><testcase classname="tests.nanopynix_helpers.test_fod" name="test_evaluated_derivation_path_returns_none_without_a_drvpath" time="0.001" /><testcase classname="tests.nanopynix_helpers.test_fod" name="test_evaluated_derivation_path_rejects_a_non_string_drvpath" time="0.001" /><testcase classname="tests.nanopynix_helpers.test_fod" name="test_fixed_output_derivations_in_closure_walks_input_drvs_once_each" time="0.001" /><testcase classname="tests.nanopynix_helpers.test_fod" name="test_mismatch_is_target_fod_is_true_without_a_drv_path" time="0.001" /><testcase classname="tests.nanopynix_helpers.test_fod" name="test_mismatch_is_target_fod_is_false_when_root_is_not_a_derivation" time="0.001" /><testcase classname="tests.nanopynix_helpers.test_fod" name="test_is_fixed_output_derivation_in_closure_true_via_matching_derivation_name" time="0.001" /><testcase classname="tests.nanopynix_helpers.test_fod" name="test_is_fixed_output_derivation_in_closure_false_when_name_match_is_not_fixed_output" time="0.001" /><testcase classname="tests.nanopynix_helpers.test_fod" name="test_is_fixed_output_derivation_in_closure_false_when_name_match_is_ambiguous" time="0.001" /><testcase classname="tests.pynix.test_build" name="test_build_missing_input_errors" time="0.003" /><testcase classname="tests.pynix.test_cli_defaults" name="test_the_built_in_default_applies_when_nothing_else_speaks" time="0.016" /><testcase classname="tests.pynix.test_cli_defaults" name="test_the_file_beats_the_built_in_default" time="0.019" /><testcase classname="tests.pynix.test_cli_defaults" name="test_the_environment_beats_the_file" time="0.009" /><testcase classname="tests.pynix.test_cli_defaults" name="test_the_flag_beats_the_environment" time="0.010" /><testcase classname="tests.pynix.test_cli_defaults" name="test_a_configured_store_becomes_the_default_of_a_command" time="0.003" /><testcase classname="tests.pynix.test_cli_defaults" name="test_a_configured_flag_that_is_true_can_still_be_turned_off" time="0.003" /><testcase classname="tests.pynix.test_cli_defaults" name="test_a_configured_store_does_not_refuse_a_namespaced_build" time="0.004" /><testcase classname="tests.pynix.test_cli_defaults" name="test_no_option_keeps_the_sentinel_after_the_command_is_built" time="0.003" /><testcase classname="tests.pynix.test_cli_defaults" name="test_explicit_holds_the_flags_and_nothing_else" time="0.004" /><testcase classname="tests.pynix.test_cli_defaults" name="test_the_two_models_that_share_a_name_do_not_fight_over_it" time="0.002" /><testcase classname="tests.pynix.test_cli_defaults" name="test_pynix_build_honours_the_substituters_of_the_environment" time="0.009" /><testcase classname="tests.pynix.test_cli_defaults" name="test_the_nix_settings_keep_their_environment_prefix" time="0.001" /><testcase classname="tests.pynix.test_cli_defaults" name="test_only_the_prefixed_spelling_reaches_a_nix_setting[PYNIX_NIX_CORES-9]" time="0.009" /><testcase classname="tests.pynix.test_cli_defaults" name="test_only_the_prefixed_spelling_reaches_a_nix_setting[cores-None]" time="0.009" /><testcase classname="tests.pynix.test_cli_defaults" name="test_a_common_word_in_the_environment_changes_no_setting" time="0.009" /><testcase classname="tests.pynix.test_cli_defaults" name="test_the_defaults_model_also_refuses_an_unprefixed_name" time="0.003" /><testcase classname="tests.pynix.test_cli_defaults" name="test_every_table_backed_model_still_reads_its_table" time="0.009" /><testcase classname="tests.pynix.test_cli_defaults" name="test_a_missing_configuration_file_is_not_an_error" time="0.003" /><testcase classname="tests.pynix.test_cli_defaults" name="test_a_file_with_neither_table_is_not_an_error" time="0.002" /><testcase classname="tests.pynix.test_cli_defaults" name="test_a_file_that_does_not_parse_names_itself" time="0.004" /><testcase classname="tests.pynix.test_cli_defaults" name="test_a_table_that_is_not_a_table_names_itself" time="0.003" /><testcase classname="tests.pynix.test_cli_defaults" name="test_an_unknown_key_is_reported_and_not_ignored" time="0.003" /><testcase classname="tests.pynix.test_cli_defaults" name="test_the_file_takes_the_nix_conf_spelling_of_a_list" time="0.009" /><testcase classname="tests.pynix.test_completion" name="test_completes_a_plain_dotted_chain_via_the_tree_tier" time="0.002" /><testcase classname="tests.pynix.test_completion" name="test_completes_a_bare_identifier_with_no_prefix" time="0.002" /><testcase classname="tests.pynix.test_completion" name="test_completes_after_an_arbitrary_expression_prefix" time="0.002" /><testcase classname="tests.pynix.test_completion" name="test_handles_a_dangling_dot_after_a_nested_chain" time="0.002" /><testcase classname="tests.pynix.test_completion" name="test_handles_a_dangling_dot_after_a_bare_name" time="0.002" /><testcase classname="tests.pynix.test_completion" name="test_handles_a_dangling_dot_after_an_arbitrary_expression" time="0.002" /><testcase classname="tests.pynix.test_completion" name="test_handles_a_dangling_dot_on_a_not_yet_assigned_definition_key" time="0.002" /><testcase classname="tests.pynix.test_completion" name="test_completes_from_a_string_interpolation_open" time="0.002" /><testcase classname="tests.pynix.test_completion" name="test_returns_none_for_a_dynamic_attrpath_segment" time="0.002" /><testcase classname="tests.pynix.test_completion" name="test_returns_none_with_nothing_completable_at_all" time="0.002" /><testcase classname="tests.pynix.test_completion" name="test_returns_none_after_trailing_whitespace_with_no_partial" time="0.002" /><testcase classname="tests.pynix.test_completion" name="test_returns_none_for_a_dotted_chain_inside_a_line_comment" time="0.001" /><testcase classname="tests.pynix.test_completion" name="test_returns_none_for_a_dotted_chain_inside_a_block_comment" time="0.001" /><testcase classname="tests.pynix.test_completion" name="test_falls_back_to_the_regex_tier_mid_token_inside_a_binding_attrpath" time="0.002" /><testcase classname="tests.pynix.test_config" name="test_config_show" time="0.002" /><testcase classname="tests.pynix.test_config" name="test_config_show_one_setting" time="0.002" /><testcase classname="tests.pynix.test_config" name="test_config_check" time="0.002" /><testcase classname="tests.pynix.test_config" name="test_config_current_system" time="0.002" /><testcase classname="tests.pynix.test_derivation_show" name="test_show_missing_both_errors" time="0.003" /><testcase classname="tests.pynix.test_derivation_show" name="test_show_both_file_and_flake_errors" time="0.004" /><testcase classname="tests.pynix.test_develop" name="test_a_command_after_the_double_dash_reaches_the_command_untouched" time="0.002" /><testcase classname="tests.pynix.test_develop" name="test_a_second_parse_does_not_inherit_the_first_command" time="0.003" /><testcase classname="tests.pynix.test_develop" name="test_a_flake_target_uses_the_nixpkgs_that_the_flake_locks" time="0.001" /><testcase classname="tests.pynix.test_develop" name="test_a_file_target_falls_back_to_the_registry" time="0.001" /><testcase classname="tests.pynix.test_develop" name="test_a_flake_that_locks_no_nixpkgs_falls_back_to_the_registry" time="0.001" /><testcase classname="tests.pynix.test_develop" name="test_a_nixpkgs_input_that_is_not_a_flake_falls_back" time="0.001" /><testcase classname="tests.pynix.test_develop" name="test_the_script_ends_in_exec_so_the_command_keeps_its_status" time="0.002" /><testcase classname="tests.pynix.test_develop" name="test_the_script_removes_its_own_directory_before_the_command_runs" time="0.002" /><testcase classname="tests.pynix.test_develop" name="test_an_interactive_script_reads_bashrc_first" time="0.002" /><testcase classname="tests.pynix.test_develop" name="test_an_interactive_script_overrides_shell_and_path" time="0.002" /><testcase classname="tests.pynix.test_develop" name="test_the_fallback_shell_does_not_touch_path" time="0.002" /><testcase classname="tests.pynix.test_develop" name="test_a_command_gets_no_shell_line" time="0.002" /><testcase classname="tests.pynix.test_develop" name="test_an_output_path_is_rewritten_to_the_outputs_directory" time="0.001" /><testcase classname="tests.pynix.test_develop" name="test_quote_always_quotes_like_nix[plain-'plain']" time="0.001" /><testcase classname="tests.pynix.test_develop" name="test_quote_always_quotes_like_nix[-'']" time="0.001" /><testcase classname="tests.pynix.test_develop" name="test_quote_always_quotes_like_nix[a b-'a b']" time="0.001" /><testcase classname="tests.pynix.test_develop" name="test_quote_always_quotes_like_nix[it's-'it'\\''s']" time="0.001" /><testcase classname="tests.pynix.test_develop" name="test_quote_always_quotes_like_nix[$HOME-'$HOME']" time="0.001" /><testcase classname="tests.pynix.test_error_output" name="test_a_message_of_nix_keeps_its_colour_on_a_terminal" time="0.002" /><testcase classname="tests.pynix.test_error_output" name="test_interpolation_breaks_the_same_message" time="0.002" /><testcase classname="tests.pynix.test_error_output" name="test_no_terminal_drops_the_colour_and_keeps_the_words" time="0.001" /><testcase classname="tests.pynix.test_error_output" name="test_a_message_of_pynix_is_not_read_as_markup" time="0.001" /><testcase classname="tests.pynix.test_error_output" name="test_error_exit_chains_the_cause" time="0.001" /><testcase classname="tests.pynix.test_error_output" name="test_error_exit_writes_to_stderr" time="0.001" /><testcase classname="tests.pynix.test_eval" name="test_eval_attr_without_file_or_flake_errors" time="0.003" /><testcase classname="tests.pynix.test_eval" name="test_eval_expr_combined_with_file_errors" time="0.004" /><testcase classname="tests.pynix.test_flake_unit" name="test_build_tree_marks_unresolved_when_get_type_raises" time="0.001" /><testcase classname="tests.pynix.test_flake_unit" name="test_build_tree_renders_list_values_and_truncates_past_ten" time="0.001" /><testcase classname="tests.pynix.test_flake_unit" name="test_build_tree_renders_a_short_list_without_a_more_items_message" time="0.001" /><testcase classname="tests.pynix.test_flake_unit" name="test_build_tree_stops_list_rendering_once_the_budget_is_exhausted" time="0.001" /><testcase classname="tests.pynix.test_flake_unit" name="test_build_tree_renders_thunk_as_a_dim_leaf" time="0.001" /><testcase classname="tests.pynix.test_flake_unit" name="test_format_attr_covers_the_remaining_scalar_types" time="0.001" /><testcase classname="tests.pynix.test_jsonschema" name="test_validate_flags_an_unknown_property" time="0.001" /><testcase classname="tests.pynix.test_jsonschema" name="test_validate_flags_an_unknown_nested_property" time="0.001" /><testcase classname="tests.pynix.test_jsonschema" name="test_validate_flags_a_missing_required_property" time="0.001" /><testcase classname="tests.pynix.test_jsonschema" name="test_validate_flags_a_type_mismatch" time="0.001" /><testcase classname="tests.pynix.test_jsonschema" name="test_validate_accepts_a_conforming_value" time="0.001" /><testcase classname="tests.pynix.test_jsonschema" name="test_validate_does_not_flag_a_map_shaped_additional_property" time="0.001" /><testcase classname="tests.pynix.test_jsonschema" name="test_walk_resolves_a_top_level_property" time="0.001" /><testcase classname="tests.pynix.test_jsonschema" name="test_walk_resolves_a_nested_property" time="0.001" /><testcase classname="tests.pynix.test_jsonschema" name="test_walk_returns_none_for_an_unknown_property" time="0.001" /><testcase classname="tests.pynix.test_jsonschema" name="test_list_properties_lists_top_level_names" time="0.001" /><testcase classname="tests.pynix.test_jsonschema" name="test_list_properties_lists_nested_names" time="0.001" /><testcase classname="tests.pynix.test_jsonschema" name="test_render_includes_description_and_type" time="0.001" /><testcase classname="tests.pynix.test_jsonschema" name="test_render_includes_deprecated" time="0.001" /><testcase classname="tests.pynix.test_jsonschema" name="test_render_includes_read_only_for_computed_attributes" time="0.001" /><testcase classname="tests.pynix.test_jsonschema" name="test_render_includes_x_computed_annotation" time="0.001" /><testcase classname="tests.pynix.test_jsonschema" name="test_render_falls_back_when_nothing_to_say" time="0.001" /><testcase classname="tests.pynix.test_jsonschema" name="test_walk_resolves_a_top_level_ref" time="0.001" /><testcase classname="tests.pynix.test_jsonschema" name="test_walk_follows_a_ref_through_a_nested_property" time="0.001" /><testcase classname="tests.pynix.test_jsonschema" name="test_list_properties_follows_a_ref" time="0.001" /><testcase classname="tests.pynix.test_jsonschema" name="test_render_follows_a_ref" time="0.001" /><testcase classname="tests.pynix.test_jsonschema" name="test_ref_resolution_is_a_no_op_for_a_schema_with_no_ref" time="0.001" /><testcase classname="tests.pynix.test_lsp" name="test_parse_directives_missing_returns_empty" time="0.001" /><testcase classname="tests.pynix.test_lsp" name="test_parse_directives_finds_a_well_formed_header" time="0.001" /><testcase classname="tests.pynix.test_lsp" name="test_parse_directives_finds_multiple_headers" time="0.001" /><testcase classname="tests.pynix.test_lsp" name="test_parse_directives_allows_a_license_header_first" time="0.001" /><testcase classname="tests.pynix.test_lsp" name="test_parse_directives_records_the_directives_true_source_line" time="0.001" /><testcase classname="tests.pynix.test_lsp" name="test_parse_directives_ignores_a_directive_past_the_scan_window" time="0.001" /><testcase classname="tests.pynix.test_lsp" name="test_parse_directives_rejects_a_malformed_line" time="0.001" /><testcase classname="tests.pynix.test_lsp" name="test_identifier_path_at_resolves_a_multi_segment_attrpath" time="0.002" /><testcase classname="tests.pynix.test_lsp" name="test_identifier_path_at_resolves_the_final_segment" time="0.002" /><testcase classname="tests.pynix.test_lsp" name="test_identifier_path_at_resolves_a_bare_variable" time="0.002" /><testcase classname="tests.pynix.test_lsp" name="test_identifier_path_at_returns_none_off_an_identifier" time="0.003" /><testcase classname="tests.pynix.test_lsp" name="test_identifier_path_at_resolves_a_binding_attrpath_key" time="0.002" /><testcase classname="tests.pynix.test_lsp" name="test_string_literal_path_at_truncates_to_the_segment_under_the_cursor" time="0.001" /><testcase classname="tests.pynix.test_lsp" name="test_string_literal_path_at_truncates_through_a_middle_segment" time="0.001" /><testcase classname="tests.pynix.test_lsp" name="test_string_literal_path_at_on_the_final_segment_returns_the_whole_chain" time="0.001" /><testcase classname="tests.pynix.test_lsp" name="test_completion_target_at_splits_prefix_and_partial" time="0.002" /><testcase classname="tests.pynix.test_lsp" name="test_completion_target_at_handles_a_trailing_dot" time="0.003" /><testcase classname="tests.pynix.test_lsp" name="test_completion_target_at_returns_none_with_no_identifier_before_cursor" time="0.002" /><testcase classname="tests.pynix.test_lsp" name="test_parse_errors_flags_broken_syntax" time="0.001" /><testcase classname="tests.pynix.test_lsp" name="test_parse_errors_is_empty_for_valid_syntax" time="0.001" /><testcase classname="tests.pynix.test_lsp" name="test_top_level_symbols_lists_bindings" time="0.002" /><testcase classname="tests.pynix.test_lsp" name="test_top_level_lambda_formals_lists_declared_names" time="0.002" /><testcase classname="tests.pynix.test_lsp" name="test_top_level_lambda_formals_returns_none_for_a_plain_attrset" time="0.001" /><testcase classname="tests.pynix.test_lsp" name="test_top_level_lambda_formals_returns_none_for_a_single_identifier_lambda" time="0.001" /><testcase classname="tests.pynix.test_lsp" name="test_cursor_after_finds_the_default_offset_of_one" time="0.001" /><testcase classname="tests.pynix.test_lsp" name="test_cursor_after_finds_the_targets_own_line_without_a_needle" time="0.001" /><testcase classname="tests.pynix.test_lsp" name="test_cursor_after_respects_a_custom_offset" time="0.001" /><testcase classname="tests.pynix.test_lsp" name="test_cursor_after_narrows_the_search_with_a_needle" time="0.001" /><testcase classname="tests.pynix.test_lsp_e2e" name="test_completion_advertises_dot_as_a_trigger_character" time="2.970" /><testcase classname="tests.pynix.test_lsp_e2e" name="test_server_advertises_definition_rename_highlight_and_references_capabilities" time="0.001" /><testcase classname="tests.pynix.test_lsp_e2e" name="test_e2e_bare_attrpath_completion_falls_back_to_the_options_tree" time="1.940" /><testcase classname="tests.pynix.test_lsp_e2e" name="test_e2e_pkgs_completion_lists_real_nixpkgs_attributes" time="0.231" /><testcase classname="tests.pynix.test_lsp_e2e" name="test_e2e_hover_shows_the_declared_option" time="0.047" /><testcase classname="tests.pynix.test_lsp_e2e" name="test_e2e_go_to_definition_on_a_nixos_option_reference_lands_on_its_declaration" time="0.046" /><testcase classname="tests.pynix.test_lsp_e2e" name="test_e2e_renaming_a_let_binding_updates_every_reference_over_real_stdio" time="0.660" /><testcase classname="tests.pynix.test_nix_logs" name="test_nix_log_forwarder_skips_empty_activity_events" time="0.003" /><testcase classname="tests.pynix.test_pynix_process_title" name="test_main_identifies_pynix_manager" time="0.003" /><testcase classname="tests.pynix.test_repl" name="test_repl_history_uses_xdg_state_home" time="0.003" /><testcase classname="tests.pynix.test_repl" name="test_repl_loop_keeps_bindings_and_prints_expression_values" time="0.003" /><testcase classname="tests.pynix.test_repl" name="test_repl_load_command_uses_repl_load_file" time="0.002" /><testcase classname="tests.pynix.test_repl" name="test_repl_loads_file_target_into_initial_scope" time="0.003" /><testcase classname="tests.pynix.test_repl" name="test_repl_last_loaded_includes_initial_target" time="0.002" /><testcase classname="tests.pynix.test_repl" name="test_repl_verbosity_shows_and_updates_nix_log_level" time="0.003" /><testcase classname="tests.pynix.test_repl" name="test_repl_preserves_nix_error_ansi" time="0.002" /><testcase classname="tests.pynix.test_repl" name="test_editor_argv_only_includes_line_for_line_aware_editors" time="0.002" /><testcase classname="tests.pynix.test_repl" name="test_repl_edit_reloads_initial_sources" time="0.003" /><testcase classname="tests.pynix.test_repl" name="test_repl_run_prefers_meta_main_program" time="0.008" /><testcase classname="tests.pynix.test_repl" name="test_repl_run_command_runs_evaluated_derivation" time="0.006" /><testcase classname="tests.pynix.test_repl" name="test_repl_exec_runs_realised_argv_list" time="0.007" /><testcase classname="tests.pynix.test_repl" name="test_repl_shell_runs_realised_string" time="0.006" /><testcase classname="tests.pynix.test_repl" name="test_repl_run_warns_when_using_pname" time="0.001" /><testcase classname="tests.pynix.test_repl" name="test_repl_completion_uses_commands_scope_and_attrsets" time="0.007" /><testcase classname="tests.pynix.test_repl" name="test_repl_completer_sync_hook_returns_no_completions" time="0.001" /><testcase classname="tests.pynix.test_repl" name="test_repl_completer_returns_nothing_for_a_non_expression_command" time="0.001" /><testcase classname="tests.pynix.test_repl" name="test_repl_completer_returns_nothing_when_cursor_has_no_completable_target" time="0.002" /><testcase classname="tests.pynix.test_repl" name="test_repl_completer_swallows_nix_errors_from_attr_lookup" time="0.002" /><testcase classname="tests.pynix.test_repl" name="test_repl_tree_sitter_lexer_highlights_nix_expression" time="0.004" /><testcase classname="tests.pynix.test_repl" name="test_repl_tree_sitter_lexer_highlights_plain_variable_references" time="0.002" /><testcase classname="tests.pynix.test_repl" name="test_repl_tree_sitter_lexer_skips_highlighting_for_non_expression_input" time="0.002" /><testcase classname="tests.pynix.test_repl" name="test_repl_is_a_pynix_subcommand" time="0.002" /><testcase classname="tests.pynix.test_repl" name="test_repl_accepts_file_and_attr_options" time="0.004" /><testcase classname="tests.pynix.test_repl" name="test_nix_input_plain_expression_has_zero_offset" time="0.001" /><testcase classname="tests.pynix.test_repl" name="test_nix_input_returns_none_for_command_without_argument" time="0.001" /><testcase classname="tests.pynix.test_repl" name="test_nix_input_returns_none_for_non_expression_command" time="0.001" /><testcase classname="tests.pynix.test_repl" name="test_nix_input_returns_argument_and_offset_for_expression_command" time="0.001" /><testcase classname="tests.pynix.test_repl" name="test_repl_loop_returns_quietly_on_eof" time="0.001" /><testcase classname="tests.pynix.test_repl" name="test_repl_loop_recovers_from_keyboard_interrupt" time="0.001" /><testcase classname="tests.pynix.test_repl" name="test_repl_loop_skips_blank_lines" time="0.001" /><testcase classname="tests.pynix.test_repl" name="test_repl_loop_help_command_reprints_help" time="0.002" /><testcase classname="tests.pynix.test_repl" name="test_repl_loop_unknown_command_reports_error" time="0.002" /><testcase classname="tests.pynix.test_repl" name="test_repl_loop_print_command_evaluates_expression" time="0.002" /><testcase classname="tests.pynix.test_repl" name="test_repl_loop_type_command_shows_nix_type" time="0.002" /><testcase classname="tests.pynix.test_repl" name="test_repl_loop_build_command_prints_outputs" time="0.002" /><testcase classname="tests.pynix.test_repl" name="test_repl_loop_add_command_adds_attrs" time="0.002" /><testcase classname="tests.pynix.test_repl" name="test_repl_loop_load_flake_command_uses_repl_eval_flake" time="0.002" /><testcase classname="tests.pynix.test_repl" name="test_repl_loop_reload_command_reruns_loaded_sources" time="0.001" /><testcase classname="tests.pynix.test_repl" name="test_repl_loop_verbosity_reports_invalid_level" time="0.002" /><testcase classname="tests.pynix.test_repl" name="test_repl_loop_reports_nix_error_from_a_line_expression" time="0.002" /><testcase classname="tests.pynix.test_repl" name="test_print_error_formats_repl_run_error_as_plain_text" time="0.001" /><testcase classname="tests.pynix.test_repl" name="test_load_initial_target_returns_empty_when_no_file_or_flake_given" time="0.001" /><testcase classname="tests.pynix.test_repl" name="test_run_derivation_prints_main_program_fallback_warning" time="0.006" /><testcase classname="tests.pynix.test_repl" name="test_run_derivation_reports_exec_failure" time="0.003" /><testcase classname="tests.pynix.test_repl" name="test_run_derivation_warns_on_nonzero_exit" time="0.006" /><testcase classname="tests.pynix.test_repl" name="test_editor_argv_rejects_unparsable_editor" time="0.002" /><testcase classname="tests.pynix.test_repl" name="test_editor_argv_rejects_empty_editor" time="0.002" /><testcase classname="tests.pynix.test_repl" name="test_edit_runs_editor_and_returns_code" time="0.006" /><testcase classname="tests.pynix.test_repl" name="test_edit_reports_launch_failure" time="0.002" /><testcase classname="tests.pynix.test_repl" name="test_edit_warns_on_nonzero_exit" time="0.007" /><testcase classname="tests.pynix.test_repl" name="test_exec_argv_rejects_empty_list" time="0.002" /><testcase classname="tests.pynix.test_repl" name="test_exec_argv_reports_launch_failure" time="0.002" /><testcase classname="tests.pynix.test_repl" name="test_exec_argv_warns_on_nonzero_exit" time="0.005" /><testcase classname="tests.pynix.test_repl" name="test_primary_output_rejects_missing_out" time="0.001" /><testcase classname="tests.pynix.test_repl" name="test_shell_rejects_empty_command" time="0.002" /><testcase classname="tests.pynix.test_repl" name="test_shell_reports_launch_failure" time="0.002" /><testcase classname="tests.pynix.test_repl" name="test_shell_warns_on_nonzero_exit" time="0.005" /><testcase classname="tests.pynix.test_repl" name="test_main_program_falls_back_to_pname_when_meta_lacks_main_program" time="0.001" /><testcase classname="tests.pynix.test_repl" name="test_main_program_rejects_non_string_meta_main_program" time="0.002" /><testcase classname="tests.pynix.test_repl" name="test_main_program_rejects_non_string_pname" time="0.001" /><testcase classname="tests.pynix.test_repl" name="test_main_program_rejects_derivation_with_no_identifying_attrs" time="0.001" /><testcase classname="tests.pynix.test_repl" name="test_main_program_rejects_non_string_name" time="0.001" /><testcase classname="tests.pynix.test_repl" name="test_main_program_falls_back_to_derivation_name" time="0.001" /><testcase classname="tests.pynix.test_repl" name="test_derivation_name_part_keeps_dashless_names_whole" time="0.001" /><testcase classname="tests.pynix.test_repl" name="test_repl_run_rejects_mutually_exclusive_file_and_flake" time="0.004" /><testcase classname="tests.pynix.test_repl" name="test_repl_loop_returns_to_the_prompt_when_ctrl_c_stops_an_evaluation" time="0.003" /><testcase classname="tests.pynix.test_repl" name="test_the_repl_leaves_when_the_evaluator_is_abandoned" time="0.002" /><testcase classname="tests.pynix.test_repl" name="test_the_repl_leaves_no_sigint_handler_behind" time="0.001" /><testcase classname="tests.pynix.test_store_gc" name="test_print_dead_help" time="0.002" /><testcase classname="tests.pynix.test_store_gc" name="test_store_cat_local_path_mapping_unit" time="0.004" /><testcase classname="tests.pynix.test_store_gc" name="test_store_ls_local_path_mapping_unit" time="0.005" /><testcase classname="tests.pynix.test_store_gc" name="test_store_diff_closures_reports_added_removed_and_size_delta" time="0.005" /><testcase classname="tests.pynix.test_syntax_scope" name="test_let_binding_definition_finds_every_reference" time="0.002" /><testcase classname="tests.pynix.test_syntax_scope" name="test_let_binding_reference_resolves_back_to_the_same_scope_as_its_definition" time="0.003" /><testcase classname="tests.pynix.test_syntax_scope" name="test_a_nested_let_binding_with_the_same_name_shadows_the_outer_one" time="0.002" /><testcase classname="tests.pynix.test_syntax_scope" name="test_a_formals_default_expression_sees_a_sibling_formal" time="0.002" /><testcase classname="tests.pynix.test_syntax_scope" name="test_renaming_a_formal_from_a_reference_site_finds_the_same_scope_as_from_its_definition" time="0.004" /><testcase classname="tests.pynix.test_syntax_scope" name="test_a_universal_at_pattern_binding_is_renameable" time="0.002" /><testcase classname="tests.pynix.test_syntax_scope" name="test_an_inherited_name_is_not_renameable_and_does_not_fall_through_to_an_outer_scope" time="0.001" /><testcase classname="tests.pynix.test_syntax_scope" name="test_a_multi_segment_attrpath_binding_is_not_renameable" time="0.001" /><testcase classname="tests.pynix.test_syntax_scope" name="test_a_module_system_option_path_has_no_local_scope" time="0.001" /><testcase classname="tests.pynix.test_syntax_scope" name="test_path_literal_at_returns_the_raw_source_text" time="0.001" /><testcase classname="tests.pynix.test_syntax_scope" name="test_path_literal_at_returns_none_for_an_interpolated_path" time="0.001" /><testcase classname="tests.pynix.test_syntax_scope" name="test_path_literal_at_returns_none_outside_any_path_literal" time="0.001" /><testcase classname="tests.pynix.test_target_unit" name="test_evaluate_target_with_a_file_skips_auto_call_by_default" time="0.003" /><testcase classname="tests.pynix.test_target_unit" name="test_evaluate_target_raises_if_flake_is_missing_after_bypassing_validate" time="0.002" /><testcase classname="tests.pynix.test_target_unit" name="test_select_attr_rejects_an_empty_attrpath_component" time="0.002" /><testcase classname="tests.pynix.test_target_unit" name="test_a_local_file_keeps_its_whole_argument" time="0.003" /><testcase classname="tests.pynix.test_target_unit" name="test_a_local_file_splits_its_fragment" time="0.003" /><testcase classname="tests.pynix.test_target_unit" name="test_a_local_directory_wins_over_the_registry" time="0.002" /><testcase classname="tests.pynix.test_target_unit" name="test_a_written_path_stays_a_path_when_it_is_absent[./missing.nix]" time="0.003" /><testcase classname="tests.pynix.test_target_unit" name="test_a_written_path_stays_a_path_when_it_is_absent[../missing.nix]" time="0.003" /><testcase classname="tests.pynix.test_target_unit" name="test_a_written_path_stays_a_path_when_it_is_absent[/etc/missing.nix]" time="0.003" /><testcase classname="tests.pynix.test_target_unit" name="test_a_written_path_stays_a_path_when_it_is_absent[~/missing.nix]" time="0.002" /><testcase classname="tests.pynix.test_target_unit" name="test_a_written_path_still_splits_its_fragment" time="0.002" /><testcase classname="tests.pynix.test_target_unit" name="test_the_evaluator_keeps_what_it_resolves_itself[&lt;nixpkgs&gt;]" time="0.003" /><testcase classname="tests.pynix.test_target_unit" name="test_the_evaluator_keeps_what_it_resolves_itself[channel:nixos-unstable]" time="0.002" /><testcase classname="tests.pynix.test_target_unit" name="test_the_evaluator_keeps_what_it_resolves_itself[https://example.com/x.tar.gz]" time="0.002" /><testcase classname="tests.pynix.test_target_unit" name="test_the_evaluator_keeps_what_it_resolves_itself[flake:nixpkgs]" time="0.002" /><testcase classname="tests.pynix.test_target_unit" name="test_a_pseudo_url_survives_its_double_slash" time="0.003" /><testcase classname="tests.pynix.test_target_unit" name="test_a_reference_that_carries_a_scheme_goes_straight_to_the_registry[github:NixOS/nixpkgs-flake:github:NixOS/nixpkgs]" time="0.003" /><testcase classname="tests.pynix.test_target_unit" name="test_a_reference_that_carries_a_scheme_goes_straight_to_the_registry[git+https://example.com/x-flake:git+https://example.com/x]" time="0.003" /><testcase classname="tests.pynix.test_target_unit" name="test_a_reference_that_carries_a_scheme_goes_straight_to_the_registry[path:/tmp/tree-flake:path:/tmp/tree]" time="0.003" /><testcase classname="tests.pynix.test_target_unit" name="test_a_bare_name_asks_the_lookup_path_before_the_registry[nixpkgs]" time="0.003" /><testcase classname="tests.pynix.test_target_unit" name="test_a_bare_name_asks_the_lookup_path_before_the_registry[nixpkgs/nixos-25.05]" time="0.004" /><testcase classname="tests.pynix.test_target_unit" name="test_a_reference_splits_its_fragment" time="0.004" /><testcase classname="tests.pynix.test_target_unit" name="test_an_empty_fragment_is_no_fragment" time="0.003" /><testcase classname="tests.pynix.test_target_unit" name="test_an_empty_argument_is_an_error" time="0.002" /><testcase classname="tests.pynix.test_target_unit" name="test_a_bare_fragment_is_an_error" time="0.003" /><testcase classname="tests.pynix.test_target_unit" name="test_standard_input_is_refused_by_name" time="0.002" /><testcase classname="tests.pynix.test_target_unit" name="test_the_target_resolves_its_own_file" time="0.004" /><testcase classname="tests.pynix.test_target_unit" name="test_a_fragment_selects_after_the_file" time="0.004" /><testcase classname="tests.pynix.test_target_unit" name="test_the_base_search_matches_source_expr_command" time="0.002" /><testcase classname="tests.pynix.test_target_unit" name="test_the_dev_shell_search_puts_dev_shells_in_front" time="0.002" /><testcase classname="tests.pynix.test_target_unit" name="test_the_app_search_puts_apps_in_front" time="0.002" /><testcase classname="tests.pynix.test_target_unit" name="test_the_formatter_search_has_no_prefix" time="0.002" /><testcase classname="tests.pynix.test_target_unit" name="test_the_repl_search_defaults_to_the_root" time="0.002" /><testcase classname="tests.pynix.test_target_unit" name="test_the_lookup_path_answers_before_the_registry" time="0.002" /><testcase classname="tests.pynix.test_target_unit" name="test_the_registry_answers_when_the_lookup_path_has_no_such_name" time="0.002" /><testcase classname="tests.pynix.test_target_unit" name="test_a_found_name_that_fails_to_evaluate_keeps_its_own_error" time="0.002" /><testcase classname="tests.pynix.test_target_unit" name="test_the_last_error_survives_when_no_candidate_answers" time="0.002" /><testcase classname="tests.pynix.test_terranix_jsonschema" name="test_cty_type_translates_primitives" time="0.002" /><testcase classname="tests.pynix.test_terranix_jsonschema" name="test_cty_type_translates_list_and_set" time="0.001" /><testcase classname="tests.pynix.test_terranix_jsonschema" name="test_cty_type_translates_map" time="0.001" /><testcase classname="tests.pynix.test_terranix_jsonschema" name="test_cty_type_translates_object" time="0.001" /><testcase classname="tests.pynix.test_terranix_jsonschema" name="test_cty_type_translates_tuple" time="0.002" /><testcase classname="tests.pynix.test_terranix_jsonschema" name="test_cty_type_translates_dynamic_as_unconstrained" time="0.001" /><testcase classname="tests.pynix.test_terranix_jsonschema" name="test_attribute_marks_pure_computed_as_read_only" time="0.001" /><testcase classname="tests.pynix.test_terranix_jsonschema" name="test_attribute_marks_computed_and_optional_with_vendor_extension" time="0.001" /><testcase classname="tests.pynix.test_terranix_jsonschema" name="test_attribute_carries_description_and_deprecated" time="0.001" /><testcase classname="tests.pynix.test_terranix_jsonschema" name="test_block_hoists_required_attributes" time="0.001" /><testcase classname="tests.pynix.test_terranix_jsonschema" name="test_block_converts_nested_single_block_as_object" time="0.005" /><testcase classname="tests.pynix.test_terranix_jsonschema" name="test_block_converts_nested_list_block_as_array_of_object" time="0.001" /><testcase classname="tests.pynix.test_terranix_jsonschema" name="test_block_carries_its_own_description_and_deprecated" time="0.001" /><testcase classname="tests.pynix.test_terranix_jsonschema" name="test_block_without_a_description_omits_the_key" time="0.001" /><testcase classname="tests.pynix.test_terranix_jsonschema" name="test_converted_block_validates_via_the_generic_engine" time="16.471" /></testsuite></testsuites>